Archive member included to satisfy reference by file (symbol)

c:/program files (x86)/atmel/studio/7.0/toolchain/arm/arm-gnu-toolchain/bin/../lib/gcc/arm-none-eabi/6.3.1/../../../../arm-none-eabi/lib/thumb/v7e-m\libc.a(lib_a-exit.o)
                              c:/program files (x86)/atmel/studio/7.0/toolchain/arm/arm-gnu-toolchain/bin/../lib/gcc/arm-none-eabi/6.3.1/../../../../arm-none-eabi/lib/thumb/v7e-m/crt0.o (exit)
c:/program files (x86)/atmel/studio/7.0/toolchain/arm/arm-gnu-toolchain/bin/../lib/gcc/arm-none-eabi/6.3.1/../../../../arm-none-eabi/lib/thumb/v7e-m\libc.a(lib_a-impure.o)
                              c:/program files (x86)/atmel/studio/7.0/toolchain/arm/arm-gnu-toolchain/bin/../lib/gcc/arm-none-eabi/6.3.1/../../../../arm-none-eabi/lib/thumb/v7e-m\libc.a(lib_a-exit.o) (_global_impure_ptr)
c:/program files (x86)/atmel/studio/7.0/toolchain/arm/arm-gnu-toolchain/bin/../lib/gcc/arm-none-eabi/6.3.1/../../../../arm-none-eabi/lib/thumb/v7e-m\libc.a(lib_a-init.o)
                              c:/program files (x86)/atmel/studio/7.0/toolchain/arm/arm-gnu-toolchain/bin/../lib/gcc/arm-none-eabi/6.3.1/../../../../arm-none-eabi/lib/thumb/v7e-m/crt0.o (__libc_init_array)
c:/program files (x86)/atmel/studio/7.0/toolchain/arm/arm-gnu-toolchain/bin/../lib/gcc/arm-none-eabi/6.3.1/../../../../arm-none-eabi/lib/thumb/v7e-m\libc.a(lib_a-iprintf.o)
                              src/tc_capture_waveform_example.o (iprintf)
c:/program files (x86)/atmel/studio/7.0/toolchain/arm/arm-gnu-toolchain/bin/../lib/gcc/arm-none-eabi/6.3.1/../../../../arm-none-eabi/lib/thumb/v7e-m\libc.a(lib_a-iscanf.o)
                              src/tc_capture_waveform_example.o (iscanf)
c:/program files (x86)/atmel/studio/7.0/toolchain/arm/arm-gnu-toolchain/bin/../lib/gcc/arm-none-eabi/6.3.1/../../../../arm-none-eabi/lib/thumb/v7e-m\libc.a(lib_a-memset.o)
                              c:/program files (x86)/atmel/studio/7.0/toolchain/arm/arm-gnu-toolchain/bin/../lib/gcc/arm-none-eabi/6.3.1/../../../../arm-none-eabi/lib/thumb/v7e-m/crt0.o (memset)
c:/program files (x86)/atmel/studio/7.0/toolchain/arm/arm-gnu-toolchain/bin/../lib/gcc/arm-none-eabi/6.3.1/../../../../arm-none-eabi/lib/thumb/v7e-m\libc.a(lib_a-puts.o)
                              src/tc_capture_waveform_example.o (puts)
c:/program files (x86)/atmel/studio/7.0/toolchain/arm/arm-gnu-toolchain/bin/../lib/gcc/arm-none-eabi/6.3.1/../../../../arm-none-eabi/lib/thumb/v7e-m\libc.a(lib_a-setbuf.o)
                              src/tc_capture_waveform_example.o (setbuf)
c:/program files (x86)/atmel/studio/7.0/toolchain/arm/arm-gnu-toolchain/bin/../lib/gcc/arm-none-eabi/6.3.1/../../../../arm-none-eabi/lib/thumb/v7e-m\libc.a(lib_a-setvbuf.o)
                              c:/program files (x86)/atmel/studio/7.0/toolchain/arm/arm-gnu-toolchain/bin/../lib/gcc/arm-none-eabi/6.3.1/../../../../arm-none-eabi/lib/thumb/v7e-m\libc.a(lib_a-setbuf.o) (setvbuf)
c:/program files (x86)/atmel/studio/7.0/toolchain/arm/arm-gnu-toolchain/bin/../lib/gcc/arm-none-eabi/6.3.1/../../../../arm-none-eabi/lib/thumb/v7e-m\libc.a(lib_a-strlen.o)
                              c:/program files (x86)/atmel/studio/7.0/toolchain/arm/arm-gnu-toolchain/bin/../lib/gcc/arm-none-eabi/6.3.1/../../../../arm-none-eabi/lib/thumb/v7e-m\libc.a(lib_a-puts.o) (strlen)
c:/program files (x86)/atmel/studio/7.0/toolchain/arm/arm-gnu-toolchain/bin/../lib/gcc/arm-none-eabi/6.3.1/../../../../arm-none-eabi/lib/thumb/v7e-m\libc.a(lib_a-vfiprintf.o)
                              c:/program files (x86)/atmel/studio/7.0/toolchain/arm/arm-gnu-toolchain/bin/../lib/gcc/arm-none-eabi/6.3.1/../../../../arm-none-eabi/lib/thumb/v7e-m\libc.a(lib_a-iprintf.o) (_vfiprintf_r)
c:/program files (x86)/atmel/studio/7.0/toolchain/arm/arm-gnu-toolchain/bin/../lib/gcc/arm-none-eabi/6.3.1/../../../../arm-none-eabi/lib/thumb/v7e-m\libc.a(lib_a-vfiscanf.o)
                              c:/program files (x86)/atmel/studio/7.0/toolchain/arm/arm-gnu-toolchain/bin/../lib/gcc/arm-none-eabi/6.3.1/../../../../arm-none-eabi/lib/thumb/v7e-m\libc.a(lib_a-iscanf.o) (__svfiscanf_r)
c:/program files (x86)/atmel/studio/7.0/toolchain/arm/arm-gnu-toolchain/bin/../lib/gcc/arm-none-eabi/6.3.1/../../../../arm-none-eabi/lib/thumb/v7e-m\libc.a(lib_a-wsetup.o)
                              c:/program files (x86)/atmel/studio/7.0/toolchain/arm/arm-gnu-toolchain/bin/../lib/gcc/arm-none-eabi/6.3.1/../../../../arm-none-eabi/lib/thumb/v7e-m\libc.a(lib_a-vfiprintf.o) (__swsetup_r)
c:/program files (x86)/atmel/studio/7.0/toolchain/arm/arm-gnu-toolchain/bin/../lib/gcc/arm-none-eabi/6.3.1/../../../../arm-none-eabi/lib/thumb/v7e-m\libc.a(lib_a-__call_atexit.o)
                              c:/program files (x86)/atmel/studio/7.0/toolchain/arm/arm-gnu-toolchain/bin/../lib/gcc/arm-none-eabi/6.3.1/../../../../arm-none-eabi/lib/thumb/v7e-m\libc.a(lib_a-exit.o) (__call_exitprocs)
[...]
Memory Configuration

Name             Origin             Length             Attributes
rom              0x00400000         0x00080000         xr
ram              0x20000000         0x00018000         xrw
*default*        0x00000000         0xffffffff

Linker script and memory map

LOAD c:/program files (x86)/atmel/studio/7.0/toolchain/arm/arm-gnu-toolchain/bin/../lib/gcc/arm-none-eabi/6.3.1/thumb/v7e-m/crti.o
LOAD c:/program files (x86)/atmel/studio/7.0/toolchain/arm/arm-gnu-toolchain/bin/../lib/gcc/arm-none-eabi/6.3.1/thumb/v7e-m/crtbegin.o
LOAD c:/program files (x86)/atmel/studio/7.0/toolchain/arm/arm-gnu-toolchain/bin/../lib/gcc/arm-none-eabi/6.3.1/../../../../arm-none-eabi/lib/thumb/v7e-m/crt0.o
LOAD src/ASF/common/services/clock/samg/sysclk.o
LOAD src/ASF/common/services/serial/usart_serial.o
LOAD src/ASF/common/utils/interrupt/interrupt_sam_nvic.o
LOAD src/ASF/common/utils/stdio/read.o
LOAD src/ASF/common/utils/stdio/write.o
LOAD src/ASF/sam/boards/samg53_xplained_pro/board_init.o
LOAD src/ASF/sam/drivers/efc/efc.o
LOAD src/ASF/sam/drivers/pmc/pmc.o
LOAD src/ASF/sam/drivers/pmc/sleep.o
LOAD src/ASF/sam/drivers/supc/supc.o
LOAD src/ASF/sam/drivers/tc/tc.o
LOAD src/ASF/sam/drivers/uart/uart.o
LOAD src/ASF/sam/drivers/usart/usart.o
LOAD src/ASF/sam/utils/cmsis/samg/samg53/source/templates/exceptions.o
LOAD src/ASF/sam/utils/cmsis/samg/samg53/source/templates/gcc/startup_samg53.o
LOAD src/ASF/sam/utils/cmsis/samg/samg53/source/templates/system_samg53.o
LOAD src/ASF/sam/utils/syscalls/gcc/syscalls.o
LOAD src/tc_capture_waveform_example.o
START GROUP
LOAD ../src/ASF/thirdparty/CMSIS/Lib/GCC\libarm_cortexM4lf_math_softfp.a
LOAD c:/program files (x86)/atmel/studio/7.0/toolchain/arm/arm-gnu-toolchain/bin/../lib/gcc/arm-none-eabi/6.3.1/../../../../arm-none-eabi/lib/thumb/v7e-m\libm.a
END GROUP
START GROUP
LOAD c:/program files (x86)/atmel/studio/7.0/toolchain/arm/arm-gnu-toolchain/bin/../lib/gcc/arm-none-eabi/6.3.1/thumb/v7e-m\libgcc.a
LOAD c:/program files (x86)/atmel/studio/7.0/toolchain/arm/arm-gnu-toolchain/bin/../lib/gcc/arm-none-eabi/6.3.1/../../../../arm-none-eabi/lib/thumb/v7e-m\libc.a
END GROUP
LOAD c:/program files (x86)/atmel/studio/7.0/toolchain/arm/arm-gnu-toolchain/bin/../lib/gcc/arm-none-eabi/6.3.1/thumb/v7e-m/crtend.o
LOAD c:/program files (x86)/atmel/studio/7.0/toolchain/arm/arm-gnu-toolchain/bin/../lib/gcc/arm-none-eabi/6.3.1/thumb/v7e-m/crtn.o
                0x00003000                __stack_size__ = DEFINED (__stack_size__)?__stack_size__:0x3000
                0x20017ffc                __ram_end__ = ((ORIGIN (ram) + LENGTH (ram)) - 0x4)

.text           0x00400000     0x57ac
                0x00400000                . = ALIGN (0x4)
                0x00400000                _sfixed = .
 *(.vectors .vectors.*)
 .vectors       0x00400000       0xfc src/ASF/sam/utils/cmsis/samg/samg53/source/templates/gcc/startup_samg53.o
                0x00400000                exception_table
 *(.text .text.* .gnu.linkonce.t.*)
 .text          0x004000fc       0x6c c:/program files (x86)/atmel/studio/7.0/toolchain/arm/arm-gnu-toolchain/bin/../lib/gcc/arm-none-eabi/6.3.1/thumb/v7e-m/crtbegin.o
 .text.sysclk_init
                0x00400168       0x68 src/ASF/common/services/clock/samg/sysclk.o
                0x00400168                sysclk_init
 .text._read    0x004001d0       0x3c src/ASF/common/utils/stdio/read.o
                0x004001d0                _read
 .text._write   0x0040020c       0x50 src/ASF/common/utils/stdio/write.o
                0x0040020c                _write
 .text.system_board_init
                0x0040025c       0x7c src/ASF/sam/boards/samg53_xplained_pro/board_init.o
                0x0040025c                board_init
                0x0040025c                system_board_init
 .text.pmc_switch_mck_to_pllack
                0x004002d8       0x64 src/ASF/sam/drivers/pmc/pmc.o
                0x004002d8                pmc_switch_mck_to_pllack
 .text.pmc_switch_sclk_to_32kxtal
                0x0040033c       0x24 src/ASF/sam/drivers/pmc/pmc.o
                0x0040033c                pmc_switch_sclk_to_32kxtal
 .text.pmc_osc_is_ready_32kxtal
                0x00400360       0x20 src/ASF/sam/drivers/pmc/pmc.o
                0x00400360                pmc_osc_is_ready_32kxtal
 .text.pmc_disable_pllack
                0x00400380        0xc src/ASF/sam/drivers/pmc/pmc.o
                0x00400380                pmc_disable_pllack
 .text.pmc_is_locked_pllack
                0x0040038c       0x10 src/ASF/sam/drivers/pmc/pmc.o
                0x0040038c                pmc_is_locked_pllack
 .text.pmc_enable_periph_clk
                0x0040039c       0x34 src/ASF/sam/drivers/pmc/pmc.o
                0x0040039c                pmc_enable_periph_clk
 .text.tc_init  0x004003d0       0x1a src/ASF/sam/drivers/tc/tc.o
                0x004003d0                tc_init
 .text.tc_start
                0x004003ea        0x8 src/ASF/sam/drivers/tc/tc.o
                0x004003ea                tc_start
 .text.tc_read_ra
                0x004003f2        0x8 src/ASF/sam/drivers/tc/tc.o
                0x004003f2                tc_read_ra
 .text.tc_read_rb
                0x004003fa        0x8 src/ASF/sam/drivers/tc/tc.o
                0x004003fa                tc_read_rb
 .text.tc_write_ra
                0x00400402        0x8 src/ASF/sam/drivers/tc/tc.o
                0x00400402                tc_write_ra
 .text.tc_write_rc
                0x0040040a        0x8 src/ASF/sam/drivers/tc/tc.o
                0x0040040a                tc_write_rc
 .text.tc_enable_interrupt
                0x00400412        0x8 src/ASF/sam/drivers/tc/tc.o
                0x00400412                tc_enable_interrupt
 .text.tc_disable_interrupt
                0x0040041a        0x8 src/ASF/sam/drivers/tc/tc.o
                0x0040041a                tc_disable_interrupt
 .text.tc_get_status
                0x00400422        0x8 src/ASF/sam/drivers/tc/tc.o
                0x00400422                tc_get_status
 .text.uart_init
                0x0040042a       0x38 src/ASF/sam/drivers/uart/uart.o
                0x0040042a                uart_init
 .text.uart_write
                0x00400462       0x10 src/ASF/sam/drivers/uart/uart.o
                0x00400462                uart_write
 .text.uart_read
                0x00400472       0x12 src/ASF/sam/drivers/uart/uart.o
                0x00400472                uart_read
 .text.usart_write
                0x00400484       0x14 src/ASF/sam/drivers/usart/usart.o
                0x00400484                usart_write
 .text.usart_read
                0x00400498       0x18 src/ASF/sam/drivers/usart/usart.o
                0x00400498                usart_read
 .text.Dummy_Handler
                0x004004b0        0x2 src/ASF/sam/utils/cmsis/samg/samg53/source/templates/exceptions.o
                0x004004b0                WKUP2_Handler
                0x004004b0                DebugMon_Handler
                0x004004b0                WKUP7_Handler
                0x004004b0                WKUP10_Handler
                0x004004b0                WKUP15_Handler
                0x004004b0                HardFault_Handler
                0x004004b0                SPI_Handler
                0x004004b0                SysTick_Handler
                0x004004b0                TWI1_Handler
                0x004004b0                PendSV_Handler
                0x004004b0                NMI_Handler
                0x004004b0                WKUP3_Handler
                0x004004b0                ADC_Handler
                0x004004b0                WKUP4_Handler
                0x004004b0                WKUP6_Handler
                0x004004b0                RTT_Handler
                0x004004b0                PIOB_Handler
                0x004004b0                RTC_Handler
                0x004004b0                UsageFault_Handler
                0x004004b0                PDMIC1_Handler
                0x004004b0                WKUP13_Handler
                0x004004b0                WDT_Handler
                0x004004b0                WKUP12_Handler
                0x004004b0                TC4_Handler
                0x004004b0                TC1_Handler
                0x004004b0                UART1_Handler
                0x004004b0                WKUP14_Handler
                0x004004b0                TC3_Handler
                0x004004b0                ARM_Handler
                0x004004b0                Dummy_Handler
                0x004004b0                TWI0_Handler
                0x004004b0                WKUP11_Handler
                0x004004b0                TWI2_Handler
                0x004004b0                PIOA_Handler
                0x004004b0                MEM2MEM_Handler
                0x004004b0                USART_Handler
                0x004004b0                PMC_Handler
                0x004004b0                WKUP1_Handler
                0x004004b0                PDMIC0_Handler
                0x004004b0                MemManage_Handler
                0x004004b0                SUPC_Handler
                0x004004b0                SVC_Handler
                0x004004b0                EFC_Handler
                0x004004b0                WKUP8_Handler
                0x004004b0                I2SC0_Handler
                0x004004b0                UART0_Handler
                0x004004b0                I2SC1_Handler
                0x004004b0                WKUP5_Handler
                0x004004b0                BusFault_Handler
                0x004004b0                RSTC_Handler
                0x004004b0                TC0_Handler
                0x004004b0                WKUP0_Handler
                0x004004b0                TC5_Handler
                0x004004b0                WKUP9_Handler
 *fill*         0x004004b2        0x2 
 .text.Reset_Handler
                0x004004b4       0xdc src/ASF/sam/utils/cmsis/samg/samg53/source/templates/gcc/startup_samg53.o
                0x004004b4                Reset_Handler
 .text.SystemCoreClockUpdate
                0x00400590       0xe8 src/ASF/sam/utils/cmsis/samg/samg53/source/templates/system_samg53.o
                0x00400590                SystemCoreClockUpdate
 .text.system_init_flash
                0x00400678       0x4c src/ASF/sam/utils/cmsis/samg/samg53/source/templates/system_samg53.o
                0x00400678                system_init_flash
 .text._sbrk    0x004006c4       0x38 src/ASF/sam/utils/syscalls/gcc/syscalls.o
                0x004006c4                _sbrk
 .text._close   0x004006fc        0x6 src/ASF/sam/utils/syscalls/gcc/syscalls.o
                0x004006fc                _close
 .text._fstat   0x00400702        0xa src/ASF/sam/utils/syscalls/gcc/syscalls.o
                0x00400702                _fstat
 .text._isatty  0x0040070c        0x4 src/ASF/sam/utils/syscalls/gcc/syscalls.o
                0x0040070c                _isatty
 .text._lseek   0x00400710        0x4 src/ASF/sam/utils/syscalls/gcc/syscalls.o
                0x00400710                _lseek
 .text.display_menu
                0x00400714       0x48 src/tc_capture_waveform_example.o
 .text.usart_serial_getchar
                0x0040075c       0x68 src/tc_capture_waveform_example.o
 .text.usart_serial_putchar
                0x004007c4       0x64 src/tc_capture_waveform_example.o
 .text.tc_waveform_initialize
                0x00400828       0xb4 src/tc_capture_waveform_example.o
 .text.TC2_Handler
                0x004008dc       0x54 src/tc_capture_waveform_example.o
                0x004008dc                TC2_Handler
 .text.main     0x00400930      0x274 src/tc_capture_waveform_example.o
                0x00400930                main
 .text.__libc_init_array
                0x00400ba4       0x50 c:/program files (x86)/atmel/studio/7.0/toolchain/arm/arm-gnu-toolchain/bin/../lib/gcc/arm-none-eabi/6.3.1/../../../../arm-none-eabi/lib/thumb/v7e-m\libc.a(lib_a-init.o)
                0x00400ba4                __libc_init_array
 .text.iprintf  0x00400bf4       0x28 c:/program files (x86)/atmel/studio/7.0/toolchain/arm/arm-gnu-toolchain/bin/../lib/gcc/arm-none-eabi/6.3.1/../../../../arm-none-eabi/lib/thumb/v7e-m\libc.a(lib_a-iprintf.o)
                0x00400bf4                iprintf
 .text.iscanf   0x00400c1c       0x28 c:/program files (x86)/atmel/studio/7.0/toolchain/arm/arm-gnu-toolchain/bin/../lib/gcc/arm-none-eabi/6.3.1/../../../../arm-none-eabi/lib/thumb/v7e-m\libc.a(lib_a-iscanf.o)
                0x00400c1c                iscanf
 .text.memset   0x00400c44       0x9c c:/program files (x86)/atmel/studio/7.0/toolchain/arm/arm-gnu-toolchain/bin/../lib/gcc/arm-none-eabi/6.3.1/../../../../arm-none-eabi/lib/thumb/v7e-m\libc.a(lib_a-memset.o)
                0x00400c44                memset
 .text._puts_r  0x00400ce0       0x9c c:/program files (x86)/atmel/studio/7.0/toolchain/arm/arm-gnu-toolchain/bin/../lib/gcc/arm-none-eabi/6.3.1/../../../../arm-none-eabi/lib/thumb/v7e-m\libc.a(lib_a-puts.o)
                0x00400ce0                _puts_r
 .text.puts     0x00400d7c       0x10 c:/program files (x86)/atmel/studio/7.0/toolchain/arm/arm-gnu-toolchain/bin/../lib/gcc/arm-none-eabi/6.3.1/../../../../arm-none-eabi/lib/thumb/v7e-m\libc.a(lib_a-puts.o)
                0x00400d7c                puts
 .text.setbuf   0x00400d8c       0x10 c:/program files (x86)/atmel/studio/7.0/toolchain/arm/arm-gnu-toolchain/bin/../lib/gcc/arm-none-eabi/6.3.1/../../../../arm-none-eabi/lib/thumb/v7e-m\libc.a(lib_a-setbuf.o)
                0x00400d8c                setbuf
 .text.setvbuf  0x00400d9c      0x190 c:/program files (x86)/atmel/studio/7.0/toolchain/arm/arm-gnu-toolchain/bin/../lib/gcc/arm-none-eabi/6.3.1/../../../../arm-none-eabi/lib/thumb/v7e-m\libc.a(lib_a-setvbuf.o)
                0x00400d9c                setvbuf
 *fill*         0x00400f2c       0x14 
 .text          0x00400f40       0xdc c:/program files (x86)/atmel/studio/7.0/toolchain/arm/arm-gnu-toolchain/bin/../lib/gcc/arm-none-eabi/6.3.1/../../../../arm-none-eabi/lib/thumb/v7e-m\libc.a(lib_a-strlen.o)
                0x00400f40                strlen
 .text.__sprint_r.part.0
                0x0040101c       0x80 c:/program files (x86)/atmel/studio/7.0/toolchain/arm/arm-gnu-toolchain/bin/../lib/gcc/arm-none-eabi/6.3.1/../../../../arm-none-eabi/lib/thumb/v7e-m\libc.a(lib_a-vfiprintf.o)
 .text._vfiprintf_r
                0x0040109c      0xc90 c:/program files (x86)/atmel/studio/7.0/toolchain/arm/arm-gnu-toolchain/bin/../lib/gcc/arm-none-eabi/6.3.1/../../../../arm-none-eabi/lib/thumb/v7e-m\libc.a(lib_a-vfiprintf.o)
                0x0040109c                _vfiprintf_r
 .text.__sbprintf
                0x00401d2c       0x84 c:/program files (x86)/atmel/studio/7.0/toolchain/arm/arm-gnu-toolchain/bin/../lib/gcc/arm-none-eabi/6.3.1/../../../../arm-none-eabi/lib/thumb/v7e-m\libc.a(lib_a-vfiprintf.o)
 .text.__svfiscanf_r
                0x00401db0      0xa14 c:/program files (x86)/atmel/studio/7.0/toolchain/arm/arm-gnu-toolchain/bin/../lib/gcc/arm-none-eabi/6.3.1/../../../../arm-none-eabi/lib/thumb/v7e-m\libc.a(lib_a-vfiscanf.o)
                0x00401db0                __svfiscanf_r
 .text.__swsetup_r
                0x004027c4       0xc8 c:/program files (x86)/atmel/studio/7.0/toolchain/arm/arm-gnu-toolchain/bin/../lib/gcc/arm-none-eabi/6.3.1/../../../../arm-none-eabi/lib/thumb/v7e-m\libc.a(lib_a-wsetup.o)
                0x004027c4                __swsetup_r
 .text.startup.register_fini
                0x0040288c       0x14 c:/program files (x86)/atmel/studio/7.0/toolchain/arm/arm-gnu-toolchain/bin/../lib/gcc/arm-none-eabi/6.3.1/../../../../arm-none-eabi/lib/thumb/v7e-m\libc.a(lib_a-__call_atexit.o)
 .text.atexit   0x004028a0        0xc c:/program files (x86)/atmel/studio/7.0/toolchain/arm/arm-gnu-toolchain/bin/../lib/gcc/arm-none-eabi/6.3.1/../../../../arm-none-eabi/lib/thumb/v7e-m\libc.a(lib_a-atexit.o)
                0x004028a0                atexit
 .text.__sflush_r
                0x004028ac      0x140 c:/program files (x86)/atmel/studio/7.0/toolchain/arm/arm-gnu-toolchain/bin/../lib/gcc/arm-none-eabi/6.3.1/../../../../arm-none-eabi/lib/thumb/v7e-m\libc.a(lib_a-fflush.o)
                0x004028ac                __sflush_r
 .text._fflush_r
                0x004029ec       0x54 c:/program files (x86)/atmel/studio/7.0/toolchain/arm/arm-gnu-toolchain/bin/../lib/gcc/arm-none-eabi/6.3.1/../../../../arm-none-eabi/lib/thumb/v7e-m\libc.a(lib_a-fflush.o)
                0x004029ec                _fflush_r
 .text.fflush   0x00402a40       0x24 c:/program files (x86)/atmel/studio/7.0/toolchain/arm/arm-gnu-toolchain/bin/../lib/gcc/arm-none-eabi/6.3.1/../../../../arm-none-eabi/lib/thumb/v7e-m\libc.a(lib_a-fflush.o)
                0x00402a40                fflush
 .text._cleanup_r
                0x00402a64        0xc c:/program files (x86)/atmel/studio/7.0/toolchain/arm/arm-gnu-toolchain/bin/../lib/gcc/arm-none-eabi/6.3.1/../../../../arm-none-eabi/lib/thumb/v7e-m\libc.a(lib_a-findfp.o)
                0x00402a64                _cleanup_r
 .text.std.isra.0
                0x00402a70       0x50 c:/program files (x86)/atmel/studio/7.0/toolchain/arm/arm-gnu-toolchain/bin/../lib/gcc/arm-none-eabi/6.3.1/../../../../arm-none-eabi/lib/thumb/v7e-m\libc.a(lib_a-findfp.o)
 .text.__sinit  0x00402ac0       0x58 c:/program files (x86)/atmel/studio/7.0/toolchain/arm/arm-gnu-toolchain/bin/../lib/gcc/arm-none-eabi/6.3.1/../../../../arm-none-eabi/lib/thumb/v7e-m\libc.a(lib_a-findfp.o)
                0x00402ac0                __sinit
 .text.__sfp_lock_acquire
                0x00402b18        0xc c:/program files (x86)/atmel/studio/7.0/toolchain/arm/arm-gnu-toolchain/bin/../lib/gcc/arm-none-eabi/6.3.1/../../../../arm-none-eabi/lib/thumb/v7e-m\libc.a(lib_a-findfp.o)
                0x00402b18                __sfp_lock_acquire
 .text.__sfp_lock_release
                0x00402b24        0xc c:/program files (x86)/atmel/studio/7.0/toolchain/arm/arm-gnu-toolchain/bin/../lib/gcc/arm-none-eabi/6.3.1/../../../../arm-none-eabi/lib/thumb/v7e-m\libc.a(lib_a-findfp.o)
                0x00402b24                __sfp_lock_release
 .text.__libc_fini_array
                0x00402b30       0x34 c:/program files (x86)/atmel/studio/7.0/toolchain/arm/arm-gnu-toolchain/bin/../lib/gcc/arm-none-eabi/6.3.1/../../../../arm-none-eabi/lib/thumb/v7e-m\libc.a(lib_a-fini.o)
                0x00402b30                __libc_fini_array
 .text.__fputwc
                0x00402b64       0xa0 c:/program files (x86)/atmel/studio/7.0/toolchain/arm/arm-gnu-toolchain/bin/../lib/gcc/arm-none-eabi/6.3.1/../../../../arm-none-eabi/lib/thumb/v7e-m\libc.a(lib_a-fputwc.o)
                0x00402b64                __fputwc
 .text._fputwc_r
                0x00402c04       0x68 c:/program files (x86)/atmel/studio/7.0/toolchain/arm/arm-gnu-toolchain/bin/../lib/gcc/arm-none-eabi/6.3.1/../../../../arm-none-eabi/lib/thumb/v7e-m\libc.a(lib_a-fputwc.o)
                0x00402c04                _fputwc_r
 .text._fread_r
                0x00402c6c      0x1c4 c:/program files (x86)/atmel/studio/7.0/toolchain/arm/arm-gnu-toolchain/bin/../lib/gcc/arm-none-eabi/6.3.1/../../../../arm-none-eabi/lib/thumb/v7e-m\libc.a(lib_a-fread.o)
                0x00402c6c                _fread_r
 .text._malloc_trim_r
                0x00402e30       0xa0 c:/program files (x86)/atmel/studio/7.0/toolchain/arm/arm-gnu-toolchain/bin/../lib/gcc/arm-none-eabi/6.3.1/../../../../arm-none-eabi/lib/thumb/v7e-m\libc.a(lib_a-freer.o)
                0x00402e30                _malloc_trim_r
 .text._free_r  0x00402ed0      0x1cc c:/program files (x86)/atmel/studio/7.0/toolchain/arm/arm-gnu-toolchain/bin/../lib/gcc/arm-none-eabi/6.3.1/../../../../arm-none-eabi/lib/thumb/v7e-m\libc.a(lib_a-freer.o)
                0x00402ed0                _free_r
 .text.__sfvwrite_r
                0x0040309c      0x2f0 c:/program files (x86)/atmel/studio/7.0/toolchain/arm/arm-gnu-toolchain/bin/../lib/gcc/arm-none-eabi/6.3.1/../../../../arm-none-eabi/lib/thumb/v7e-m\libc.a(lib_a-fvwrite.o)
                0x0040309c                __sfvwrite_r
 .text._fwalk   0x0040338c       0x4c c:/program files (x86)/atmel/studio/7.0/toolchain/arm/arm-gnu-toolchain/bin/../lib/gcc/arm-none-eabi/6.3.1/../../../../arm-none-eabi/lib/thumb/v7e-m\libc.a(lib_a-fwalk.o)
                0x0040338c                _fwalk
 .text._fwalk_reent
                0x004033d8       0x54 c:/program files (x86)/atmel/studio/7.0/toolchain/arm/arm-gnu-toolchain/bin/../lib/gcc/arm-none-eabi/6.3.1/../../../../arm-none-eabi/lib/thumb/v7e-m\libc.a(lib_a-fwalk.o)
                0x004033d8                _fwalk_reent
 .text.iswspace
                0x0040342c       0x1c c:/program files (x86)/atmel/studio/7.0/toolchain/arm/arm-gnu-toolchain/bin/../lib/gcc/arm-none-eabi/6.3.1/../../../../arm-none-eabi/lib/thumb/v7e-m\libc.a(lib_a-iswspace.o)
                0x0040342c                iswspace
 .text.__locale_mb_cur_max
                0x00403448       0x1c c:/program files (x86)/atmel/studio/7.0/toolchain/arm/arm-gnu-toolchain/bin/../lib/gcc/arm-none-eabi/6.3.1/../../../../arm-none-eabi/lib/thumb/v7e-m\libc.a(lib_a-locale.o)
                0x00403448                __locale_mb_cur_max
 .text.__locale_ctype_ptr_l
                0x00403464        0x8 c:/program files (x86)/atmel/studio/7.0/toolchain/arm/arm-gnu-toolchain/bin/../lib/gcc/arm-none-eabi/6.3.1/../../../../arm-none-eabi/lib/thumb/v7e-m\libc.a(lib_a-locale.o)
                0x00403464                __locale_ctype_ptr_l
 .text.__locale_ctype_ptr
                0x0040346c       0x1c c:/program files (x86)/atmel/studio/7.0/toolchain/arm/arm-gnu-toolchain/bin/../lib/gcc/arm-none-eabi/6.3.1/../../../../arm-none-eabi/lib/thumb/v7e-m\libc.a(lib_a-locale.o)
                0x0040346c                __locale_ctype_ptr
 .text.__retarget_lock_init_recursive
                0x00403488        0x4 c:/program files (x86)/atmel/studio/7.0/toolchain/arm/arm-gnu-toolchain/bin/../lib/gcc/arm-none-eabi/6.3.1/../../../../arm-none-eabi/lib/thumb/v7e-m\libc.a(lib_a-lock.o)
                0x00403488                __retarget_lock_init_recursive
 .text.__retarget_lock_close_recursive
                0x0040348c        0x4 c:/program files (x86)/atmel/studio/7.0/toolchain/arm/arm-gnu-toolchain/bin/../lib/gcc/arm-none-eabi/6.3.1/../../../../arm-none-eabi/lib/thumb/v7e-m\libc.a(lib_a-lock.o)
                0x0040348c                __retarget_lock_close_recursive
 .text.__retarget_lock_acquire_recursive
                0x00403490        0x4 c:/program files (x86)/atmel/studio/7.0/toolchain/arm/arm-gnu-toolchain/bin/../lib/gcc/arm-none-eabi/6.3.1/../../../../arm-none-eabi/lib/thumb/v7e-m\libc.a(lib_a-lock.o)
                0x00403490                __retarget_lock_acquire_recursive
 .text.__retarget_lock_release_recursive
                0x00403494        0x4 c:/program files (x86)/atmel/studio/7.0/toolchain/arm/arm-gnu-toolchain/bin/../lib/gcc/arm-none-eabi/6.3.1/../../../../arm-none-eabi/lib/thumb/v7e-m\libc.a(lib_a-lock.o)
                0x00403494                __retarget_lock_release_recursive
 .text.__swhatbuf_r
                0x00403498       0x5c c:/program files (x86)/atmel/studio/7.0/toolchain/arm/arm-gnu-toolchain/bin/../lib/gcc/arm-none-eabi/6.3.1/../../../../arm-none-eabi/lib/thumb/v7e-m\libc.a(lib_a-makebuf.o)
                0x00403498                __swhatbuf_r
 .text.__smakebuf_r
                0x004034f4       0x94 c:/program files (x86)/atmel/studio/7.0/toolchain/arm/arm-gnu-toolchain/bin/../lib/gcc/arm-none-eabi/6.3.1/../../../../arm-none-eabi/lib/thumb/v7e-m\libc.a(lib_a-makebuf.o)
                0x004034f4                __smakebuf_r
 .text.malloc   0x00403588       0x10 c:/program files (x86)/atmel/studio/7.0/toolchain/arm/arm-gnu-toolchain/bin/../lib/gcc/arm-none-eabi/6.3.1/../../../../arm-none-eabi/lib/thumb/v7e-m\libc.a(lib_a-malloc.o)
                0x00403588                malloc
 .text._malloc_r
                0x00403598      0x560 c:/program files (x86)/atmel/studio/7.0/toolchain/arm/arm-gnu-toolchain/bin/../lib/gcc/arm-none-eabi/6.3.1/../../../../arm-none-eabi/lib/thumb/v7e-m\libc.a(lib_a-mallocr.o)
                0x00403598                _malloc_r
 .text._mbrtowc_r
                0x00403af8       0x5c c:/program files (x86)/atmel/studio/7.0/toolchain/arm/arm-gnu-toolchain/bin/../lib/gcc/arm-none-eabi/6.3.1/../../../../arm-none-eabi/lib/thumb/v7e-m\libc.a(lib_a-mbrtowc.o)
                0x00403af8                _mbrtowc_r
 .text.__ascii_mbtowc
                0x00403b54       0x2c c:/program files (x86)/atmel/studio/7.0/toolchain/arm/arm-gnu-toolchain/bin/../lib/gcc/arm-none-eabi/6.3.1/../../../../arm-none-eabi/lib/thumb/v7e-m\libc.a(lib_a-mbtowc_r.o)
                0x00403b54                __ascii_mbtowc
 .text          0x00403b80       0xa0 c:/program files (x86)/atmel/studio/7.0/toolchain/arm/arm-gnu-toolchain/bin/../lib/gcc/arm-none-eabi/6.3.1/../../../../arm-none-eabi/lib/thumb/v7e-m\libc.a(lib_a-memchr.o)
                0x00403b80                memchr
 .text          0x00403c20      0x134 c:/program files (x86)/atmel/studio/7.0/toolchain/arm/arm-gnu-toolchain/bin/../lib/gcc/arm-none-eabi/6.3.1/../../../../arm-none-eabi/lib/thumb/v7e-m\libc.a(lib_a-memcpy.o)
                0x00403c20                memcpy
 .text.memmove  0x00403d54       0xc8 c:/program files (x86)/atmel/studio/7.0/toolchain/arm/arm-gnu-toolchain/bin/../lib/gcc/arm-none-eabi/6.3.1/../../../../arm-none-eabi/lib/thumb/v7e-m\libc.a(lib_a-memmove.o)
                0x00403d54                memmove
 .text.__malloc_lock
                0x00403e1c        0xc c:/program files (x86)/atmel/studio/7.0/toolchain/arm/arm-gnu-toolchain/bin/../lib/gcc/arm-none-eabi/6.3.1/../../../../arm-none-eabi/lib/thumb/v7e-m\libc.a(lib_a-mlock.o)
                0x00403e1c                __malloc_lock
 .text.__malloc_unlock
                0x00403e28        0xc c:/program files (x86)/atmel/studio/7.0/toolchain/arm/arm-gnu-toolchain/bin/../lib/gcc/arm-none-eabi/6.3.1/../../../../arm-none-eabi/lib/thumb/v7e-m\libc.a(lib_a-mlock.o)
                0x00403e28                __malloc_unlock
 .text._realloc_r
                0x00403e34      0x34c c:/program files (x86)/atmel/studio/7.0/toolchain/arm/arm-gnu-toolchain/bin/../lib/gcc/arm-none-eabi/6.3.1/../../../../arm-none-eabi/lib/thumb/v7e-m\libc.a(lib_a-reallocr.o)
                0x00403e34                _realloc_r
 .text.lflush   0x00404180       0x14 c:/program files (x86)/atmel/studio/7.0/toolchain/arm/arm-gnu-toolchain/bin/../lib/gcc/arm-none-eabi/6.3.1/../../../../arm-none-eabi/lib/thumb/v7e-m\libc.a(lib_a-refill.o)
 .text.__srefill_r
                0x00404194      0x114 c:/program files (x86)/atmel/studio/7.0/toolchain/arm/arm-gnu-toolchain/bin/../lib/gcc/arm-none-eabi/6.3.1/../../../../arm-none-eabi/lib/thumb/v7e-m\libc.a(lib_a-refill.o)
                0x00404194                __srefill_r
 .text._sbrk_r  0x004042a8       0x24 c:/program files (x86)/atmel/studio/7.0/toolchain/arm/arm-gnu-toolchain/bin/../lib/gcc/arm-none-eabi/6.3.1/../../../../arm-none-eabi/lib/thumb/v7e-m\libc.a(lib_a-sbrkr.o)
                0x004042a8                _sbrk_r
 .text.__sccl   0x004042cc       0x74 c:/program files (x86)/atmel/studio/7.0/toolchain/arm/arm-gnu-toolchain/bin/../lib/gcc/arm-none-eabi/6.3.1/../../../../arm-none-eabi/lib/thumb/v7e-m\libc.a(lib_a-sccl.o)
                0x004042cc                __sccl
 .text.__sread  0x00404340       0x24 c:/program files (x86)/atmel/studio/7.0/toolchain/arm/arm-gnu-toolchain/bin/../lib/gcc/arm-none-eabi/6.3.1/../../../../arm-none-eabi/lib/thumb/v7e-m\libc.a(lib_a-stdio.o)
                0x00404340                __sread
 .text.__swrite
                0x00404364       0x3c c:/program files (x86)/atmel/studio/7.0/toolchain/arm/arm-gnu-toolchain/bin/../lib/gcc/arm-none-eabi/6.3.1/../../../../arm-none-eabi/lib/thumb/v7e-m\libc.a(lib_a-stdio.o)
                0x00404364                __swrite
 .text.__sseek  0x004043a0       0x20 c:/program files (x86)/atmel/studio/7.0/toolchain/arm/arm-gnu-toolchain/bin/../lib/gcc/arm-none-eabi/6.3.1/../../../../arm-none-eabi/lib/thumb/v7e-m\libc.a(lib_a-stdio.o)
                0x004043a0                __sseek
 .text.__sclose
                0x004043c0        0x8 c:/program files (x86)/atmel/studio/7.0/toolchain/arm/arm-gnu-toolchain/bin/../lib/gcc/arm-none-eabi/6.3.1/../../../../arm-none-eabi/lib/thumb/v7e-m\libc.a(lib_a-stdio.o)
                0x004043c0                __sclose
 .text._strtol_l.isra.0
                0x004043c8      0x128 c:/program files (x86)/atmel/studio/7.0/toolchain/arm/arm-gnu-toolchain/bin/../lib/gcc/arm-none-eabi/6.3.1/../../../../arm-none-eabi/lib/thumb/v7e-m\libc.a(lib_a-strtol.o)
 .text._strtol_r
                0x004044f0       0x24 c:/program files (x86)/atmel/studio/7.0/toolchain/arm/arm-gnu-toolchain/bin/../lib/gcc/arm-none-eabi/6.3.1/../../../../arm-none-eabi/lib/thumb/v7e-m\libc.a(lib_a-strtol.o)
                0x004044f0                _strtol_r
 .text._strtoll_l.isra.0
                0x00404514      0x19c c:/program files (x86)/atmel/studio/7.0/toolchain/arm/arm-gnu-toolchain/bin/../lib/gcc/arm-none-eabi/6.3.1/../../../../arm-none-eabi/lib/thumb/v7e-m\libc.a(lib_a-strtoll.o)
 .text._strtoll_r
                0x004046b0       0x24 c:/program files (x86)/atmel/studio/7.0/toolchain/arm/arm-gnu-toolchain/bin/../lib/gcc/arm-none-eabi/6.3.1/../../../../arm-none-eabi/lib/thumb/v7e-m\libc.a(lib_a-strtoll.o)
                0x004046b0                _strtoll_r
 .text._strtoul_l.isra.0
                0x004046d4      0x148 c:/program files (x86)/atmel/studio/7.0/toolchain/arm/arm-gnu-toolchain/bin/../lib/gcc/arm-none-eabi/6.3.1/../../../../arm-none-eabi/lib/thumb/v7e-m\libc.a(lib_a-strtoul.o)
 .text._strtoul_r
                0x0040481c       0x24 c:/program files (x86)/atmel/studio/7.0/toolchain/arm/arm-gnu-toolchain/bin/../lib/gcc/arm-none-eabi/6.3.1/../../../../arm-none-eabi/lib/thumb/v7e-m\libc.a(lib_a-strtoul.o)
                0x0040481c                _strtoul_r
 .text._strtoull_l.isra.0
                0x00404840      0x1bc c:/program files (x86)/atmel/studio/7.0/toolchain/arm/arm-gnu-toolchain/bin/../lib/gcc/arm-none-eabi/6.3.1/../../../../arm-none-eabi/lib/thumb/v7e-m\libc.a(lib_a-strtoull.o)
 .text._strtoull_r
                0x004049fc       0x24 c:/program files (x86)/atmel/studio/7.0/toolchain/arm/arm-gnu-toolchain/bin/../lib/gcc/arm-none-eabi/6.3.1/../../../../arm-none-eabi/lib/thumb/v7e-m\libc.a(lib_a-strtoull.o)
                0x004049fc                _strtoull_r
 .text.__submore
                0x00404a20       0x78 c:/program files (x86)/atmel/studio/7.0/toolchain/arm/arm-gnu-toolchain/bin/../lib/gcc/arm-none-eabi/6.3.1/../../../../arm-none-eabi/lib/thumb/v7e-m\libc.a(lib_a-ungetc.o)
                0x00404a20                __submore
 .text._ungetc_r
                0x00404a98      0x138 c:/program files (x86)/atmel/studio/7.0/toolchain/arm/arm-gnu-toolchain/bin/../lib/gcc/arm-none-eabi/6.3.1/../../../../arm-none-eabi/lib/thumb/v7e-m\libc.a(lib_a-ungetc.o)
                0x00404a98                _ungetc_r
 .text.__swbuf_r
                0x00404bd0       0xb0 c:/program files (x86)/atmel/studio/7.0/toolchain/arm/arm-gnu-toolchain/bin/../lib/gcc/arm-none-eabi/6.3.1/../../../../arm-none-eabi/lib/thumb/v7e-m\libc.a(lib_a-wbuf.o)
                0x00404bd0                __swbuf_r
 .text._wcrtomb_r
                0x00404c80       0x54 c:/program files (x86)/atmel/studio/7.0/toolchain/arm/arm-gnu-toolchain/bin/../lib/gcc/arm-none-eabi/6.3.1/../../../../arm-none-eabi/lib/thumb/v7e-m\libc.a(lib_a-wcrtomb.o)
                0x00404c80                _wcrtomb_r
 .text.__ascii_wctomb
                0x00404cd4       0x1c c:/program files (x86)/atmel/studio/7.0/toolchain/arm/arm-gnu-toolchain/bin/../lib/gcc/arm-none-eabi/6.3.1/../../../../arm-none-eabi/lib/thumb/v7e-m\libc.a(lib_a-wctomb_r.o)
                0x00404cd4                __ascii_wctomb
 .text._write_r
                0x00404cf0       0x2c c:/program files (x86)/atmel/studio/7.0/toolchain/arm/arm-gnu-toolchain/bin/../lib/gcc/arm-none-eabi/6.3.1/../../../../arm-none-eabi/lib/thumb/v7e-m\libc.a(lib_a-writer.o)
                0x00404cf0                _write_r
 .text.__register_exitproc
                0x00404d1c       0xc4 c:/program files (x86)/atmel/studio/7.0/toolchain/arm/arm-gnu-toolchain/bin/../lib/gcc/arm-none-eabi/6.3.1/../../../../arm-none-eabi/lib/thumb/v7e-m\libc.a(lib_a-__atexit.o)
                0x00404d1c                __register_exitproc
 .text._close_r
                0x00404de0       0x24 c:/program files (x86)/atmel/studio/7.0/toolchain/arm/arm-gnu-toolchain/bin/../lib/gcc/arm-none-eabi/6.3.1/../../../../arm-none-eabi/lib/thumb/v7e-m\libc.a(lib_a-closer.o)
                0x00404de0                _close_r
 .text._fclose_r
                0x00404e04       0xc4 c:/program files (x86)/atmel/studio/7.0/toolchain/arm/arm-gnu-toolchain/bin/../lib/gcc/arm-none-eabi/6.3.1/../../../../arm-none-eabi/lib/thumb/v7e-m\libc.a(lib_a-fclose.o)
                0x00404e04                _fclose_r
 .text._fstat_r
                0x00404ec8       0x28 c:/program files (x86)/atmel/studio/7.0/toolchain/arm/arm-gnu-toolchain/bin/../lib/gcc/arm-none-eabi/6.3.1/../../../../arm-none-eabi/lib/thumb/v7e-m\libc.a(lib_a-fstatr.o)
                0x00404ec8                _fstat_r
 .text._isatty_r
                0x00404ef0       0x24 c:/program files (x86)/atmel/studio/7.0/toolchain/arm/arm-gnu-toolchain/bin/../lib/gcc/arm-none-eabi/6.3.1/../../../../arm-none-eabi/lib/thumb/v7e-m\libc.a(lib_a-isattyr.o)
                0x00404ef0                _isatty_r
 .text._lseek_r
                0x00404f14       0x2c c:/program files (x86)/atmel/studio/7.0/toolchain/arm/arm-gnu-toolchain/bin/../lib/gcc/arm-none-eabi/6.3.1/../../../../arm-none-eabi/lib/thumb/v7e-m\libc.a(lib_a-lseekr.o)
                0x00404f14                _lseek_r
 .text._read_r  0x00404f40       0x2c c:/program files (x86)/atmel/studio/7.0/toolchain/arm/arm-gnu-toolchain/bin/../lib/gcc/arm-none-eabi/6.3.1/../../../../arm-none-eabi/lib/thumb/v7e-m\libc.a(lib_a-readr.o)
                0x00404f40                _read_r
 .text          0x00404f6c       0x30 c:/program files (x86)/atmel/studio/7.0/toolchain/arm/arm-gnu-toolchain/bin/../lib/gcc/arm-none-eabi/6.3.1/thumb/v7e-m\libgcc.a(_aeabi_uldivmod.o)
                0x00404f6c                __aeabi_uldivmod
 .text          0x00404f9c      0x2dc c:/program files (x86)/atmel/studio/7.0/toolchain/arm/arm-gnu-toolchain/bin/../lib/gcc/arm-none-eabi/6.3.1/thumb/v7e-m\libgcc.a(_udivmoddi4.o)
                0x00404f9c                __udivmoddi4
 .text          0x00405278        0x4 c:/program files (x86)/atmel/studio/7.0/toolchain/arm/arm-gnu-toolchain/bin/../lib/gcc/arm-none-eabi/6.3.1/thumb/v7e-m\libgcc.a(_dvmd_tls.o)
                0x00405278                __aeabi_idiv0
                0x00405278                __aeabi_ldiv0
 *(.glue_7t)
 .glue_7t       0x0040527c        0x0 linker stubs
 *(.glue_7)
 .glue_7        0x0040527c        0x0 linker stubs
 *(.rodata .rodata* .gnu.linkonce.r.*)
 .rodata.display_menu.str1.4
                0x0040527c      0x112 src/tc_capture_waveform_example.o
 *fill*         0x0040538e        0x2 
 .rodata.divisors
                0x00405390       0x14 src/tc_capture_waveform_example.o
 .rodata.gc_waveconfig
                0x004053a4       0x28 src/tc_capture_waveform_example.o
 .rodata.main.str1.4
                0x004053cc      0x1f2 src/tc_capture_waveform_example.o
 *fill*         0x004055be        0x2 
 .rodata.tc_waveform_initialize.str1.4
                0x004055c0       0x37 src/tc_capture_waveform_example.o
 *fill*         0x004055f7        0x1 
 .rodata._global_impure_ptr
                0x004055f8        0x4 c:/program files (x86)/atmel/studio/7.0/toolchain/arm/arm-gnu-toolchain/bin/../lib/gcc/arm-none-eabi/6.3.1/../../../../arm-none-eabi/lib/thumb/v7e-m\libc.a(lib_a-impure.o)
                0x004055f8                _global_impure_ptr
 .rodata._puts_r.str1.4
                0x004055fc        0x2 c:/program files (x86)/atmel/studio/7.0/toolchain/arm/arm-gnu-toolchain/bin/../lib/gcc/arm-none-eabi/6.3.1/../../../../arm-none-eabi/lib/thumb/v7e-m\libc.a(lib_a-puts.o)
 *fill*         0x004055fe        0x2 
 .rodata._vfiprintf_r.str1.4
                0x00405600       0x2f c:/program files (x86)/atmel/studio/7.0/toolchain/arm/arm-gnu-toolchain/bin/../lib/gcc/arm-none-eabi/6.3.1/../../../../arm-none-eabi/lib/thumb/v7e-m\libc.a(lib_a-vfiprintf.o)
 *fill*         0x0040562f        0x1 
 .rodata.blanks.7217
                0x00405630       0x10 c:/program files (x86)/atmel/studio/7.0/toolchain/arm/arm-gnu-toolchain/bin/../lib/gcc/arm-none-eabi/6.3.1/../../../../arm-none-eabi/lib/thumb/v7e-m\libc.a(lib_a-vfiprintf.o)
 .rodata.zeroes.7218
                0x00405640       0x10 c:/program files (x86)/atmel/studio/7.0/toolchain/arm/arm-gnu-toolchain/bin/../lib/gcc/arm-none-eabi/6.3.1/../../../../arm-none-eabi/lib/thumb/v7e-m\libc.a(lib_a-vfiprintf.o)
 .rodata.basefix.6805
                0x00405650       0x22 c:/program files (x86)/atmel/studio/7.0/toolchain/arm/arm-gnu-toolchain/bin/../lib/gcc/arm-none-eabi/6.3.1/../../../../arm-none-eabi/lib/thumb/v7e-m\libc.a(lib_a-vfiscanf.o)
 *fill*         0x00405672        0x2 
 .rodata._setlocale_r.str1.4
                0x00405674        0xa c:/program files (x86)/atmel/studio/7.0/toolchain/arm/arm-gnu-toolchain/bin/../lib/gcc/arm-none-eabi/6.3.1/../../../../arm-none-eabi/lib/thumb/v7e-m\libc.a(lib_a-locale.o)
                                  0xd (size before relaxing)
 *fill*         0x0040567e        0x2 
 .rodata.str1.4
                0x00405680        0x4 c:/program files (x86)/atmel/studio/7.0/toolchain/arm/arm-gnu-toolchain/bin/../lib/gcc/arm-none-eabi/6.3.1/../../../../arm-none-eabi/lib/thumb/v7e-m\libc.a(lib_a-locale.o)
                                  0x2 (size before relaxing)
 .rodata._mbrtowc_r.str1.4
                0x00405684        0x1 c:/program files (x86)/atmel/studio/7.0/toolchain/arm/arm-gnu-toolchain/bin/../lib/gcc/arm-none-eabi/6.3.1/../../../../arm-none-eabi/lib/thumb/v7e-m\libc.a(lib_a-mbrtowc.o)
 .rodata._ctype_
                0x00405684      0x101 c:/program files (x86)/atmel/studio/7.0/toolchain/arm/arm-gnu-toolchain/bin/../lib/gcc/arm-none-eabi/6.3.1/../../../../arm-none-eabi/lib/thumb/v7e-m\libc.a(lib_a-ctype_.o)
                0x00405684                _ctype_
 *(.ARM.extab* .gnu.linkonce.armextab.*)
                0x00405788                . = ALIGN (0x4)
 *fill*         0x00405785        0x3 
 *(.init)
 .init          0x00405788        0x4 c:/program files (x86)/atmel/studio/7.0/toolchain/arm/arm-gnu-toolchain/bin/../lib/gcc/arm-none-eabi/6.3.1/thumb/v7e-m/crti.o
                0x00405788                _init
 .init          0x0040578c        0x8 c:/program files (x86)/atmel/studio/7.0/toolchain/arm/arm-gnu-toolchain/bin/../lib/gcc/arm-none-eabi/6.3.1/thumb/v7e-m/crtn.o
                0x00405794                . = ALIGN (0x4)
                0x00405794                __preinit_array_start = .
 *(.preinit_array)
                0x00405794                __preinit_array_end = .
                0x00405794                . = ALIGN (0x4)
                0x00405794                __init_array_start = .
 *(SORT(.init_array.*))
 .init_array.00000
                0x00405794        0x4 c:/program files (x86)/atmel/studio/7.0/toolchain/arm/arm-gnu-toolchain/bin/../lib/gcc/arm-none-eabi/6.3.1/../../../../arm-none-eabi/lib/thumb/v7e-m\libc.a(lib_a-__call_atexit.o)
 *(.init_array)
 .init_array    0x00405798        0x4 c:/program files (x86)/atmel/studio/7.0/toolchain/arm/arm-gnu-toolchain/bin/../lib/gcc/arm-none-eabi/6.3.1/thumb/v7e-m/crtbegin.o
                0x0040579c                __init_array_end = .
                0x0040579c                . = ALIGN (0x4)
 *crtbegin.o(.ctors)
 *(EXCLUDE_FILE(*crtend.o) .ctors)
 *(SORT(.ctors.*))
 *crtend.o(.ctors)
                0x0040579c                . = ALIGN (0x4)
 *(.fini)
 .fini          0x0040579c        0x4 c:/program files (x86)/atmel/studio/7.0/toolchain/arm/arm-gnu-toolchain/bin/../lib/gcc/arm-none-eabi/6.3.1/thumb/v7e-m/crti.o
                0x0040579c                _fini
 .fini          0x004057a0        0x8 c:/program files (x86)/atmel/studio/7.0/toolchain/arm/arm-gnu-toolchain/bin/../lib/gcc/arm-none-eabi/6.3.1/thumb/v7e-m/crtn.o
                0x004057a8                . = ALIGN (0x4)
                0x004057a8                __fini_array_start = .
 *(.fini_array)
 .fini_array    0x004057a8        0x4 c:/program files (x86)/atmel/studio/7.0/toolchain/arm/arm-gnu-toolchain/bin/../lib/gcc/arm-none-eabi/6.3.1/thumb/v7e-m/crtbegin.o
 *(SORT(.fini_array.*))
                0x004057ac                __fini_array_end = .
 *crtbegin.o(.dtors)
 *(EXCLUDE_FILE(*crtend.o) .dtors)
 *(SORT(.dtors.*))
 *crtend.o(.dtors)
                0x004057ac                . = ALIGN (0x4)
                0x004057ac                _efixed = .
                [!provide]                PROVIDE (__exidx_start, .)

.vfp11_veneer   0x004057ac        0x0
 .vfp11_veneer  0x004057ac        0x0 linker stubs

.v4_bx          0x004057ac        0x0
 .v4_bx         0x004057ac        0x0 linker stubs

.iplt           0x004057ac        0x0
 .iplt          0x004057ac        0x0 c:/program files (x86)/atmel/studio/7.0/toolchain/arm/arm-gnu-toolchain/bin/../lib/gcc/arm-none-eabi/6.3.1/thumb/v7e-m/crtbegin.o

.ARM.exidx      0x004057ac        0x8
 *(.ARM.exidx* .gnu.linkonce.armexidx.*)
 .ARM.exidx     0x004057ac        0x8 c:/program files (x86)/atmel/studio/7.0/toolchain/arm/arm-gnu-toolchain/bin/../lib/gcc/arm-none-eabi/6.3.1/thumb/v7e-m\libgcc.a(_udivmoddi4.o)
                [!provide]                PROVIDE (__exidx_end, .)

.eh_frame       0x004057b4        0x0
 .eh_frame      0x004057b4        0x0 c:/program files (x86)/atmel/studio/7.0/toolchain/arm/arm-gnu-toolchain/bin/../lib/gcc/arm-none-eabi/6.3.1/thumb/v7e-m/crtbegin.o

.rel.dyn        0x004057b4        0x0
 .rel.iplt      0x004057b4        0x0 c:/program files (x86)/atmel/studio/7.0/toolchain/arm/arm-gnu-toolchain/bin/../lib/gcc/arm-none-eabi/6.3.1/thumb/v7e-m/crtbegin.o

.jcr            0x004057b4        0x0
 .jcr           0x004057b4        0x0 c:/program files (x86)/atmel/studio/7.0/toolchain/arm/arm-gnu-toolchain/bin/../lib/gcc/arm-none-eabi/6.3.1/thumb/v7e-m/crtbegin.o

.igot.plt       0x004057b4        0x0
 .igot.plt      0x004057b4        0x0 c:/program files (x86)/atmel/studio/7.0/toolchain/arm/arm-gnu-toolchain/bin/../lib/gcc/arm-none-eabi/6.3.1/thumb/v7e-m/crtbegin.o
                0x004057b4                . = ALIGN (0x4)
                0x004057b4                _etext = .

.relocate       0x20000000      0x9b8 load address 0x004057b4
                0x20000000                . = ALIGN (0x4)
                0x20000000                _srelocate = .
 *(.ramfunc .ramfunc.*)
 *(.data .data.*)
 .data.g_interrupt_enabled
                0x20000000        0x1 src/ASF/common/utils/interrupt/interrupt_sam_nvic.o
                0x20000000                g_interrupt_enabled
 *fill*         0x20000001        0x3 
 .data.SystemCoreClock
                0x20000004        0x4 src/ASF/sam/utils/cmsis/samg/samg53/source/templates/system_samg53.o
                0x20000004                SystemCoreClock
 .data._impure_ptr
                0x20000008        0x4 c:/program files (x86)/atmel/studio/7.0/toolchain/arm/arm-gnu-toolchain/bin/../lib/gcc/arm-none-eabi/6.3.1/../../../../arm-none-eabi/lib/thumb/v7e-m\libc.a(lib_a-impure.o)
                0x20000008                _impure_ptr
 *fill*         0x2000000c        0x4 
 .data.impure_data
                0x20000010      0x428 c:/program files (x86)/atmel/studio/7.0/toolchain/arm/arm-gnu-toolchain/bin/../lib/gcc/arm-none-eabi/6.3.1/../../../../arm-none-eabi/lib/thumb/v7e-m\libc.a(lib_a-impure.o)
 .data.__atexit_recursive_mutex
                0x20000438        0x4 c:/program files (x86)/atmel/studio/7.0/toolchain/arm/arm-gnu-toolchain/bin/../lib/gcc/arm-none-eabi/6.3.1/../../../../arm-none-eabi/lib/thumb/v7e-m\libc.a(lib_a-__call_atexit.o)
                0x20000438                __atexit_recursive_mutex
 .data.__global_locale
                0x2000043c      0x16c c:/program files (x86)/atmel/studio/7.0/toolchain/arm/arm-gnu-toolchain/bin/../lib/gcc/arm-none-eabi/6.3.1/../../../../arm-none-eabi/lib/thumb/v7e-m\libc.a(lib_a-locale.o)
                0x2000043c                __global_locale
 .data.__malloc_av_
                0x200005a8      0x408 c:/program files (x86)/atmel/studio/7.0/toolchain/arm/arm-gnu-toolchain/bin/../lib/gcc/arm-none-eabi/6.3.1/../../../../arm-none-eabi/lib/thumb/v7e-m\libc.a(lib_a-mallocr.o)
                0x200005a8                __malloc_av_
 .data.__malloc_sbrk_base
                0x200009b0        0x4 c:/program files (x86)/atmel/studio/7.0/toolchain/arm/arm-gnu-toolchain/bin/../lib/gcc/arm-none-eabi/6.3.1/../../../../arm-none-eabi/lib/thumb/v7e-m\libc.a(lib_a-mallocr.o)
                0x200009b0                __malloc_sbrk_base
 .data.__malloc_trim_threshold
                0x200009b4        0x4 c:/program files (x86)/atmel/studio/7.0/toolchain/arm/arm-gnu-toolchain/bin/../lib/gcc/arm-none-eabi/6.3.1/../../../../arm-none-eabi/lib/thumb/v7e-m\libc.a(lib_a-mallocr.o)
                0x200009b4                __malloc_trim_threshold
                0x200009b8                . = ALIGN (0x4)
                0x200009b8                _erelocate = .

.bss            0x200009b8       0x98 load address 0x0040616c
                0x200009b8                . = ALIGN (0x4)
                0x200009b8                _sbss = .
                0x200009b8                _szero = .
 *(.bss .bss.*)
 .bss           0x200009b8       0x1c c:/program files (x86)/atmel/studio/7.0/toolchain/arm/arm-gnu-toolchain/bin/../lib/gcc/arm-none-eabi/6.3.1/thumb/v7e-m/crtbegin.o
 .bss.heap.6420
                0x200009d4        0x4 src/ASF/sam/utils/syscalls/gcc/syscalls.o
 .bss.gs_uc_configuration
                0x200009d8        0x1 src/tc_capture_waveform_example.o
 *fill*         0x200009d9        0x3 
 .bss.gs_ul_captured_pulses
                0x200009dc        0x4 src/tc_capture_waveform_example.o
 .bss.gs_ul_captured_ra
                0x200009e0        0x4 src/tc_capture_waveform_example.o
 .bss.gs_ul_captured_rb
                0x200009e4        0x4 src/tc_capture_waveform_example.o
 .bss.__malloc_current_mallinfo
                0x200009e8       0x28 c:/program files (x86)/atmel/studio/7.0/toolchain/arm/arm-gnu-toolchain/bin/../lib/gcc/arm-none-eabi/6.3.1/../../../../arm-none-eabi/lib/thumb/v7e-m\libc.a(lib_a-mallocr.o)
                0x200009e8                __malloc_current_mallinfo
 .bss.__malloc_max_sbrked_mem
                0x20000a10        0x4 c:/program files (x86)/atmel/studio/7.0/toolchain/arm/arm-gnu-toolchain/bin/../lib/gcc/arm-none-eabi/6.3.1/../../../../arm-none-eabi/lib/thumb/v7e-m\libc.a(lib_a-mallocr.o)
                0x20000a10                __malloc_max_sbrked_mem
 .bss.__malloc_max_total_mem
                0x20000a14        0x4 c:/program files (x86)/atmel/studio/7.0/toolchain/arm/arm-gnu-toolchain/bin/../lib/gcc/arm-none-eabi/6.3.1/../../../../arm-none-eabi/lib/thumb/v7e-m\libc.a(lib_a-mallocr.o)
                0x20000a14                __malloc_max_total_mem
 .bss.__malloc_top_pad
                0x20000a18        0x4 c:/program files (x86)/atmel/studio/7.0/toolchain/arm/arm-gnu-toolchain/bin/../lib/gcc/arm-none-eabi/6.3.1/../../../../arm-none-eabi/lib/thumb/v7e-m\libc.a(lib_a-mallocr.o)
                0x20000a18                __malloc_top_pad
 *(COMMON)
 COMMON         0x20000a1c        0x4 src/ASF/common/utils/stdio/read.o
                0x20000a1c                ptr_get
 COMMON         0x20000a20        0x8 src/ASF/common/utils/stdio/write.o
                0x20000a20                ptr_put
                0x20000a24                stdio_base
 COMMON         0x20000a28       0x21 c:/program files (x86)/atmel/studio/7.0/toolchain/arm/arm-gnu-toolchain/bin/../lib/gcc/arm-none-eabi/6.3.1/../../../../arm-none-eabi/lib/thumb/v7e-m\libc.a(lib_a-lock.o)
                0x20000a28                __lock___atexit_recursive_mutex
                0x20000a2c                __lock___arc4random_mutex
                0x20000a30                __lock___env_recursive_mutex
                0x20000a34                __lock___sinit_recursive_mutex
                0x20000a38                __lock___malloc_recursive_mutex
                0x20000a3c                __lock___at_quick_exit_mutex
                0x20000a40                __lock___dd_hash_mutex
                0x20000a44                __lock___tz_mutex
                0x20000a48                __lock___sfp_recursive_mutex
 *fill*         0x20000a49        0x3 
 COMMON         0x20000a4c        0x4 c:/program files (x86)/atmel/studio/7.0/toolchain/arm/arm-gnu-toolchain/bin/../lib/gcc/arm-none-eabi/6.3.1/../../../../arm-none-eabi/lib/thumb/v7e-m\libc.a(lib_a-reent.o)
                0x20000a4c                errno
                0x20000a50                . = ALIGN (0x4)
                0x20000a50                _ebss = .
                0x20000a50                _ezero = .

.stack          0x20000a50     0x3000 load address 0x00406204
                0x20000a50                . = ALIGN (0x8)
                0x20000a50                _sstack = .
                0x20003a50                . = (. + __stack_size__)
 *fill*         0x20000a50     0x3000 
                0x20003a50                . = ALIGN (0x8)
                0x20003a50                _estack = .
                0x20003a50                . = ALIGN (0x4)
                0x20003a50                _end = .
OUTPUT(TC_TC_CAPTURE_WAVEFORM_EXAMPLE1.elf elf32-littlearm)

.ARM.attributes
                0x00000000       0x2e
 .ARM.attributes
                0x00000000       0x1e c:/program files (x86)/atmel/studio/7.0/toolchain/arm/arm-gnu-toolchain/bin/../lib/gcc/arm-none-eabi/6.3.1/thumb/v7e-m/crti.o
 .ARM.attributes
                0x0000001e       0x2e c:/program files (x86)/atmel/studio/7.0/toolchain/arm/arm-gnu-toolchain/bin/../lib/gcc/arm-none-eabi/6.3.1/thumb/v7e-m/crtbegin.o
 .ARM.attributes
                0x0000004c       0x37 src/ASF/common/services/clock/samg/sysclk.o
 .ARM.attributes
                0x00000083       0x37 src/ASF/common/utils/interrupt/interrupt_sam_nvic.o
 .ARM.attributes
                0x000000ba       0x37 src/ASF/common/utils/stdio/read.o
 .ARM.attributes
                0x000000f1       0x37 src/ASF/common/utils/stdio/write.o
 .ARM.attributes
                0x00000128       0x37 src/ASF/sam/boards/samg53_xplained_pro/board_init.o
 .ARM.attributes
                0x0000015f       0x37 src/ASF/sam/drivers/pmc/pmc.o
 .ARM.attributes
                0x00000196       0x37 src/ASF/sam/drivers/tc/tc.o
 .ARM.attributes
                0x000001cd       0x37 src/ASF/sam/drivers/uart/uart.o
 .ARM.attributes
                0x00000204       0x37 src/ASF/sam/drivers/usart/usart.o
 .ARM.attributes
                0x0000023b       0x37 src/ASF/sam/utils/cmsis/samg/samg53/source/templates/exceptions.o
 .ARM.attributes
                0x00000272       0x37 src/ASF/sam/utils/cmsis/samg/samg53/source/templates/gcc/startup_samg53.o
 .ARM.attributes
                0x000002a9       0x37 src/ASF/sam/utils/cmsis/samg/samg53/source/templates/system_samg53.o
 .ARM.attributes
                0x000002e0       0x37 src/ASF/sam/utils/syscalls/gcc/syscalls.o
 .ARM.attributes
                0x00000317       0x37 src/tc_capture_waveform_example.o
 .ARM.attributes
                0x0000034e       0x2e c:/program files (x86)/atmel/studio/7.0/toolchain/arm/arm-gnu-toolchain/bin/../lib/gcc/arm-none-eabi/6.3.1/../../../../arm-none-eabi/lib/thumb/v7e-m\libc.a(lib_a-impure.o)
 .ARM.attributes
                0x0000037c       0x2e c:/program files (x86)/atmel/studio/7.0/toolchain/arm/arm-gnu-toolchain/bin/../lib/gcc/arm-none-eabi/6.3.1/../../../../arm-none-eabi/lib/thumb/v7e-m\libc.a(lib_a-init.o)
 .ARM.attributes
                0x000003aa       0x2e c:/program files (x86)/atmel/studio/7.0/toolchain/arm/arm-gnu-toolchain/bin/../lib/gcc/arm-none-eabi/6.3.1/../../../../arm-none-eabi/lib/thumb/v7e-m\libc.a(lib_a-iprintf.o)
 .ARM.attributes
                0x000003d8       0x2e c:/program files (x86)/atmel/studio/7.0/toolchain/arm/arm-gnu-toolchain/bin/../lib/gcc/arm-none-eabi/6.3.1/../../../../arm-none-eabi/lib/thumb/v7e-m\libc.a(lib_a-iscanf.o)
 .ARM.attributes
                0x00000406       0x2e c:/program files (x86)/atmel/studio/7.0/toolchain/arm/arm-gnu-toolchain/bin/../lib/gcc/arm-none-eabi/6.3.1/../../../../arm-none-eabi/lib/thumb/v7e-m\libc.a(lib_a-memset.o)
 .ARM.attributes
                0x00000434       0x2e c:/program files (x86)/atmel/studio/7.0/toolchain/arm/arm-gnu-toolchain/bin/../lib/gcc/arm-none-eabi/6.3.1/../../../../arm-none-eabi/lib/thumb/v7e-m\libc.a(lib_a-puts.o)
 .ARM.attributes
                0x00000462       0x2e c:/program files (x86)/atmel/studio/7.0/toolchain/arm/arm-gnu-toolchain/bin/../lib/gcc/arm-none-eabi/6.3.1/../../../../arm-none-eabi/lib/thumb/v7e-m\libc.a(lib_a-setbuf.o)
 .ARM.attributes
                0x00000490       0x2e c:/program files (x86)/atmel/studio/7.0/toolchain/arm/arm-gnu-toolchain/bin/../lib/gcc/arm-none-eabi/6.3.1/../../../../arm-none-eabi/lib/thumb/v7e-m\libc.a(lib_a-setvbuf.o)
 .ARM.attributes
                0x000004be       0x1c c:/program files (x86)/atmel/studio/7.0/toolchain/arm/arm-gnu-toolchain/bin/../lib/gcc/arm-none-eabi/6.3.1/../../../../arm-none-eabi/lib/thumb/v7e-m\libc.a(lib_a-strlen.o)
 .ARM.attributes
                0x000004da       0x2e c:/program files (x86)/atmel/studio/7.0/toolchain/arm/arm-gnu-toolchain/bin/../lib/gcc/arm-none-eabi/6.3.1/../../../../arm-none-eabi/lib/thumb/v7e-m\libc.a(lib_a-vfiprintf.o)
 .ARM.attributes
                0x00000508       0x2e c:/program files (x86)/atmel/studio/7.0/toolchain/arm/arm-gnu-toolchain/bin/../lib/gcc/arm-none-eabi/6.3.1/../../../../arm-none-eabi/lib/thumb/v7e-m\libc.a(lib_a-vfiscanf.o)
 .ARM.attributes
                0x00000536       0x2e c:/program files (x86)/atmel/studio/7.0/toolchain/arm/arm-gnu-toolchain/bin/../lib/gcc/arm-none-eabi/6.3.1/../../../../arm-none-eabi/lib/thumb/v7e-m\libc.a(lib_a-wsetup.o)
 .ARM.attributes
                0x00000564       0x2e c:/program files (x86)/atmel/studio/7.0/toolchain/arm/arm-gnu-toolchain/bin/../lib/gcc/arm-none-eabi/6.3.1/../../../../arm-none-eabi/lib/thumb/v7e-m\libc.a(lib_a-__call_atexit.o)
 .ARM.attributes
                0x00000592       0x2e c:/program files (x86)/atmel/studio/7.0/toolchain/arm/arm-gnu-toolchain/bin/../lib/gcc/arm-none-eabi/6.3.1/../../../../arm-none-eabi/lib/thumb/v7e-m\libc.a(lib_a-atexit.o)
 .ARM.attributes
                0x000005c0       0x2e c:/program files (x86)/atmel/studio/7.0/toolchain/arm/arm-gnu-toolchain/bin/../lib/gcc/arm-none-eabi/6.3.1/../../../../arm-none-eabi/lib/thumb/v7e-m\libc.a(lib_a-fflush.o)
 .ARM.attributes
                0x000005ee       0x2e c:/program files (x86)/atmel/studio/7.0/toolchain/arm/arm-gnu-toolchain/bin/../lib/gcc/arm-none-eabi/6.3.1/../../../../arm-none-eabi/lib/thumb/v7e-m\libc.a(lib_a-findfp.o)
 .ARM.attributes
                0x0000061c       0x2e c:/program files (x86)/atmel/studio/7.0/toolchain/arm/arm-gnu-toolchain/bin/../lib/gcc/arm-none-eabi/6.3.1/../../../../arm-none-eabi/lib/thumb/v7e-m\libc.a(lib_a-fini.o)
 .ARM.attributes
                0x0000064a       0x2e c:/program files (x86)/atmel/studio/7.0/toolchain/arm/arm-gnu-toolchain/bin/../lib/gcc/arm-none-eabi/6.3.1/../../../../arm-none-eabi/lib/thumb/v7e-m\libc.a(lib_a-fputwc.o)
 .ARM.attributes
                0x00000678       0x2e c:/program files (x86)/atmel/studio/7.0/toolchain/arm/arm-gnu-toolchain/bin/../lib/gcc/arm-none-eabi/6.3.1/../../../../arm-none-eabi/lib/thumb/v7e-m\libc.a(lib_a-fread.o)
 .ARM.attributes
                0x000006a6       0x2e c:/program files (x86)/atmel/studio/7.0/toolchain/arm/arm-gnu-toolchain/bin/../lib/gcc/arm-none-eabi/6.3.1/../../../../arm-none-eabi/lib/thumb/v7e-m\libc.a(lib_a-freer.o)
 .ARM.attributes
                0x000006d4       0x2e c:/program files (x86)/atmel/studio/7.0/toolchain/arm/arm-gnu-toolchain/bin/../lib/gcc/arm-none-eabi/6.3.1/../../../../arm-none-eabi/lib/thumb/v7e-m\libc.a(lib_a-fvwrite.o)
 .ARM.attributes
                0x00000702       0x2e c:/program files (x86)/atmel/studio/7.0/toolchain/arm/arm-gnu-toolchain/bin/../lib/gcc/arm-none-eabi/6.3.1/../../../../arm-none-eabi/lib/thumb/v7e-m\libc.a(lib_a-fwalk.o)
 .ARM.attributes
                0x00000730       0x2e c:/program files (x86)/atmel/studio/7.0/toolchain/arm/arm-gnu-toolchain/bin/../lib/gcc/arm-none-eabi/6.3.1/../../../../arm-none-eabi/lib/thumb/v7e-m\libc.a(lib_a-iswspace.o)
 .ARM.attributes
                0x0000075e       0x2e c:/program files (x86)/atmel/studio/7.0/toolchain/arm/arm-gnu-toolchain/bin/../lib/gcc/arm-none-eabi/6.3.1/../../../../arm-none-eabi/lib/thumb/v7e-m\libc.a(lib_a-locale.o)
 .ARM.attributes
                0x0000078c       0x2e c:/program files (x86)/atmel/studio/7.0/toolchain/arm/arm-gnu-toolchain/bin/../lib/gcc/arm-none-eabi/6.3.1/../../../../arm-none-eabi/lib/thumb/v7e-m\libc.a(lib_a-lock.o)
 .ARM.attributes
                0x000007ba       0x2e c:/program files (x86)/atmel/studio/7.0/toolchain/arm/arm-gnu-toolchain/bin/../lib/gcc/arm-none-eabi/6.3.1/../../../../arm-none-eabi/lib/thumb/v7e-m\libc.a(lib_a-makebuf.o)
 .ARM.attributes
                0x000007e8       0x2e c:/program files (x86)/atmel/studio/7.0/toolchain/arm/arm-gnu-toolchain/bin/../lib/gcc/arm-none-eabi/6.3.1/../../../../arm-none-eabi/lib/thumb/v7e-m\libc.a(lib_a-malloc.o)
 .ARM.attributes
                0x00000816       0x2e c:/program files (x86)/atmel/studio/7.0/toolchain/arm/arm-gnu-toolchain/bin/../lib/gcc/arm-none-eabi/6.3.1/../../../../arm-none-eabi/lib/thumb/v7e-m\libc.a(lib_a-mallocr.o)
 .ARM.attributes
                0x00000844       0x2e c:/program files (x86)/atmel/studio/7.0/toolchain/arm/arm-gnu-toolchain/bin/../lib/gcc/arm-none-eabi/6.3.1/../../../../arm-none-eabi/lib/thumb/v7e-m\libc.a(lib_a-mbrtowc.o)
 .ARM.attributes
                0x00000872       0x2e c:/program files (x86)/atmel/studio/7.0/toolchain/arm/arm-gnu-toolchain/bin/../lib/gcc/arm-none-eabi/6.3.1/../../../../arm-none-eabi/lib/thumb/v7e-m\libc.a(lib_a-mbtowc_r.o)
 .ARM.attributes
                0x000008a0       0x1c c:/program files (x86)/atmel/studio/7.0/toolchain/arm/arm-gnu-toolchain/bin/../lib/gcc/arm-none-eabi/6.3.1/../../../../arm-none-eabi/lib/thumb/v7e-m\libc.a(lib_a-memchr.o)
 .ARM.attributes
                0x000008bc       0x1c c:/program files (x86)/atmel/studio/7.0/toolchain/arm/arm-gnu-toolchain/bin/../lib/gcc/arm-none-eabi/6.3.1/../../../../arm-none-eabi/lib/thumb/v7e-m\libc.a(lib_a-memcpy.o)
 .ARM.attributes
                0x000008d8       0x2e c:/program files (x86)/atmel/studio/7.0/toolchain/arm/arm-gnu-toolchain/bin/../lib/gcc/arm-none-eabi/6.3.1/../../../../arm-none-eabi/lib/thumb/v7e-m\libc.a(lib_a-memmove.o)
 .ARM.attributes
                0x00000906       0x2e c:/program files (x86)/atmel/studio/7.0/toolchain/arm/arm-gnu-toolchain/bin/../lib/gcc/arm-none-eabi/6.3.1/../../../../arm-none-eabi/lib/thumb/v7e-m\libc.a(lib_a-mlock.o)
 .ARM.attributes
                0x00000934       0x2e c:/program files (x86)/atmel/studio/7.0/toolchain/arm/arm-gnu-toolchain/bin/../lib/gcc/arm-none-eabi/6.3.1/../../../../arm-none-eabi/lib/thumb/v7e-m\libc.a(lib_a-reallocr.o)
 .ARM.attributes
                0x00000962       0x2e c:/program files (x86)/atmel/studio/7.0/toolchain/arm/arm-gnu-toolchain/bin/../lib/gcc/arm-none-eabi/6.3.1/../../../../arm-none-eabi/lib/thumb/v7e-m\libc.a(lib_a-refill.o)
 .ARM.attributes
                0x00000990       0x2e c:/program files (x86)/atmel/studio/7.0/toolchain/arm/arm-gnu-toolchain/bin/../lib/gcc/arm-none-eabi/6.3.1/../../../../arm-none-eabi/lib/thumb/v7e-m\libc.a(lib_a-sbrkr.o)
 .ARM.attributes
                0x000009be       0x2e c:/program files (x86)/atmel/studio/7.0/toolchain/arm/arm-gnu-toolchain/bin/../lib/gcc/arm-none-eabi/6.3.1/../../../../arm-none-eabi/lib/thumb/v7e-m\libc.a(lib_a-sccl.o)
 .ARM.attributes
                0x000009ec       0x2e c:/program files (x86)/atmel/studio/7.0/toolchain/arm/arm-gnu-toolchain/bin/../lib/gcc/arm-none-eabi/6.3.1/../../../../arm-none-eabi/lib/thumb/v7e-m\libc.a(lib_a-stdio.o)
 .ARM.attributes
                0x00000a1a       0x2e c:/program files (x86)/atmel/studio/7.0/toolchain/arm/arm-gnu-toolchain/bin/../lib/gcc/arm-none-eabi/6.3.1/../../../../arm-none-eabi/lib/thumb/v7e-m\libc.a(lib_a-strtol.o)
 .ARM.attributes
                0x00000a48       0x2e c:/program files (x86)/atmel/studio/7.0/toolchain/arm/arm-gnu-toolchain/bin/../lib/gcc/arm-none-eabi/6.3.1/../../../../arm-none-eabi/lib/thumb/v7e-m\libc.a(lib_a-strtoll.o)
 .ARM.attributes
                0x00000a76       0x2e c:/program files (x86)/atmel/studio/7.0/toolchain/arm/arm-gnu-toolchain/bin/../lib/gcc/arm-none-eabi/6.3.1/../../../../arm-none-eabi/lib/thumb/v7e-m\libc.a(lib_a-strtoul.o)
 .ARM.attributes
                0x00000aa4       0x2e c:/program files (x86)/atmel/studio/7.0/toolchain/arm/arm-gnu-toolchain/bin/../lib/gcc/arm-none-eabi/6.3.1/../../../../arm-none-eabi/lib/thumb/v7e-m\libc.a(lib_a-strtoull.o)
 .ARM.attributes
                0x00000ad2       0x2e c:/program files (x86)/atmel/studio/7.0/toolchain/arm/arm-gnu-toolchain/bin/../lib/gcc/arm-none-eabi/6.3.1/../../../../arm-none-eabi/lib/thumb/v7e-m\libc.a(lib_a-ungetc.o)
 .ARM.attributes
                0x00000b00       0x2e c:/program files (x86)/atmel/studio/7.0/toolchain/arm/arm-gnu-toolchain/bin/../lib/gcc/arm-none-eabi/6.3.1/../../../../arm-none-eabi/lib/thumb/v7e-m\libc.a(lib_a-wbuf.o)
 .ARM.attributes
                0x00000b2e       0x2e c:/program files (x86)/atmel/studio/7.0/toolchain/arm/arm-gnu-toolchain/bin/../lib/gcc/arm-none-eabi/6.3.1/../../../../arm-none-eabi/lib/thumb/v7e-m\libc.a(lib_a-wcrtomb.o)
 .ARM.attributes
                0x00000b5c       0x2e c:/program files (x86)/atmel/studio/7.0/toolchain/arm/arm-gnu-toolchain/bin/../lib/gcc/arm-none-eabi/6.3.1/../../../../arm-none-eabi/lib/thumb/v7e-m\libc.a(lib_a-wctomb_r.o)
 .ARM.attributes
                0x00000b8a       0x2e c:/program files (x86)/atmel/studio/7.0/toolchain/arm/arm-gnu-toolchain/bin/../lib/gcc/arm-none-eabi/6.3.1/../../../../arm-none-eabi/lib/thumb/v7e-m\libc.a(lib_a-writer.o)
 .ARM.attributes
                0x00000bb8       0x2e c:/program files (x86)/atmel/studio/7.0/toolchain/arm/arm-gnu-toolchain/bin/../lib/gcc/arm-none-eabi/6.3.1/../../../../arm-none-eabi/lib/thumb/v7e-m\libc.a(lib_a-__atexit.o)
 .ARM.attributes
                0x00000be6       0x2e c:/program files (x86)/atmel/studio/7.0/toolchain/arm/arm-gnu-toolchain/bin/../lib/gcc/arm-none-eabi/6.3.1/../../../../arm-none-eabi/lib/thumb/v7e-m\libc.a(lib_a-closer.o)
 .ARM.attributes
                0x00000c14       0x2e c:/program files (x86)/atmel/studio/7.0/toolchain/arm/arm-gnu-toolchain/bin/../lib/gcc/arm-none-eabi/6.3.1/../../../../arm-none-eabi/lib/thumb/v7e-m\libc.a(lib_a-ctype_.o)
 .ARM.attributes
                0x00000c42       0x2e c:/program files (x86)/atmel/studio/7.0/toolchain/arm/arm-gnu-toolchain/bin/../lib/gcc/arm-none-eabi/6.3.1/../../../../arm-none-eabi/lib/thumb/v7e-m\libc.a(lib_a-fclose.o)
 .ARM.attributes
                0x00000c70       0x2e c:/program files (x86)/atmel/studio/7.0/toolchain/arm/arm-gnu-toolchain/bin/../lib/gcc/arm-none-eabi/6.3.1/../../../../arm-none-eabi/lib/thumb/v7e-m\libc.a(lib_a-fstatr.o)
 .ARM.attributes
                0x00000c9e       0x2e c:/program files (x86)/atmel/studio/7.0/toolchain/arm/arm-gnu-toolchain/bin/../lib/gcc/arm-none-eabi/6.3.1/../../../../arm-none-eabi/lib/thumb/v7e-m\libc.a(lib_a-isattyr.o)
 .ARM.attributes
                0x00000ccc       0x2e c:/program files (x86)/atmel/studio/7.0/toolchain/arm/arm-gnu-toolchain/bin/../lib/gcc/arm-none-eabi/6.3.1/../../../../arm-none-eabi/lib/thumb/v7e-m\libc.a(lib_a-lseekr.o)
 .ARM.attributes
                0x00000cfa       0x2e c:/program files (x86)/atmel/studio/7.0/toolchain/arm/arm-gnu-toolchain/bin/../lib/gcc/arm-none-eabi/6.3.1/../../../../arm-none-eabi/lib/thumb/v7e-m\libc.a(lib_a-readr.o)
 .ARM.attributes
                0x00000d28       0x2e c:/program files (x86)/atmel/studio/7.0/toolchain/arm/arm-gnu-toolchain/bin/../lib/gcc/arm-none-eabi/6.3.1/../../../../arm-none-eabi/lib/thumb/v7e-m\libc.a(lib_a-reent.o)
 .ARM.attributes
                0x00000d56       0x1e c:/program files (x86)/atmel/studio/7.0/toolchain/arm/arm-gnu-toolchain/bin/../lib/gcc/arm-none-eabi/6.3.1/thumb/v7e-m\libgcc.a(_aeabi_uldivmod.o)
 .ARM.attributes
                0x00000d74       0x2e c:/program files (x86)/atmel/studio/7.0/toolchain/arm/arm-gnu-toolchain/bin/../lib/gcc/arm-none-eabi/6.3.1/thumb/v7e-m\libgcc.a(_udivmoddi4.o)
 .ARM.attributes
                0x00000da2       0x1e c:/program files (x86)/atmel/studio/7.0/toolchain/arm/arm-gnu-toolchain/bin/../lib/gcc/arm-none-eabi/6.3.1/thumb/v7e-m\libgcc.a(_dvmd_tls.o)
 .ARM.attributes
                0x00000dc0       0x1e c:/program files (x86)/atmel/studio/7.0/toolchain/arm/arm-gnu-toolchain/bin/../lib/gcc/arm-none-eabi/6.3.1/thumb/v7e-m/crtn.o

.comment        0x00000000       0x59
 .comment       0x00000000       0x59 src/ASF/common/services/clock/samg/sysclk.o
                                 0x5a (size before relaxing)
 .comment       0x00000059       0x5a src/ASF/common/utils/interrupt/interrupt_sam_nvic.o
 .comment       0x00000059       0x5a src/ASF/common/utils/stdio/read.o
 .comment       0x00000059       0x5a src/ASF/common/utils/stdio/write.o
 .comment       0x00000059       0x5a src/ASF/sam/boards/samg53_xplained_pro/board_init.o
 .comment       0x00000059       0x5a src/ASF/sam/drivers/pmc/pmc.o
 .comment       0x00000059       0x5a src/ASF/sam/drivers/tc/tc.o
 .comment       0x00000059       0x5a src/ASF/sam/drivers/uart/uart.o
 .comment       0x00000059       0x5a src/ASF/sam/drivers/usart/usart.o
 .comment       0x00000059       0x5a src/ASF/sam/utils/cmsis/samg/samg53/source/templates/exceptions.o
 .comment       0x00000059       0x5a src/ASF/sam/utils/cmsis/samg/samg53/source/templates/gcc/startup_samg53.o
 .comment       0x00000059       0x5a src/ASF/sam/utils/cmsis/samg/samg53/source/templates/system_samg53.o
 .comment       0x00000059       0x5a src/ASF/sam/utils/syscalls/gcc/syscalls.o
 .comment       0x00000059       0x5a src/tc_capture_waveform_example.o

.debug_info     0x00000000     0xe98d
 .debug_info    0x00000000     0x10fa src/ASF/common/services/clock/samg/sysclk.o
 .debug_info    0x000010fa      0xb01 src/ASF/common/utils/interrupt/interrupt_sam_nvic.o
 .debug_info    0x00001bfb      0xac9 src/ASF/common/utils/stdio/read.o
 .debug_info    0x000026c4      0xac6 src/ASF/common/utils/stdio/write.o
 .debug_info    0x0000318a     0x13f4 src/ASF/sam/boards/samg53_xplained_pro/board_init.o
 .debug_info    0x0000457e     0x1933 src/ASF/sam/drivers/pmc/pmc.o
 .debug_info    0x00005eb1     0x11e9 src/ASF/sam/drivers/tc/tc.o
 .debug_info    0x0000709a     0x126d src/ASF/sam/drivers/uart/uart.o
 .debug_info    0x00008307     0x1d94 src/ASF/sam/drivers/usart/usart.o
 .debug_info    0x0000a09b       0xdc src/ASF/sam/utils/cmsis/samg/samg53/source/templates/exceptions.o
 .debug_info    0x0000a177      0xebe src/ASF/sam/utils/cmsis/samg/samg53/source/templates/gcc/startup_samg53.o
 .debug_info    0x0000b035      0x490 src/ASF/sam/utils/cmsis/samg/samg53/source/templates/system_samg53.o
 .debug_info    0x0000b4c5      0xdb0 src/ASF/sam/utils/syscalls/gcc/syscalls.o
 .debug_info    0x0000c275     0x2718 src/tc_capture_waveform_example.o

.debug_abbrev   0x00000000     0x2385
 .debug_abbrev  0x00000000      0x322 src/ASF/common/services/clock/samg/sysclk.o
 .debug_abbrev  0x00000322      0x212 src/ASF/common/utils/interrupt/interrupt_sam_nvic.o
 .debug_abbrev  0x00000534      0x1fe src/ASF/common/utils/stdio/read.o
 .debug_abbrev  0x00000732      0x1e9 src/ASF/common/utils/stdio/write.o
 .debug_abbrev  0x0000091b      0x2e4 src/ASF/sam/boards/samg53_xplained_pro/board_init.o
 .debug_abbrev  0x00000bff      0x35c src/ASF/sam/drivers/pmc/pmc.o
 .debug_abbrev  0x00000f5b      0x2a0 src/ASF/sam/drivers/tc/tc.o
 .debug_abbrev  0x000011fb      0x297 src/ASF/sam/drivers/uart/uart.o
 .debug_abbrev  0x00001492      0x406 src/ASF/sam/drivers/usart/usart.o
 .debug_abbrev  0x00001898       0x7d src/ASF/sam/utils/cmsis/samg/samg53/source/templates/exceptions.o
 .debug_abbrev  0x00001915      0x2ae src/ASF/sam/utils/cmsis/samg/samg53/source/templates/gcc/startup_samg53.o
 .debug_abbrev  0x00001bc3      0x102 src/ASF/sam/utils/cmsis/samg/samg53/source/templates/system_samg53.o
 .debug_abbrev  0x00001cc5      0x264 src/ASF/sam/utils/syscalls/gcc/syscalls.o
 .debug_abbrev  0x00001f29      0x45c src/tc_capture_waveform_example.o

.debug_loc      0x00000000     0x296d
 .debug_loc     0x00000000      0x12a src/ASF/common/services/clock/samg/sysclk.o
 .debug_loc     0x0000012a       0xb3 src/ASF/common/utils/stdio/read.o
 .debug_loc     0x000001dd      0x12b src/ASF/common/utils/stdio/write.o
 .debug_loc     0x00000308      0x13c src/ASF/sam/boards/samg53_xplained_pro/board_init.o
 .debug_loc     0x00000444      0xa10 src/ASF/sam/drivers/pmc/pmc.o
 .debug_loc     0x00000e54      0x562 src/ASF/sam/drivers/tc/tc.o
 .debug_loc     0x000013b6      0x2f5 src/ASF/sam/drivers/uart/uart.o
 .debug_loc     0x000016ab      0xc99 src/ASF/sam/drivers/usart/usart.o
 .debug_loc     0x00002344       0x77 src/ASF/sam/utils/cmsis/samg/samg53/source/templates/gcc/startup_samg53.o
 .debug_loc     0x000023bb       0xfd src/ASF/sam/utils/syscalls/gcc/syscalls.o
 .debug_loc     0x000024b8      0x4b5 src/tc_capture_waveform_example.o

.debug_aranges  0x00000000      0x708
 .debug_aranges
                0x00000000       0x30 src/ASF/common/services/clock/samg/sysclk.o
 .debug_aranges
                0x00000030       0x28 src/ASF/common/utils/interrupt/interrupt_sam_nvic.o
 .debug_aranges
                0x00000058       0x20 src/ASF/common/utils/stdio/read.o
 .debug_aranges
                0x00000078       0x20 src/ASF/common/utils/stdio/write.o
 .debug_aranges
                0x00000098       0x20 src/ASF/sam/boards/samg53_xplained_pro/board_init.o
 .debug_aranges
                0x000000b8      0x1d8 src/ASF/sam/drivers/pmc/pmc.o
 .debug_aranges
                0x00000290       0xb0 src/ASF/sam/drivers/tc/tc.o
 .debug_aranges
                0x00000340       0xf8 src/ASF/sam/drivers/uart/uart.o
 .debug_aranges
                0x00000438      0x1b8 src/ASF/sam/drivers/usart/usart.o
 .debug_aranges
                0x000005f0       0x20 src/ASF/sam/utils/cmsis/samg/samg53/source/templates/exceptions.o
 .debug_aranges
                0x00000610       0x20 src/ASF/sam/utils/cmsis/samg/samg53/source/templates/gcc/startup_samg53.o
 .debug_aranges
                0x00000630       0x30 src/ASF/sam/utils/cmsis/samg/samg53/source/templates/system_samg53.o
 .debug_aranges
                0x00000660       0x60 src/ASF/sam/utils/syscalls/gcc/syscalls.o
 .debug_aranges
                0x000006c0       0x48 src/tc_capture_waveform_example.o

.debug_ranges   0x00000000      0x628
 .debug_ranges  0x00000000       0x20 src/ASF/common/services/clock/samg/sysclk.o
 .debug_ranges  0x00000020       0x18 src/ASF/common/utils/interrupt/interrupt_sam_nvic.o
 .debug_ranges  0x00000038       0x10 src/ASF/common/utils/stdio/read.o
 .debug_ranges  0x00000048       0x10 src/ASF/common/utils/stdio/write.o
 .debug_ranges  0x00000058       0x10 src/ASF/sam/boards/samg53_xplained_pro/board_init.o
 .debug_ranges  0x00000068      0x1c8 src/ASF/sam/drivers/pmc/pmc.o
 .debug_ranges  0x00000230       0xa0 src/ASF/sam/drivers/tc/tc.o
 .debug_ranges  0x000002d0       0xe8 src/ASF/sam/drivers/uart/uart.o
 .debug_ranges  0x000003b8      0x1a8 src/ASF/sam/drivers/usart/usart.o
 .debug_ranges  0x00000560       0x10 src/ASF/sam/utils/cmsis/samg/samg53/source/templates/exceptions.o
 .debug_ranges  0x00000570       0x10 src/ASF/sam/utils/cmsis/samg/samg53/source/templates/gcc/startup_samg53.o
 .debug_ranges  0x00000580       0x20 src/ASF/sam/utils/cmsis/samg/samg53/source/templates/system_samg53.o
 .debug_ranges  0x000005a0       0x50 src/ASF/sam/utils/syscalls/gcc/syscalls.o
 .debug_ranges  0x000005f0       0x38 src/tc_capture_waveform_example.o

.debug_macro    0x00000000    0x1037d
 .debug_macro   0x00000000      0x548 src/ASF/common/services/clock/samg/sysclk.o
 .debug_macro   0x00000548      0x8ce src/ASF/common/services/clock/samg/sysclk.o
 .debug_macro   0x00000e16      0x64b src/ASF/common/services/clock/samg/sysclk.o
 .debug_macro   0x00001461       0x28 src/ASF/common/services/clock/samg/sysclk.o
 .debug_macro   0x00001489      0x16d src/ASF/common/services/clock/samg/sysclk.o
 .debug_macro   0x000015f6       0x76 src/ASF/common/services/clock/samg/sysclk.o
 .debug_macro   0x0000166c       0x16 src/ASF/common/services/clock/samg/sysclk.o
 .debug_macro   0x00001682      0x6e4 src/ASF/common/services/clock/samg/sysclk.o
 .debug_macro   0x00001d66       0x22 src/ASF/common/services/clock/samg/sysclk.o
 .debug_macro   0x00001d88       0x87 src/ASF/common/services/clock/samg/sysclk.o
 .debug_macro   0x00001e0f       0x51 src/ASF/common/services/clock/samg/sysclk.o
 .debug_macro   0x00001e60       0xef src/ASF/common/services/clock/samg/sysclk.o
 .debug_macro   0x00001f4f       0x6a src/ASF/common/services/clock/samg/sysclk.o
 .debug_macro   0x00001fb9      0x1df src/ASF/common/services/clock/samg/sysclk.o
 .debug_macro   0x00002198       0x27 src/ASF/common/services/clock/samg/sysclk.o
 .debug_macro   0x000021bf       0x3b src/ASF/common/services/clock/samg/sysclk.o
 .debug_macro   0x000021fa       0x2d src/ASF/common/services/clock/samg/sysclk.o
 .debug_macro   0x00002227       0x26 src/ASF/common/services/clock/samg/sysclk.o
 .debug_macro   0x0000224d      0xd39 src/ASF/common/services/clock/samg/sysclk.o
 .debug_macro   0x00002f86      0x6b6 src/ASF/common/services/clock/samg/sysclk.o
 .debug_macro   0x0000363c      0x197 src/ASF/common/services/clock/samg/sysclk.o
 .debug_macro   0x000037d3      0x106 src/ASF/common/services/clock/samg/sysclk.o
 .debug_macro   0x000038d9       0x1c src/ASF/common/services/clock/samg/sysclk.o
 .debug_macro   0x000038f5      0x3bf src/ASF/common/services/clock/samg/sysclk.o
 .debug_macro   0x00003cb4      0x22d src/ASF/common/services/clock/samg/sysclk.o
 .debug_macro   0x00003ee1      0x15e src/ASF/common/services/clock/samg/sysclk.o
 .debug_macro   0x0000403f       0xee src/ASF/common/services/clock/samg/sysclk.o
 .debug_macro   0x0000412d      0x1ff src/ASF/common/services/clock/samg/sysclk.o
 .debug_macro   0x0000432c     0x25e6 src/ASF/common/services/clock/samg/sysclk.o
 .debug_macro   0x00006912      0x8dc src/ASF/common/services/clock/samg/sysclk.o
 .debug_macro   0x000071ee       0x9a src/ASF/common/services/clock/samg/sysclk.o
 .debug_macro   0x00007288      0x34e src/ASF/common/services/clock/samg/sysclk.o
 .debug_macro   0x000075d6       0x64 src/ASF/common/services/clock/samg/sysclk.o
 .debug_macro   0x0000763a      0x3be src/ASF/common/services/clock/samg/sysclk.o
 .debug_macro   0x000079f8      0x16c src/ASF/common/services/clock/samg/sysclk.o
 .debug_macro   0x00007b64      0x5c6 src/ASF/common/services/clock/samg/sysclk.o
 .debug_macro   0x0000812a      0x3ce src/ASF/common/services/clock/samg/sysclk.o
 .debug_macro   0x000084f8      0x632 src/ASF/common/services/clock/samg/sysclk.o
 .debug_macro   0x00008b2a      0x360 src/ASF/common/services/clock/samg/sysclk.o
 .debug_macro   0x00008e8a      0x5a3 src/ASF/common/services/clock/samg/sysclk.o
 .debug_macro   0x0000942d       0x76 src/ASF/common/services/clock/samg/sysclk.o
 .debug_macro   0x000094a3       0x82 src/ASF/common/services/clock/samg/sysclk.o
 .debug_macro   0x00009525       0x82 src/ASF/common/services/clock/samg/sysclk.o
 .debug_macro   0x000095a7       0x88 src/ASF/common/services/clock/samg/sysclk.o
 .debug_macro   0x0000962f      0x10d src/ASF/common/services/clock/samg/sysclk.o
 .debug_macro   0x0000973c       0xe2 src/ASF/common/services/clock/samg/sysclk.o
 .debug_macro   0x0000981e       0xac src/ASF/common/services/clock/samg/sysclk.o
 .debug_macro   0x000098ca       0x94 src/ASF/common/services/clock/samg/sysclk.o
 .debug_macro   0x0000995e       0xa6 src/ASF/common/services/clock/samg/sysclk.o
 .debug_macro   0x00009a04       0x6a src/ASF/common/services/clock/samg/sysclk.o
 .debug_macro   0x00009a6e       0x70 src/ASF/common/services/clock/samg/sysclk.o
 .debug_macro   0x00009ade       0x70 src/ASF/common/services/clock/samg/sysclk.o
 .debug_macro   0x00009b4e       0xa0 src/ASF/common/services/clock/samg/sysclk.o
 .debug_macro   0x00009bee       0x94 src/ASF/common/services/clock/samg/sysclk.o
 .debug_macro   0x00009c82       0x40 src/ASF/common/services/clock/samg/sysclk.o
 .debug_macro   0x00009cc2       0xa6 src/ASF/common/services/clock/samg/sysclk.o
 .debug_macro   0x00009d68       0x88 src/ASF/common/services/clock/samg/sysclk.o
 .debug_macro   0x00009df0       0x16 src/ASF/common/services/clock/samg/sysclk.o
 .debug_macro   0x00009e06       0x88 src/ASF/common/services/clock/samg/sysclk.o
 .debug_macro   0x00009e8e       0x22 src/ASF/common/services/clock/samg/sysclk.o
 .debug_macro   0x00009eb0      0x12d src/ASF/common/services/clock/samg/sysclk.o
 .debug_macro   0x00009fdd      0x12d src/ASF/common/services/clock/samg/sysclk.o
 .debug_macro   0x0000a10a       0x1c src/ASF/common/services/clock/samg/sysclk.o
 .debug_macro   0x0000a126       0x22 src/ASF/common/services/clock/samg/sysclk.o
 .debug_macro   0x0000a148       0x22 src/ASF/common/services/clock/samg/sysclk.o
 .debug_macro   0x0000a16a       0x1c src/ASF/common/services/clock/samg/sysclk.o
 .debug_macro   0x0000a186       0x52 src/ASF/common/services/clock/samg/sysclk.o
 .debug_macro   0x0000a1d8       0x10 src/ASF/common/services/clock/samg/sysclk.o
 .debug_macro   0x0000a1e8      0x1f5 src/ASF/common/services/clock/samg/sysclk.o
 .debug_macro   0x0000a3dd      0x394 src/ASF/common/services/clock/samg/sysclk.o
 .debug_macro   0x0000a771       0xba src/ASF/common/services/clock/samg/sysclk.o
 .debug_macro   0x0000a82b       0x58 src/ASF/common/services/clock/samg/sysclk.o
 .debug_macro   0x0000a883       0x35 src/ASF/common/services/clock/samg/sysclk.o
 .debug_macro   0x0000a8b8       0x9c src/ASF/common/services/clock/samg/sysclk.o
 .debug_macro   0x0000a954       0x16 src/ASF/common/services/clock/samg/sysclk.o
 .debug_macro   0x0000a96a       0x35 src/ASF/common/services/clock/samg/sysclk.o
 .debug_macro   0x0000a99f      0x353 src/ASF/common/services/clock/samg/sysclk.o
 .debug_macro   0x0000acf2       0x10 src/ASF/common/services/clock/samg/sysclk.o
 .debug_macro   0x0000ad02       0x58 src/ASF/common/services/clock/samg/sysclk.o
 .debug_macro   0x0000ad5a       0x1f src/ASF/common/services/clock/samg/sysclk.o
 .debug_macro   0x0000ad79       0x43 src/ASF/common/services/clock/samg/sysclk.o
 .debug_macro   0x0000adbc       0x20 src/ASF/common/services/clock/samg/sysclk.o
 .debug_macro   0x0000addc      0x187 src/ASF/common/services/clock/samg/sysclk.o
 .debug_macro   0x0000af63       0x10 src/ASF/common/services/clock/samg/sysclk.o
 .debug_macro   0x0000af73       0x1c src/ASF/common/services/clock/samg/sysclk.o
 .debug_macro   0x0000af8f       0x52 src/ASF/common/services/clock/samg/sysclk.o
 .debug_macro   0x0000afe1       0x40 src/ASF/common/services/clock/samg/sysclk.o
 .debug_macro   0x0000b021       0x10 src/ASF/common/services/clock/samg/sysclk.o
 .debug_macro   0x0000b031       0x40 src/ASF/common/services/clock/samg/sysclk.o
 .debug_macro   0x0000b071       0xd7 src/ASF/common/services/clock/samg/sysclk.o
 .debug_macro   0x0000b148       0x16 src/ASF/common/services/clock/samg/sysclk.o
 .debug_macro   0x0000b15e      0x18b src/ASF/common/services/clock/samg/sysclk.o
 .debug_macro   0x0000b2e9       0x22 src/ASF/common/services/clock/samg/sysclk.o
 .debug_macro   0x0000b30b       0x16 src/ASF/common/services/clock/samg/sysclk.o
 .debug_macro   0x0000b321       0x16 src/ASF/common/services/clock/samg/sysclk.o
 .debug_macro   0x0000b337       0x29 src/ASF/common/services/clock/samg/sysclk.o
 .debug_macro   0x0000b360       0x75 src/ASF/common/services/clock/samg/sysclk.o
 .debug_macro   0x0000b3d5       0x3f src/ASF/common/services/clock/samg/sysclk.o
 .debug_macro   0x0000b414      0x3ca src/ASF/common/services/clock/samg/sysclk.o
 .debug_macro   0x0000b7de      0x2c0 src/ASF/common/services/clock/samg/sysclk.o
 .debug_macro   0x0000ba9e       0x58 src/ASF/common/services/clock/samg/sysclk.o
 .debug_macro   0x0000baf6      0x72d src/ASF/common/services/clock/samg/sysclk.o
 .debug_macro   0x0000c223       0x58 src/ASF/common/services/clock/samg/sysclk.o
 .debug_macro   0x0000c27b       0x64 src/ASF/common/services/clock/samg/sysclk.o
 .debug_macro   0x0000c2df       0x40 src/ASF/common/services/clock/samg/sysclk.o
 .debug_macro   0x0000c31f       0x7b src/ASF/common/services/clock/samg/sysclk.o
 .debug_macro   0x0000c39a       0x9a src/ASF/common/services/clock/samg/sysclk.o
 .debug_macro   0x0000c434      0x4b6 src/ASF/common/utils/interrupt/interrupt_sam_nvic.o
 .debug_macro   0x0000c8ea      0x4b6 src/ASF/common/utils/stdio/read.o
 .debug_macro   0x0000cda0      0x4b6 src/ASF/common/utils/stdio/write.o
 .debug_macro   0x0000d256      0x555 src/ASF/sam/boards/samg53_xplained_pro/board_init.o
 .debug_macro   0x0000d7ab       0x82 src/ASF/sam/boards/samg53_xplained_pro/board_init.o
 .debug_macro   0x0000d82d      0x4cb src/ASF/sam/drivers/pmc/pmc.o
 .debug_macro   0x0000dcf8       0x52 src/ASF/sam/drivers/pmc/pmc.o
 .debug_macro   0x0000dd4a      0x4cc src/ASF/sam/drivers/tc/tc.o
 .debug_macro   0x0000e216       0x52 src/ASF/sam/drivers/tc/tc.o
 .debug_macro   0x0000e268       0x8d src/ASF/sam/drivers/tc/tc.o
 .debug_macro   0x0000e2f5       0x16 src/ASF/sam/drivers/tc/tc.o
 .debug_macro   0x0000e30b       0x57 src/ASF/sam/drivers/tc/tc.o
 .debug_macro   0x0000e362       0x1c src/ASF/sam/drivers/tc/tc.o
 .debug_macro   0x0000e37e      0x4c5 src/ASF/sam/drivers/uart/uart.o
 .debug_macro   0x0000e843       0x16 src/ASF/sam/drivers/uart/uart.o
 .debug_macro   0x0000e859      0x4fb src/ASF/sam/drivers/usart/usart.o
 .debug_macro   0x0000ed54       0x28 src/ASF/sam/drivers/usart/usart.o
 .debug_macro   0x0000ed7c      0x2bd src/ASF/sam/utils/cmsis/samg/samg53/source/templates/exceptions.o
 .debug_macro   0x0000f039      0x4dd src/ASF/sam/utils/cmsis/samg/samg53/source/templates/gcc/startup_samg53.o
 .debug_macro   0x0000f516       0x10 src/ASF/sam/utils/cmsis/samg/samg53/source/templates/gcc/startup_samg53.o
 .debug_macro   0x0000f526      0x2cf src/ASF/sam/utils/cmsis/samg/samg53/source/templates/system_samg53.o
 .debug_macro   0x0000f7f5       0x2d src/ASF/sam/utils/cmsis/samg/samg53/source/templates/system_samg53.o
 .debug_macro   0x0000f822      0x1d6 src/ASF/sam/utils/syscalls/gcc/syscalls.o
 .debug_macro   0x0000f9f8       0x97 src/ASF/sam/utils/syscalls/gcc/syscalls.o
 .debug_macro   0x0000fa8f       0xf6 src/ASF/sam/utils/syscalls/gcc/syscalls.o
 .debug_macro   0x0000fb85       0x4c src/ASF/sam/utils/syscalls/gcc/syscalls.o
 .debug_macro   0x0000fbd1       0x16 src/ASF/sam/utils/syscalls/gcc/syscalls.o
 .debug_macro   0x0000fbe7       0x10 src/ASF/sam/utils/syscalls/gcc/syscalls.o
 .debug_macro   0x0000fbf7       0x10 src/ASF/sam/utils/syscalls/gcc/syscalls.o
 .debug_macro   0x0000fc07       0x35 src/ASF/sam/utils/syscalls/gcc/syscalls.o
 .debug_macro   0x0000fc3c      0x122 src/ASF/sam/utils/syscalls/gcc/syscalls.o
 .debug_macro   0x0000fd5e      0x5ed src/tc_capture_waveform_example.o
 .debug_macro   0x0001034b       0x16 src/tc_capture_waveform_example.o
 .debug_macro   0x00010361       0x1c src/tc_capture_waveform_example.o

.debug_line     0x00000000     0x99e4
 .debug_line    0x00000000      0xbdf src/ASF/common/services/clock/samg/sysclk.o
 .debug_line    0x00000bdf      0xa56 src/ASF/common/utils/interrupt/interrupt_sam_nvic.o
 .debug_line    0x00001635      0xa3c src/ASF/common/utils/stdio/read.o
 .debug_line    0x00002071      0xa34 src/ASF/common/utils/stdio/write.o
 .debug_line    0x00002aa5      0xbdd src/ASF/sam/boards/samg53_xplained_pro/board_init.o
 .debug_line    0x00003682      0xf3e src/ASF/sam/drivers/pmc/pmc.o
 .debug_line    0x000045c0      0xb94 src/ASF/sam/drivers/tc/tc.o
 .debug_line    0x00005154      0xc18 src/ASF/sam/drivers/uart/uart.o
 .debug_line    0x00005d6c      0xee0 src/ASF/sam/drivers/usart/usart.o
 .debug_line    0x00006c4c      0x7b8 src/ASF/sam/utils/cmsis/samg/samg53/source/templates/exceptions.o
 .debug_line    0x00007404      0xacf src/ASF/sam/utils/cmsis/samg/samg53/source/templates/gcc/startup_samg53.o
 .debug_line    0x00007ed3      0x804 src/ASF/sam/utils/cmsis/samg/samg53/source/templates/system_samg53.o
 .debug_line    0x000086d7      0x40b src/ASF/sam/utils/syscalls/gcc/syscalls.o
 .debug_line    0x00008ae2      0xf02 src/tc_capture_waveform_example.o

.debug_str      0x00000000    0x43701
 .debug_str     0x00000000    0x4059b src/ASF/common/services/clock/samg/sysclk.o
                              0x40939 (size before relaxing)
 .debug_str     0x0004059b       0x94 src/ASF/common/utils/interrupt/interrupt_sam_nvic.o
                              0x3d10f (size before relaxing)
 .debug_str     0x0004062f       0x3f src/ASF/common/utils/stdio/read.o
                              0x3d0b8 (size before relaxing)
 .debug_str     0x0004066e       0x2e src/ASF/common/utils/stdio/write.o
                              0x3d0b9 (size before relaxing)
 .debug_str     0x0004069c      0x77f src/ASF/sam/boards/samg53_xplained_pro/board_init.o
                              0x40bda (size before relaxing)
 .debug_str     0x00040e1b      0x5fd src/ASF/sam/drivers/pmc/pmc.o
                              0x3da96 (size before relaxing)
 .debug_str     0x00041418      0x323 src/ASF/sam/drivers/tc/tc.o
                              0x3d3d4 (size before relaxing)
 .debug_str     0x0004173b      0x42a src/ASF/sam/drivers/uart/uart.o
                              0x3d4f4 (size before relaxing)
 .debug_str     0x00041b65      0x7fd src/ASF/sam/drivers/usart/usart.o
                              0x3d95d (size before relaxing)
 .debug_str     0x00042362       0x6a src/ASF/sam/utils/cmsis/samg/samg53/source/templates/exceptions.o
                              0x2d6b8 (size before relaxing)
 .debug_str     0x000423cc      0x1d4 src/ASF/sam/utils/cmsis/samg/samg53/source/templates/gcc/startup_samg53.o
                              0x3d311 (size before relaxing)
 .debug_str     0x000425a0      0x189 src/ASF/sam/utils/cmsis/samg/samg53/source/templates/system_samg53.o
                              0x2d974 (size before relaxing)
 .debug_str     0x00042729      0x774 src/ASF/sam/utils/syscalls/gcc/syscalls.o
                               0x748a (size before relaxing)
 .debug_str     0x00042e9d      0x864 src/tc_capture_waveform_example.o
                              0x41a06 (size before relaxing)

.debug_frame    0x00000000     0x20c8
 .debug_frame   0x00000000       0x58 src/ASF/common/services/clock/samg/sysclk.o
 .debug_frame   0x00000058       0x30 src/ASF/common/utils/interrupt/interrupt_sam_nvic.o
 .debug_frame   0x00000088       0x30 src/ASF/common/utils/stdio/read.o
 .debug_frame   0x000000b8       0x48 src/ASF/common/utils/stdio/write.o
 .debug_frame   0x00000100       0x28 src/ASF/sam/boards/samg53_xplained_pro/board_init.o
 .debug_frame   0x00000128      0x3a4 src/ASF/sam/drivers/pmc/pmc.o
 .debug_frame   0x000004cc      0x168 src/ASF/sam/drivers/tc/tc.o
 .debug_frame   0x00000634      0x1dc src/ASF/sam/drivers/uart/uart.o
 .debug_frame   0x00000810      0x3d4 src/ASF/sam/drivers/usart/usart.o
 .debug_frame   0x00000be4       0x20 src/ASF/sam/utils/cmsis/samg/samg53/source/templates/exceptions.o
 .debug_frame   0x00000c04       0x28 src/ASF/sam/utils/cmsis/samg/samg53/source/templates/gcc/startup_samg53.o
 .debug_frame   0x00000c2c       0x40 src/ASF/sam/utils/cmsis/samg/samg53/source/templates/system_samg53.o
 .debug_frame   0x00000c6c       0xa0 src/ASF/sam/utils/syscalls/gcc/syscalls.o
 .debug_frame   0x00000d0c       0xd0 src/tc_capture_waveform_example.o
 .debug_frame   0x00000ddc       0x2c c:/program files (x86)/atmel/studio/7.0/toolchain/arm/arm-gnu-toolchain/bin/../lib/gcc/arm-none-eabi/6.3.1/../../../../arm-none-eabi/lib/thumb/v7e-m\libc.a(lib_a-init.o)
 .debug_frame   0x00000e08       0x74 c:/program files (x86)/atmel/studio/7.0/toolchain/arm/arm-gnu-toolchain/bin/../lib/gcc/arm-none-eabi/6.3.1/../../../../arm-none-eabi/lib/thumb/v7e-m\libc.a(lib_a-iprintf.o)
 .debug_frame   0x00000e7c       0x74 c:/program files (x86)/atmel/studio/7.0/toolchain/arm/arm-gnu-toolchain/bin/../lib/gcc/arm-none-eabi/6.3.1/../../../../arm-none-eabi/lib/thumb/v7e-m\libc.a(lib_a-iscanf.o)
 .debug_frame   0x00000ef0       0x34 c:/program files (x86)/atmel/studio/7.0/toolchain/arm/arm-gnu-toolchain/bin/../lib/gcc/arm-none-eabi/6.3.1/../../../../arm-none-eabi/lib/thumb/v7e-m\libc.a(lib_a-memset.o)
 .debug_frame   0x00000f24       0x4c c:/program files (x86)/atmel/studio/7.0/toolchain/arm/arm-gnu-toolchain/bin/../lib/gcc/arm-none-eabi/6.3.1/../../../../arm-none-eabi/lib/thumb/v7e-m\libc.a(lib_a-puts.o)
 .debug_frame   0x00000f70       0x20 c:/program files (x86)/atmel/studio/7.0/toolchain/arm/arm-gnu-toolchain/bin/../lib/gcc/arm-none-eabi/6.3.1/../../../../arm-none-eabi/lib/thumb/v7e-m\libc.a(lib_a-setbuf.o)
 .debug_frame   0x00000f90       0x48 c:/program files (x86)/atmel/studio/7.0/toolchain/arm/arm-gnu-toolchain/bin/../lib/gcc/arm-none-eabi/6.3.1/../../../../arm-none-eabi/lib/thumb/v7e-m\libc.a(lib_a-setvbuf.o)
 .debug_frame   0x00000fd8       0xd8 c:/program files (x86)/atmel/studio/7.0/toolchain/arm/arm-gnu-toolchain/bin/../lib/gcc/arm-none-eabi/6.3.1/../../../../arm-none-eabi/lib/thumb/v7e-m\libc.a(lib_a-vfiprintf.o)
 .debug_frame   0x000010b0       0xbc c:/program files (x86)/atmel/studio/7.0/toolchain/arm/arm-gnu-toolchain/bin/../lib/gcc/arm-none-eabi/6.3.1/../../../../arm-none-eabi/lib/thumb/v7e-m\libc.a(lib_a-vfiscanf.o)
 .debug_frame   0x0000116c       0x2c c:/program files (x86)/atmel/studio/7.0/toolchain/arm/arm-gnu-toolchain/bin/../lib/gcc/arm-none-eabi/6.3.1/../../../../arm-none-eabi/lib/thumb/v7e-m\libc.a(lib_a-wsetup.o)
 .debug_frame   0x00001198       0x5c c:/program files (x86)/atmel/studio/7.0/toolchain/arm/arm-gnu-toolchain/bin/../lib/gcc/arm-none-eabi/6.3.1/../../../../arm-none-eabi/lib/thumb/v7e-m\libc.a(lib_a-__call_atexit.o)
 .debug_frame   0x000011f4       0x20 c:/program files (x86)/atmel/studio/7.0/toolchain/arm/arm-gnu-toolchain/bin/../lib/gcc/arm-none-eabi/6.3.1/../../../../arm-none-eabi/lib/thumb/v7e-m\libc.a(lib_a-atexit.o)
 .debug_frame   0x00001214       0x5c c:/program files (x86)/atmel/studio/7.0/toolchain/arm/arm-gnu-toolchain/bin/../lib/gcc/arm-none-eabi/6.3.1/../../../../arm-none-eabi/lib/thumb/v7e-m\libc.a(lib_a-fflush.o)
 .debug_frame   0x00001270      0x148 c:/program files (x86)/atmel/studio/7.0/toolchain/arm/arm-gnu-toolchain/bin/../lib/gcc/arm-none-eabi/6.3.1/../../../../arm-none-eabi/lib/thumb/v7e-m\libc.a(lib_a-findfp.o)
 .debug_frame   0x000013b8       0x34 c:/program files (x86)/atmel/studio/7.0/toolchain/arm/arm-gnu-toolchain/bin/../lib/gcc/arm-none-eabi/6.3.1/../../../../arm-none-eabi/lib/thumb/v7e-m\libc.a(lib_a-fini.o)
 .debug_frame   0x000013ec       0x94 c:/program files (x86)/atmel/studio/7.0/toolchain/arm/arm-gnu-toolchain/bin/../lib/gcc/arm-none-eabi/6.3.1/../../../../arm-none-eabi/lib/thumb/v7e-m\libc.a(lib_a-fputwc.o)
 .debug_frame   0x00001480       0x6c c:/program files (x86)/atmel/studio/7.0/toolchain/arm/arm-gnu-toolchain/bin/../lib/gcc/arm-none-eabi/6.3.1/../../../../arm-none-eabi/lib/thumb/v7e-m\libc.a(lib_a-fread.o)
 .debug_frame   0x000014ec       0x74 c:/program files (x86)/atmel/studio/7.0/toolchain/arm/arm-gnu-toolchain/bin/../lib/gcc/arm-none-eabi/6.3.1/../../../../arm-none-eabi/lib/thumb/v7e-m\libc.a(lib_a-freer.o)
 .debug_frame   0x00001560       0x68 c:/program files (x86)/atmel/studio/7.0/toolchain/arm/arm-gnu-toolchain/bin/../lib/gcc/arm-none-eabi/6.3.1/../../../../arm-none-eabi/lib/thumb/v7e-m\libc.a(lib_a-fvwrite.o)
 .debug_frame   0x000015c8       0x54 c:/program files (x86)/atmel/studio/7.0/toolchain/arm/arm-gnu-toolchain/bin/../lib/gcc/arm-none-eabi/6.3.1/../../../../arm-none-eabi/lib/thumb/v7e-m\libc.a(lib_a-fwalk.o)
 .debug_frame   0x0000161c       0x28 c:/program files (x86)/atmel/studio/7.0/toolchain/arm/arm-gnu-toolchain/bin/../lib/gcc/arm-none-eabi/6.3.1/../../../../arm-none-eabi/lib/thumb/v7e-m\libc.a(lib_a-iswspace.o)
 .debug_frame   0x00001644       0x6c c:/program files (x86)/atmel/studio/7.0/toolchain/arm/arm-gnu-toolchain/bin/../lib/gcc/arm-none-eabi/6.3.1/../../../../arm-none-eabi/lib/thumb/v7e-m\libc.a(lib_a-locale.o)
 .debug_frame   0x000016b0       0xb0 c:/program files (x86)/atmel/studio/7.0/toolchain/arm/arm-gnu-toolchain/bin/../lib/gcc/arm-none-eabi/6.3.1/../../../../arm-none-eabi/lib/thumb/v7e-m\libc.a(lib_a-lock.o)
 .debug_frame   0x00001760       0x68 c:/program files (x86)/atmel/studio/7.0/toolchain/arm/arm-gnu-toolchain/bin/../lib/gcc/arm-none-eabi/6.3.1/../../../../arm-none-eabi/lib/thumb/v7e-m\libc.a(lib_a-makebuf.o)
 .debug_frame   0x000017c8       0x30 c:/program files (x86)/atmel/studio/7.0/toolchain/arm/arm-gnu-toolchain/bin/../lib/gcc/arm-none-eabi/6.3.1/../../../../arm-none-eabi/lib/thumb/v7e-m\libc.a(lib_a-malloc.o)
 .debug_frame   0x000017f8       0x58 c:/program files (x86)/atmel/studio/7.0/toolchain/arm/arm-gnu-toolchain/bin/../lib/gcc/arm-none-eabi/6.3.1/../../../../arm-none-eabi/lib/thumb/v7e-m\libc.a(lib_a-mallocr.o)
 .debug_frame   0x00001850       0x60 c:/program files (x86)/atmel/studio/7.0/toolchain/arm/arm-gnu-toolchain/bin/../lib/gcc/arm-none-eabi/6.3.1/../../../../arm-none-eabi/lib/thumb/v7e-m\libc.a(lib_a-mbrtowc.o)
 .debug_frame   0x000018b0       0x4c c:/program files (x86)/atmel/studio/7.0/toolchain/arm/arm-gnu-toolchain/bin/../lib/gcc/arm-none-eabi/6.3.1/../../../../arm-none-eabi/lib/thumb/v7e-m\libc.a(lib_a-mbtowc_r.o)
 .debug_frame   0x000018fc       0x30 c:/program files (x86)/atmel/studio/7.0/toolchain/arm/arm-gnu-toolchain/bin/../lib/gcc/arm-none-eabi/6.3.1/../../../../arm-none-eabi/lib/thumb/v7e-m\libc.a(lib_a-memmove.o)
 .debug_frame   0x0000192c       0x30 c:/program files (x86)/atmel/studio/7.0/toolchain/arm/arm-gnu-toolchain/bin/../lib/gcc/arm-none-eabi/6.3.1/../../../../arm-none-eabi/lib/thumb/v7e-m\libc.a(lib_a-mlock.o)