Archive member included to satisfy reference by file (symbol)

c:/program files (x86)/atmel/studio/7.0/toolchain/arm/arm-gnu-toolchain/bin/../lib/gcc/arm-none-eabi/6.3.1/../../../../arm-none-eabi/lib/thumb/v7e-m\libc.a(lib_a-exit.o)
                              c:/program files (x86)/atmel/studio/7.0/toolchain/arm/arm-gnu-toolchain/bin/../lib/gcc/arm-none-eabi/6.3.1/../../../../arm-none-eabi/lib/thumb/v7e-m/crt0.o (exit)
c:/program files (x86)/atmel/studio/7.0/toolchain/arm/arm-gnu-toolchain/bin/../lib/gcc/arm-none-eabi/6.3.1/../../../../arm-none-eabi/lib/thumb/v7e-m\libc.a(lib_a-impure.o)
                              c:/program files (x86)/atmel/studio/7.0/toolchain/arm/arm-gnu-toolchain/bin/../lib/gcc/arm-none-eabi/6.3.1/../../../../arm-none-eabi/lib/thumb/v7e-m\libc.a(lib_a-exit.o) (_global_impure_ptr)
c:/program files (x86)/atmel/studio/7.0/toolchain/arm/arm-gnu-toolchain/bin/../lib/gcc/arm-none-eabi/6.3.1/../../../../arm-none-eabi/lib/thumb/v7e-m\libc.a(lib_a-init.o)
                              c:/program files (x86)/atmel/studio/7.0/toolchain/arm/arm-gnu-toolchain/bin/../lib/gcc/arm-none-eabi/6.3.1/../../../../arm-none-eabi/lib/thumb/v7e-m/crt0.o (__libc_init_array)
c:/program files (x86)/atmel/studio/7.0/toolchain/arm/arm-gnu-toolchain/bin/../lib/gcc/arm-none-eabi/6.3.1/../../../../arm-none-eabi/lib/thumb/v7e-m\libc.a(lib_a-memset.o)
                              c:/program files (x86)/atmel/studio/7.0/toolchain/arm/arm-gnu-toolchain/bin/../lib/gcc/arm-none-eabi/6.3.1/../../../../arm-none-eabi/lib/thumb/v7e-m/crt0.o (memset)
c:/program files (x86)/atmel/studio/7.0/toolchain/arm/arm-gnu-toolchain/bin/../lib/gcc/arm-none-eabi/6.3.1/../../../../arm-none-eabi/lib/thumb/v7e-m\libc.a(lib_a-strlen.o)
                              src/main.o (strlen)
c:/program files (x86)/atmel/studio/7.0/toolchain/arm/arm-gnu-toolchain/bin/../lib/gcc/arm-none-eabi/6.3.1/../../../../arm-none-eabi/lib/thumb/v7e-m\libc.a(lib_a-vsprintf.o)
                              src/main.o (vsprintf)
c:/program files (x86)/atmel/studio/7.0/toolchain/arm/arm-gnu-toolchain/bin/../lib/gcc/arm-none-eabi/6.3.1/../../../../arm-none-eabi/lib/thumb/v7e-m\libc.a(lib_a-__call_atexit.o)
                              c:/program files (x86)/atmel/studio/7.0/toolchain/arm/arm-gnu-toolchain/bin/../lib/gcc/arm-none-eabi/6.3.1/../../../../arm-none-eabi/lib/thumb/v7e-m\libc.a(lib_a-exit.o) (__call_exitprocs)
c:/program files (x86)/atmel/studio/7.0/toolchain/arm/arm-gnu-toolchain/bin/../lib/gcc/arm-none-eabi/6.3.1/../../../../arm-none-eabi/lib/thumb/v7e-m\libc.a(lib_a-atexit.o)
                              c:/program files (x86)/atmel/studio/7.0/toolchain/arm/arm-gnu-toolchain/bin/../lib/gcc/arm-none-eabi/6.3.1/../../../../arm-none-eabi/lib/thumb/v7e-m\libc.a(lib_a-__call_atexit.o) (atexit)
c:/program files (x86)/atmel/studio/7.0/toolchain/arm/arm-gnu-toolchain/bin/../lib/gcc/arm-none-eabi/6.3.1/../../../../arm-none-eabi/lib/thumb/v7e-m\libc.a(lib_a-fini.o)
                              c:/program files (x86)/atmel/studio/7.0/toolchain/arm/arm-gnu-toolchain/bin/../lib/gcc/arm-none-eabi/6.3.1/../../../../arm-none-eabi/lib/thumb/v7e-m\libc.a(lib_a-__call_atexit.o) (__libc_fini_array)
c:/program files (x86)/atmel/studio/7.0/toolchain/arm/arm-gnu-toolchain/bin/../lib/gcc/arm-none-eabi/6.3.1/../../../../arm-none-eabi/lib/thumb/v7e-m\libc.a(lib_a-lock.o)
                              c:/program files (x86)/atmel/studio/7.0/toolchain/arm/arm-gnu-toolchain/bin/../lib/gcc/arm-none-eabi/6.3.1/../../../../arm-none-eabi/lib/thumb/v7e-m\libc.a(lib_a-__call_atexit.o) (__retarget_lock_acquire_recursive)
c:/program files (x86)/atmel/studio/7.0/toolchain/arm/arm-gnu-toolchain/bin/../lib/gcc/arm-none-eabi/6.3.1/../../../../arm-none-eabi/lib/thumb/v7e-m\libc.a(lib_a-svfprintf.o)
                              c:/program files (x86)/atmel/studio/7.0/toolchain/arm/arm-gnu-toolchain/bin/../lib/gcc/arm-none-eabi/6.3.1/../../../../arm-none-eabi/lib/thumb/v7e-m\libc.a(lib_a-vsprintf.o) (_svfprintf_r)
c:/program files (x86)/atmel/studio/7.0/toolchain/arm/arm-gnu-toolchain/bin/../lib/gcc/arm-none-eabi/6.3.1/../../../../arm-none-eabi/lib/thumb/v7e-m\libc.a(lib_a-__atexit.o)
                              c:/program files (x86)/atmel/studio/7.0/toolchain/arm/arm-gnu-toolchain/bin/../lib/gcc/arm-none-eabi/6.3.1/../../../../arm-none-eabi/lib/thumb/v7e-m\libc.a(lib_a-atexit.o) (__register_exitproc)
c:/program files (x86)/atmel/studio/7.0/toolchain/arm/arm-gnu-toolchain/bin/../lib/gcc/arm-none-eabi/6.3.1/../../../../arm-none-eabi/lib/thumb/v7e-m\libc.a(lib_a-dtoa.o)
                              c:/program files (x86)/atmel/studio/7.0/toolchain/arm/arm-gnu-toolchain/bin/../lib/gcc/arm-none-eabi/6.3.1/../../../../arm-none-eabi/lib/thumb/v7e-m\libc.a(lib_a-svfprintf.o) (_dtoa_r)
c:/program files (x86)/atmel/studio/7.0/toolchain/arm/arm-gnu-toolchain/bin/../lib/gcc/arm-none-eabi/6.3.1/../../../../arm-none-eabi/lib/thumb/v7e-m\libc.a(lib_a-localeconv.o)
[...]
Memory Configuration

Name             Origin             Length             Attributes
rom              0x00400000         0x00080000         xr
ram              0x20000000         0x00018000         xrw
*default*        0x00000000         0xffffffff

Linker script and memory map

LOAD c:/program files (x86)/atmel/studio/7.0/toolchain/arm/arm-gnu-toolchain/bin/../lib/gcc/arm-none-eabi/6.3.1/thumb/v7e-m/crti.o
LOAD c:/program files (x86)/atmel/studio/7.0/toolchain/arm/arm-gnu-toolchain/bin/../lib/gcc/arm-none-eabi/6.3.1/thumb/v7e-m/crtbegin.o
LOAD c:/program files (x86)/atmel/studio/7.0/toolchain/arm/arm-gnu-toolchain/bin/../lib/gcc/arm-none-eabi/6.3.1/../../../../arm-none-eabi/lib/thumb/v7e-m/crt0.o
LOAD src/ASF/common/services/delay/sam/cycle_counter.o
LOAD src/ASF/sam/drivers/pio/pio_handler.o
LOAD src/ASF/sam/drivers/usart/usart.o
LOAD src/ASF/common/services/serial/usart_serial.o
LOAD src/ASF/sam/drivers/pio/pio.o
LOAD src/ASF/sam/drivers/rtc/rtc.o
LOAD src/ASF/sam/drivers/tc/tc.o
LOAD src/ASF/sam/drivers/uart/uart.o
LOAD src/ASF/common/services/clock/samg/sysclk.o
LOAD src/ASF/common/utils/interrupt/interrupt_sam_nvic.o
LOAD src/ASF/sam/boards/samg53_xplained_pro/board_init.o
LOAD src/ASF/sam/drivers/efc/efc.o
LOAD src/ASF/sam/drivers/pmc/pmc.o
LOAD src/ASF/sam/drivers/pmc/sleep.o
LOAD src/ASF/sam/drivers/supc/supc.o
LOAD src/ASF/sam/utils/cmsis/samg/samg53/source/templates/exceptions.o
LOAD src/ASF/sam/utils/cmsis/samg/samg53/source/templates/gcc/startup_samg53.o
LOAD src/ASF/sam/utils/cmsis/samg/samg53/source/templates/system_samg53.o
LOAD src/ASF/sam/utils/syscalls/gcc/syscalls.o
LOAD src/main.o
START GROUP
LOAD ../src/ASF/thirdparty/CMSIS/Lib/GCC\libarm_cortexM4lf_math_softfp.a
LOAD c:/program files (x86)/atmel/studio/7.0/toolchain/arm/arm-gnu-toolchain/bin/../lib/gcc/arm-none-eabi/6.3.1/../../../../arm-none-eabi/lib/thumb/v7e-m\libm.a
END GROUP
START GROUP
LOAD c:/program files (x86)/atmel/studio/7.0/toolchain/arm/arm-gnu-toolchain/bin/../lib/gcc/arm-none-eabi/6.3.1/thumb/v7e-m\libgcc.a
LOAD c:/program files (x86)/atmel/studio/7.0/toolchain/arm/arm-gnu-toolchain/bin/../lib/gcc/arm-none-eabi/6.3.1/../../../../arm-none-eabi/lib/thumb/v7e-m\libc.a
END GROUP
LOAD c:/program files (x86)/atmel/studio/7.0/toolchain/arm/arm-gnu-toolchain/bin/../lib/gcc/arm-none-eabi/6.3.1/thumb/v7e-m/crtend.o
LOAD c:/program files (x86)/atmel/studio/7.0/toolchain/arm/arm-gnu-toolchain/bin/../lib/gcc/arm-none-eabi/6.3.1/thumb/v7e-m/crtn.o
                0x00003000                __stack_size__ = DEFINED (__stack_size__)?__stack_size__:0x3000
                0x20017ffc                __ram_end__ = ((ORIGIN (ram) + LENGTH (ram)) - 0x4)

.text           0x00400000     0x554c
                0x00400000                . = ALIGN (0x4)
                0x00400000                _sfixed = .
 *(.vectors .vectors.*)
 .vectors       0x00400000       0xfc src/ASF/sam/utils/cmsis/samg/samg53/source/templates/gcc/startup_samg53.o
                0x00400000                exception_table
 *(.text .text.* .gnu.linkonce.t.*)
 .text          0x004000fc       0x6c c:/program files (x86)/atmel/studio/7.0/toolchain/arm/arm-gnu-toolchain/bin/../lib/gcc/arm-none-eabi/6.3.1/thumb/v7e-m/crtbegin.o
 .text.pio_handler_process
                0x00400168       0x50 src/ASF/sam/drivers/pio/pio_handler.o
                0x00400168                pio_handler_process
 .text.PIOA_Handler
                0x004001b8       0x14 src/ASF/sam/drivers/pio/pio_handler.o
                0x004001b8                PIOA_Handler
 .text.PIOB_Handler
                0x004001cc       0x14 src/ASF/sam/drivers/pio/pio_handler.o
                0x004001cc                PIOB_Handler
 .text.usart_write
                0x004001e0       0x14 src/ASF/sam/drivers/usart/usart.o
                0x004001e0                usart_write
 .text.usart_serial_write_packet
                0x004001f4       0x74 src/ASF/common/services/serial/usart_serial.o
                0x004001f4                usart_serial_write_packet
 .text.pio_get_interrupt_status
                0x00400268        0x4 src/ASF/sam/drivers/pio/pio.o
                0x00400268                pio_get_interrupt_status
 .text.pio_get_interrupt_mask
                0x0040026c        0x4 src/ASF/sam/drivers/pio/pio.o
                0x0040026c                pio_get_interrupt_mask
 .text.rtc_set_hour_mode
                0x00400270       0x16 src/ASF/sam/drivers/rtc/rtc.o
                0x00400270                rtc_set_hour_mode
 .text.rtc_get_time
                0x00400286       0x5a src/ASF/sam/drivers/rtc/rtc.o
                0x00400286                rtc_get_time
 .text.tc_init  0x004002e0       0x1a src/ASF/sam/drivers/tc/tc.o
                0x004002e0                tc_init
 .text.tc_start
                0x004002fa        0x8 src/ASF/sam/drivers/tc/tc.o
                0x004002fa                tc_start
 .text.tc_write_rc
                0x00400302        0x8 src/ASF/sam/drivers/tc/tc.o
                0x00400302                tc_write_rc
 .text.tc_enable_interrupt
                0x0040030a        0x8 src/ASF/sam/drivers/tc/tc.o
                0x0040030a                tc_enable_interrupt
 .text.tc_find_mck_divisor
                0x00400312       0x70 src/ASF/sam/drivers/tc/tc.o
                0x00400312                tc_find_mck_divisor
 .text.uart_init
                0x00400382       0x38 src/ASF/sam/drivers/uart/uart.o
                0x00400382                uart_init
 .text.uart_enable_interrupt
                0x004003ba        0x4 src/ASF/sam/drivers/uart/uart.o
                0x004003ba                uart_enable_interrupt
 .text.uart_write
                0x004003be       0x10 src/ASF/sam/drivers/uart/uart.o
                0x004003be                uart_write
 *fill*         0x004003ce        0x2 
 .text.sysclk_init
                0x004003d0       0x68 src/ASF/common/services/clock/samg/sysclk.o
                0x004003d0                sysclk_init
 .text.system_board_init
                0x00400438       0x7c src/ASF/sam/boards/samg53_xplained_pro/board_init.o
                0x00400438                board_init
                0x00400438                system_board_init
 .text.pmc_switch_mck_to_pllack
                0x004004b4       0x64 src/ASF/sam/drivers/pmc/pmc.o
                0x004004b4                pmc_switch_mck_to_pllack
 .text.pmc_switch_sclk_to_32kxtal
                0x00400518       0x24 src/ASF/sam/drivers/pmc/pmc.o
                0x00400518                pmc_switch_sclk_to_32kxtal
 .text.pmc_osc_is_ready_32kxtal
                0x0040053c       0x20 src/ASF/sam/drivers/pmc/pmc.o
                0x0040053c                pmc_osc_is_ready_32kxtal
 .text.pmc_disable_pllack
                0x0040055c        0xc src/ASF/sam/drivers/pmc/pmc.o
                0x0040055c                pmc_disable_pllack
 .text.pmc_is_locked_pllack
                0x00400568       0x10 src/ASF/sam/drivers/pmc/pmc.o
                0x00400568                pmc_is_locked_pllack
 .text.pmc_enable_periph_clk
                0x00400578       0x34 src/ASF/sam/drivers/pmc/pmc.o
                0x00400578                pmc_enable_periph_clk
 .text.Dummy_Handler
                0x004005ac        0x2 src/ASF/sam/utils/cmsis/samg/samg53/source/templates/exceptions.o
                0x004005ac                WKUP2_Handler
                0x004005ac                DebugMon_Handler
                0x004005ac                WKUP7_Handler
                0x004005ac                WKUP10_Handler
                0x004005ac                WKUP15_Handler
                0x004005ac                HardFault_Handler
                0x004005ac                TC2_Handler
                0x004005ac                SPI_Handler
                0x004005ac                SysTick_Handler
                0x004005ac                TWI1_Handler
                0x004005ac                PendSV_Handler
                0x004005ac                NMI_Handler
                0x004005ac                WKUP3_Handler
                0x004005ac                ADC_Handler
                0x004005ac                WKUP4_Handler
                0x004005ac                WKUP6_Handler
                0x004005ac                RTT_Handler
                0x004005ac                RTC_Handler
                0x004005ac                UsageFault_Handler
                0x004005ac                PDMIC1_Handler
                0x004005ac                WKUP13_Handler
                0x004005ac                WDT_Handler
                0x004005ac                WKUP12_Handler
                0x004005ac                TC4_Handler
                0x004005ac                TC1_Handler
                0x004005ac                UART1_Handler
                0x004005ac                WKUP14_Handler
                0x004005ac                TC3_Handler
                0x004005ac                ARM_Handler
                0x004005ac                Dummy_Handler
                0x004005ac                TWI0_Handler
                0x004005ac                WKUP11_Handler
                0x004005ac                TWI2_Handler
                0x004005ac                MEM2MEM_Handler
                0x004005ac                USART_Handler
                0x004005ac                PMC_Handler
                0x004005ac                WKUP1_Handler
                0x004005ac                PDMIC0_Handler
                0x004005ac                MemManage_Handler
                0x004005ac                SUPC_Handler
                0x004005ac                SVC_Handler
                0x004005ac                EFC_Handler
                0x004005ac                WKUP8_Handler
                0x004005ac                I2SC0_Handler
                0x004005ac                I2SC1_Handler
                0x004005ac                WKUP5_Handler
                0x004005ac                BusFault_Handler
                0x004005ac                RSTC_Handler
                0x004005ac                WKUP0_Handler
                0x004005ac                TC5_Handler
                0x004005ac                WKUP9_Handler
 *fill*         0x004005ae        0x2 
 .text.Reset_Handler
                0x004005b0       0xdc src/ASF/sam/utils/cmsis/samg/samg53/source/templates/gcc/startup_samg53.o
                0x004005b0                Reset_Handler
 .text.SystemCoreClockUpdate
                0x0040068c       0xe8 src/ASF/sam/utils/cmsis/samg/samg53/source/templates/system_samg53.o
                0x0040068c                SystemCoreClockUpdate
 .text.system_init_flash
                0x00400774       0x4c src/ASF/sam/utils/cmsis/samg/samg53/source/templates/system_samg53.o
                0x00400774                system_init_flash
 .text._sbrk    0x004007c0       0x38 src/ASF/sam/utils/syscalls/gcc/syscalls.o
                0x004007c0                _sbrk
 .text.printl   0x004007f8       0x40 src/main.o
                0x004007f8                printl
 .text.UART0_Handler
                0x00400838        0x2 src/main.o
                0x00400838                UART0_Handler
 *fill*         0x0040083a        0x2 
 .text.config_ensaio
                0x0040083c       0x5c src/main.o
                0x0040083c                config_ensaio
 .text.TC0_Handler
                0x00400898        0x2 src/main.o
                0x00400898                TC0_Handler
 *fill*         0x0040089a        0x2 
 .text.main     0x0040089c       0xe4 src/main.o
                0x0040089c                main
 .text.__libc_init_array
                0x00400980       0x50 c:/program files (x86)/atmel/studio/7.0/toolchain/arm/arm-gnu-toolchain/bin/../lib/gcc/arm-none-eabi/6.3.1/../../../../arm-none-eabi/lib/thumb/v7e-m\libc.a(lib_a-init.o)
                0x00400980                __libc_init_array
 .text.memset   0x004009d0       0x9c c:/program files (x86)/atmel/studio/7.0/toolchain/arm/arm-gnu-toolchain/bin/../lib/gcc/arm-none-eabi/6.3.1/../../../../arm-none-eabi/lib/thumb/v7e-m\libc.a(lib_a-memset.o)
                0x004009d0                memset
 *fill*         0x00400a6c       0x14 
 .text          0x00400a80       0xdc c:/program files (x86)/atmel/studio/7.0/toolchain/arm/arm-gnu-toolchain/bin/../lib/gcc/arm-none-eabi/6.3.1/../../../../arm-none-eabi/lib/thumb/v7e-m\libc.a(lib_a-strlen.o)
                0x00400a80                strlen
 .text._vsprintf_r
                0x00400b5c       0x34 c:/program files (x86)/atmel/studio/7.0/toolchain/arm/arm-gnu-toolchain/bin/../lib/gcc/arm-none-eabi/6.3.1/../../../../arm-none-eabi/lib/thumb/v7e-m\libc.a(lib_a-vsprintf.o)
                0x00400b5c                _vsprintf_r
 .text.vsprintf
                0x00400b90       0x18 c:/program files (x86)/atmel/studio/7.0/toolchain/arm/arm-gnu-toolchain/bin/../lib/gcc/arm-none-eabi/6.3.1/../../../../arm-none-eabi/lib/thumb/v7e-m\libc.a(lib_a-vsprintf.o)
                0x00400b90                vsprintf
 .text.startup.register_fini
                0x00400ba8       0x14 c:/program files (x86)/atmel/studio/7.0/toolchain/arm/arm-gnu-toolchain/bin/../lib/gcc/arm-none-eabi/6.3.1/../../../../arm-none-eabi/lib/thumb/v7e-m\libc.a(lib_a-__call_atexit.o)
 .text.atexit   0x00400bbc        0xc c:/program files (x86)/atmel/studio/7.0/toolchain/arm/arm-gnu-toolchain/bin/../lib/gcc/arm-none-eabi/6.3.1/../../../../arm-none-eabi/lib/thumb/v7e-m\libc.a(lib_a-atexit.o)
                0x00400bbc                atexit
 .text.__libc_fini_array
                0x00400bc8       0x34 c:/program files (x86)/atmel/studio/7.0/toolchain/arm/arm-gnu-toolchain/bin/../lib/gcc/arm-none-eabi/6.3.1/../../../../arm-none-eabi/lib/thumb/v7e-m\libc.a(lib_a-fini.o)
                0x00400bc8                __libc_fini_array
 .text.__retarget_lock_acquire_recursive
                0x00400bfc        0x4 c:/program files (x86)/atmel/studio/7.0/toolchain/arm/arm-gnu-toolchain/bin/../lib/gcc/arm-none-eabi/6.3.1/../../../../arm-none-eabi/lib/thumb/v7e-m\libc.a(lib_a-lock.o)
                0x00400bfc                __retarget_lock_acquire_recursive
 .text.__retarget_lock_release_recursive
                0x00400c00        0x4 c:/program files (x86)/atmel/studio/7.0/toolchain/arm/arm-gnu-toolchain/bin/../lib/gcc/arm-none-eabi/6.3.1/../../../../arm-none-eabi/lib/thumb/v7e-m\libc.a(lib_a-lock.o)
                0x00400c00                __retarget_lock_release_recursive
 .text._svfprintf_r
                0x00400c04     0x145c c:/program files (x86)/atmel/studio/7.0/toolchain/arm/arm-gnu-toolchain/bin/../lib/gcc/arm-none-eabi/6.3.1/../../../../arm-none-eabi/lib/thumb/v7e-m\libc.a(lib_a-svfprintf.o)
                0x00400c04                _svfprintf_r
 .text.__register_exitproc
                0x00402060       0xc4 c:/program files (x86)/atmel/studio/7.0/toolchain/arm/arm-gnu-toolchain/bin/../lib/gcc/arm-none-eabi/6.3.1/../../../../arm-none-eabi/lib/thumb/v7e-m\libc.a(lib_a-__atexit.o)
                0x00402060                __register_exitproc
 .text.quorem   0x00402124      0x128 c:/program files (x86)/atmel/studio/7.0/toolchain/arm/arm-gnu-toolchain/bin/../lib/gcc/arm-none-eabi/6.3.1/../../../../arm-none-eabi/lib/thumb/v7e-m\libc.a(lib_a-dtoa.o)
 *fill*         0x0040224c        0x4 
 .text._dtoa_r  0x00402250      0xe54 c:/program files (x86)/atmel/studio/7.0/toolchain/arm/arm-gnu-toolchain/bin/../lib/gcc/arm-none-eabi/6.3.1/../../../../arm-none-eabi/lib/thumb/v7e-m\libc.a(lib_a-dtoa.o)
                0x00402250                _dtoa_r
 .text._localeconv_r
                0x004030a4       0x1c c:/program files (x86)/atmel/studio/7.0/toolchain/arm/arm-gnu-toolchain/bin/../lib/gcc/arm-none-eabi/6.3.1/../../../../arm-none-eabi/lib/thumb/v7e-m\libc.a(lib_a-localeconv.o)
                0x004030a4                _localeconv_r
 .text._malloc_r
                0x004030c0      0x560 c:/program files (x86)/atmel/studio/7.0/toolchain/arm/arm-gnu-toolchain/bin/../lib/gcc/arm-none-eabi/6.3.1/../../../../arm-none-eabi/lib/thumb/v7e-m\libc.a(lib_a-mallocr.o)
                0x004030c0                _malloc_r
 .text          0x00403620       0xa0 c:/program files (x86)/atmel/studio/7.0/toolchain/arm/arm-gnu-toolchain/bin/../lib/gcc/arm-none-eabi/6.3.1/../../../../arm-none-eabi/lib/thumb/v7e-m\libc.a(lib_a-memchr.o)
                0x00403620                memchr
 .text          0x004036c0      0x134 c:/program files (x86)/atmel/studio/7.0/toolchain/arm/arm-gnu-toolchain/bin/../lib/gcc/arm-none-eabi/6.3.1/../../../../arm-none-eabi/lib/thumb/v7e-m\libc.a(lib_a-memcpy.o)
                0x004036c0                memcpy
 .text.__malloc_lock
                0x004037f4        0xc c:/program files (x86)/atmel/studio/7.0/toolchain/arm/arm-gnu-toolchain/bin/../lib/gcc/arm-none-eabi/6.3.1/../../../../arm-none-eabi/lib/thumb/v7e-m\libc.a(lib_a-mlock.o)
                0x004037f4                __malloc_lock
 .text.__malloc_unlock
                0x00403800        0xc c:/program files (x86)/atmel/studio/7.0/toolchain/arm/arm-gnu-toolchain/bin/../lib/gcc/arm-none-eabi/6.3.1/../../../../arm-none-eabi/lib/thumb/v7e-m\libc.a(lib_a-mlock.o)
                0x00403800                __malloc_unlock
 .text._Balloc  0x0040380c       0x4c c:/program files (x86)/atmel/studio/7.0/toolchain/arm/arm-gnu-toolchain/bin/../lib/gcc/arm-none-eabi/6.3.1/../../../../arm-none-eabi/lib/thumb/v7e-m\libc.a(lib_a-mprec.o)
                0x0040380c                _Balloc
 .text._Bfree   0x00403858       0x14 c:/program files (x86)/atmel/studio/7.0/toolchain/arm/arm-gnu-toolchain/bin/../lib/gcc/arm-none-eabi/6.3.1/../../../../arm-none-eabi/lib/thumb/v7e-m\libc.a(lib_a-mprec.o)
                0x00403858                _Bfree
 .text.__multadd
                0x0040386c       0x80 c:/program files (x86)/atmel/studio/7.0/toolchain/arm/arm-gnu-toolchain/bin/../lib/gcc/arm-none-eabi/6.3.1/../../../../arm-none-eabi/lib/thumb/v7e-m\libc.a(lib_a-mprec.o)
                0x0040386c                __multadd
 .text.__hi0bits
                0x004038ec       0x40 c:/program files (x86)/atmel/studio/7.0/toolchain/arm/arm-gnu-toolchain/bin/../lib/gcc/arm-none-eabi/6.3.1/../../../../arm-none-eabi/lib/thumb/v7e-m\libc.a(lib_a-mprec.o)
                0x004038ec                __hi0bits
 .text.__lo0bits
                0x0040392c       0x60 c:/program files (x86)/atmel/studio/7.0/toolchain/arm/arm-gnu-toolchain/bin/../lib/gcc/arm-none-eabi/6.3.1/../../../../arm-none-eabi/lib/thumb/v7e-m\libc.a(lib_a-mprec.o)
                0x0040392c                __lo0bits
 .text.__i2b    0x0040398c       0x14 c:/program files (x86)/atmel/studio/7.0/toolchain/arm/arm-gnu-toolchain/bin/../lib/gcc/arm-none-eabi/6.3.1/../../../../arm-none-eabi/lib/thumb/v7e-m\libc.a(lib_a-mprec.o)
                0x0040398c                __i2b
 .text.__multiply
                0x004039a0      0x124 c:/program files (x86)/atmel/studio/7.0/toolchain/arm/arm-gnu-toolchain/bin/../lib/gcc/arm-none-eabi/6.3.1/../../../../arm-none-eabi/lib/thumb/v7e-m\libc.a(lib_a-mprec.o)
                0x004039a0                __multiply
 .text.__pow5mult
                0x00403ac4       0xa0 c:/program files (x86)/atmel/studio/7.0/toolchain/arm/arm-gnu-toolchain/bin/../lib/gcc/arm-none-eabi/6.3.1/../../../../arm-none-eabi/lib/thumb/v7e-m\libc.a(lib_a-mprec.o)
                0x00403ac4                __pow5mult
 .text.__lshift
                0x00403b64       0xa4 c:/program files (x86)/atmel/studio/7.0/toolchain/arm/arm-gnu-toolchain/bin/../lib/gcc/arm-none-eabi/6.3.1/../../../../arm-none-eabi/lib/thumb/v7e-m\libc.a(lib_a-mprec.o)
                0x00403b64                __lshift
 .text.__mcmp   0x00403c08       0x38 c:/program files (x86)/atmel/studio/7.0/toolchain/arm/arm-gnu-toolchain/bin/../lib/gcc/arm-none-eabi/6.3.1/../../../../arm-none-eabi/lib/thumb/v7e-m\libc.a(lib_a-mprec.o)
                0x00403c08                __mcmp
 .text.__mdiff  0x00403c40      0x108 c:/program files (x86)/atmel/studio/7.0/toolchain/arm/arm-gnu-toolchain/bin/../lib/gcc/arm-none-eabi/6.3.1/../../../../arm-none-eabi/lib/thumb/v7e-m\libc.a(lib_a-mprec.o)
                0x00403c40                __mdiff
 .text.__d2b    0x00403d48       0xb8 c:/program files (x86)/atmel/studio/7.0/toolchain/arm/arm-gnu-toolchain/bin/../lib/gcc/arm-none-eabi/6.3.1/../../../../arm-none-eabi/lib/thumb/v7e-m\libc.a(lib_a-mprec.o)
                0x00403d48                __d2b
 .text._sbrk_r  0x00403e00       0x24 c:/program files (x86)/atmel/studio/7.0/toolchain/arm/arm-gnu-toolchain/bin/../lib/gcc/arm-none-eabi/6.3.1/../../../../arm-none-eabi/lib/thumb/v7e-m\libc.a(lib_a-sbrkr.o)
                0x00403e00                _sbrk_r
 .text.__ssprint_r
                0x00403e24       0xfc c:/program files (x86)/atmel/studio/7.0/toolchain/arm/arm-gnu-toolchain/bin/../lib/gcc/arm-none-eabi/6.3.1/../../../../arm-none-eabi/lib/thumb/v7e-m\libc.a(lib_a-svfiprintf.o)
                0x00403e24                __ssprint_r
 .text._calloc_r
                0x00403f20       0x60 c:/program files (x86)/atmel/studio/7.0/toolchain/arm/arm-gnu-toolchain/bin/../lib/gcc/arm-none-eabi/6.3.1/../../../../arm-none-eabi/lib/thumb/v7e-m\libc.a(lib_a-callocr.o)
                0x00403f20                _calloc_r
 .text._malloc_trim_r
                0x00403f80       0xa0 c:/program files (x86)/atmel/studio/7.0/toolchain/arm/arm-gnu-toolchain/bin/../lib/gcc/arm-none-eabi/6.3.1/../../../../arm-none-eabi/lib/thumb/v7e-m\libc.a(lib_a-freer.o)
                0x00403f80                _malloc_trim_r
 .text._free_r  0x00404020      0x1cc c:/program files (x86)/atmel/studio/7.0/toolchain/arm/arm-gnu-toolchain/bin/../lib/gcc/arm-none-eabi/6.3.1/../../../../arm-none-eabi/lib/thumb/v7e-m\libc.a(lib_a-freer.o)
                0x00404020                _free_r
 .text.__ascii_mbtowc
                0x004041ec       0x2c c:/program files (x86)/atmel/studio/7.0/toolchain/arm/arm-gnu-toolchain/bin/../lib/gcc/arm-none-eabi/6.3.1/../../../../arm-none-eabi/lib/thumb/v7e-m\libc.a(lib_a-mbtowc_r.o)
                0x004041ec                __ascii_mbtowc
 .text.memmove  0x00404218       0xc8 c:/program files (x86)/atmel/studio/7.0/toolchain/arm/arm-gnu-toolchain/bin/../lib/gcc/arm-none-eabi/6.3.1/../../../../arm-none-eabi/lib/thumb/v7e-m\libc.a(lib_a-memmove.o)
                0x00404218                memmove
 .text._realloc_r
                0x004042e0      0x34c c:/program files (x86)/atmel/studio/7.0/toolchain/arm/arm-gnu-toolchain/bin/../lib/gcc/arm-none-eabi/6.3.1/../../../../arm-none-eabi/lib/thumb/v7e-m\libc.a(lib_a-reallocr.o)
                0x004042e0                _realloc_r
 .text.__ascii_wctomb
                0x0040462c       0x1c c:/program files (x86)/atmel/studio/7.0/toolchain/arm/arm-gnu-toolchain/bin/../lib/gcc/arm-none-eabi/6.3.1/../../../../arm-none-eabi/lib/thumb/v7e-m\libc.a(lib_a-wctomb_r.o)
                0x0040462c                __ascii_wctomb
 .text          0x00404648      0x370 c:/program files (x86)/atmel/studio/7.0/toolchain/arm/arm-gnu-toolchain/bin/../lib/gcc/arm-none-eabi/6.3.1/thumb/v7e-m\libgcc.a(_arm_addsubdf3.o)
                0x00404648                __aeabi_drsub
                0x00404650                __aeabi_dsub
                0x00404650                __subdf3
                0x00404654                __aeabi_dadd
                0x00404654                __adddf3
                0x004048cc                __floatunsidf
                0x004048cc                __aeabi_ui2d
                0x004048ec                __floatsidf
                0x004048ec                __aeabi_i2d
                0x00404910                __aeabi_f2d
                0x00404910                __extendsfdf2
                0x0040494c                __floatundidf
                0x0040494c                __aeabi_ul2d
                0x0040495c                __floatdidf
                0x0040495c                __aeabi_l2d
 .text          0x004049b8      0x424 c:/program files (x86)/atmel/studio/7.0/toolchain/arm/arm-gnu-toolchain/bin/../lib/gcc/arm-none-eabi/6.3.1/thumb/v7e-m\libgcc.a(_arm_muldivdf3.o)
                0x004049b8                __aeabi_dmul
                0x004049b8                __muldf3
                0x00404c0c                __divdf3
                0x00404c0c                __aeabi_ddiv
 .text          0x00404ddc      0x110 c:/program files (x86)/atmel/studio/7.0/toolchain/arm/arm-gnu-toolchain/bin/../lib/gcc/arm-none-eabi/6.3.1/thumb/v7e-m\libgcc.a(_arm_cmpdf2.o)
                0x00404ddc                __gtdf2
                0x00404ddc                __gedf2
                0x00404de4                __ltdf2
                0x00404de4                __ledf2
                0x00404dec                __nedf2
                0x00404dec                __eqdf2
                0x00404dec                __cmpdf2
                0x00404e68                __aeabi_cdrcmple
                0x00404e78                __aeabi_cdcmpeq
                0x00404e78                __aeabi_cdcmple
                0x00404e88                __aeabi_dcmpeq
                0x00404e9c                __aeabi_dcmplt
                0x00404eb0                __aeabi_dcmple
                0x00404ec4                __aeabi_dcmpge
                0x00404ed8                __aeabi_dcmpgt
 .text          0x00404eec       0x2c c:/program files (x86)/atmel/studio/7.0/toolchain/arm/arm-gnu-toolchain/bin/../lib/gcc/arm-none-eabi/6.3.1/thumb/v7e-m\libgcc.a(_arm_unorddf2.o)
                0x00404eec                __unorddf2
                0x00404eec                __aeabi_dcmpun
 .text          0x00404f18       0x50 c:/program files (x86)/atmel/studio/7.0/toolchain/arm/arm-gnu-toolchain/bin/../lib/gcc/arm-none-eabi/6.3.1/thumb/v7e-m\libgcc.a(_arm_fixdfsi.o)
                0x00404f18                __aeabi_d2iz
                0x00404f18                __fixdfsi
 .text          0x00404f68       0x30 c:/program files (x86)/atmel/studio/7.0/toolchain/arm/arm-gnu-toolchain/bin/../lib/gcc/arm-none-eabi/6.3.1/thumb/v7e-m\libgcc.a(_aeabi_uldivmod.o)
                0x00404f68                __aeabi_uldivmod
 .text          0x00404f98      0x2dc c:/program files (x86)/atmel/studio/7.0/toolchain/arm/arm-gnu-toolchain/bin/../lib/gcc/arm-none-eabi/6.3.1/thumb/v7e-m\libgcc.a(_udivmoddi4.o)
                0x00404f98                __udivmoddi4
 .text          0x00405274        0x4 c:/program files (x86)/atmel/studio/7.0/toolchain/arm/arm-gnu-toolchain/bin/../lib/gcc/arm-none-eabi/6.3.1/thumb/v7e-m\libgcc.a(_dvmd_tls.o)
                0x00405274                __aeabi_idiv0
                0x00405274                __aeabi_ldiv0
 *(.glue_7t)
 .glue_7t       0x00405278        0x0 linker stubs
 *(.glue_7)
 .glue_7        0x00405278        0x0 linker stubs
 *(.rodata .rodata* .gnu.linkonce.r.*)
 .rodata.main.str1.4
                0x00405278       0x25 src/main.o
 *fill*         0x0040529d        0x3 
 .rodata._global_impure_ptr
                0x004052a0        0x4 c:/program files (x86)/atmel/studio/7.0/toolchain/arm/arm-gnu-toolchain/bin/../lib/gcc/arm-none-eabi/6.3.1/../../../../arm-none-eabi/lib/thumb/v7e-m\libc.a(lib_a-impure.o)
                0x004052a0                _global_impure_ptr
 .rodata._svfprintf_r.str1.4
                0x004052a4       0x42 c:/program files (x86)/atmel/studio/7.0/toolchain/arm/arm-gnu-toolchain/bin/../lib/gcc/arm-none-eabi/6.3.1/../../../../arm-none-eabi/lib/thumb/v7e-m\libc.a(lib_a-svfprintf.o)
 *fill*         0x004052e6        0x2 
 .rodata.blanks.7223
                0x004052e8       0x10 c:/program files (x86)/atmel/studio/7.0/toolchain/arm/arm-gnu-toolchain/bin/../lib/gcc/arm-none-eabi/6.3.1/../../../../arm-none-eabi/lib/thumb/v7e-m\libc.a(lib_a-svfprintf.o)
 .rodata.zeroes.7224
                0x004052f8       0x10 c:/program files (x86)/atmel/studio/7.0/toolchain/arm/arm-gnu-toolchain/bin/../lib/gcc/arm-none-eabi/6.3.1/../../../../arm-none-eabi/lib/thumb/v7e-m\libc.a(lib_a-svfprintf.o)
 .rodata._dtoa_r.str1.4
                0x00405308       0x10 c:/program files (x86)/atmel/studio/7.0/toolchain/arm/arm-gnu-toolchain/bin/../lib/gcc/arm-none-eabi/6.3.1/../../../../arm-none-eabi/lib/thumb/v7e-m\libc.a(lib_a-dtoa.o)
                                 0x12 (size before relaxing)
 .rodata.__mprec_bigtens
                0x00405318       0x28 c:/program files (x86)/atmel/studio/7.0/toolchain/arm/arm-gnu-toolchain/bin/../lib/gcc/arm-none-eabi/6.3.1/../../../../arm-none-eabi/lib/thumb/v7e-m\libc.a(lib_a-mprec.o)
                0x00405318                __mprec_bigtens
 .rodata.__mprec_tens
                0x00405340       0xc8 c:/program files (x86)/atmel/studio/7.0/toolchain/arm/arm-gnu-toolchain/bin/../lib/gcc/arm-none-eabi/6.3.1/../../../../arm-none-eabi/lib/thumb/v7e-m\libc.a(lib_a-mprec.o)
                0x00405340                __mprec_tens
 .rodata.p05.6055
                0x00405408        0xc c:/program files (x86)/atmel/studio/7.0/toolchain/arm/arm-gnu-toolchain/bin/../lib/gcc/arm-none-eabi/6.3.1/../../../../arm-none-eabi/lib/thumb/v7e-m\libc.a(lib_a-mprec.o)
 .rodata._setlocale_r.str1.4
                0x00405414        0xa c:/program files (x86)/atmel/studio/7.0/toolchain/arm/arm-gnu-toolchain/bin/../lib/gcc/arm-none-eabi/6.3.1/../../../../arm-none-eabi/lib/thumb/v7e-m\libc.a(lib_a-locale.o)
                                  0xd (size before relaxing)
 *fill*         0x0040541e        0x2 
 .rodata.str1.4
                0x00405420        0x4 c:/program files (x86)/atmel/studio/7.0/toolchain/arm/arm-gnu-toolchain/bin/../lib/gcc/arm-none-eabi/6.3.1/../../../../arm-none-eabi/lib/thumb/v7e-m\libc.a(lib_a-locale.o)
                                  0x2 (size before relaxing)
 .rodata._ctype_
                0x00405424      0x101 c:/program files (x86)/atmel/studio/7.0/toolchain/arm/arm-gnu-toolchain/bin/../lib/gcc/arm-none-eabi/6.3.1/../../../../arm-none-eabi/lib/thumb/v7e-m\libc.a(lib_a-ctype_.o)
                0x00405424                _ctype_
 *(.ARM.extab* .gnu.linkonce.armextab.*)
                0x00405528                . = ALIGN (0x4)
 *fill*         0x00405525        0x3 
 *(.init)
 .init          0x00405528        0x4 c:/program files (x86)/atmel/studio/7.0/toolchain/arm/arm-gnu-toolchain/bin/../lib/gcc/arm-none-eabi/6.3.1/thumb/v7e-m/crti.o
                0x00405528                _init
 .init          0x0040552c        0x8 c:/program files (x86)/atmel/studio/7.0/toolchain/arm/arm-gnu-toolchain/bin/../lib/gcc/arm-none-eabi/6.3.1/thumb/v7e-m/crtn.o
                0x00405534                . = ALIGN (0x4)
                0x00405534                __preinit_array_start = .
 *(.preinit_array)
                0x00405534                __preinit_array_end = .
                0x00405534                . = ALIGN (0x4)
                0x00405534                __init_array_start = .
 *(SORT(.init_array.*))
 .init_array.00000
                0x00405534        0x4 c:/program files (x86)/atmel/studio/7.0/toolchain/arm/arm-gnu-toolchain/bin/../lib/gcc/arm-none-eabi/6.3.1/../../../../arm-none-eabi/lib/thumb/v7e-m\libc.a(lib_a-__call_atexit.o)
 *(.init_array)
 .init_array    0x00405538        0x4 c:/program files (x86)/atmel/studio/7.0/toolchain/arm/arm-gnu-toolchain/bin/../lib/gcc/arm-none-eabi/6.3.1/thumb/v7e-m/crtbegin.o
                0x0040553c                __init_array_end = .
                0x0040553c                . = ALIGN (0x4)
 *crtbegin.o(.ctors)
 *(EXCLUDE_FILE(*crtend.o) .ctors)
 *(SORT(.ctors.*))
 *crtend.o(.ctors)
                0x0040553c                . = ALIGN (0x4)
 *(.fini)
 .fini          0x0040553c        0x4 c:/program files (x86)/atmel/studio/7.0/toolchain/arm/arm-gnu-toolchain/bin/../lib/gcc/arm-none-eabi/6.3.1/thumb/v7e-m/crti.o
                0x0040553c                _fini
 .fini          0x00405540        0x8 c:/program files (x86)/atmel/studio/7.0/toolchain/arm/arm-gnu-toolchain/bin/../lib/gcc/arm-none-eabi/6.3.1/thumb/v7e-m/crtn.o
                0x00405548                . = ALIGN (0x4)
                0x00405548                __fini_array_start = .
 *(.fini_array)
 .fini_array    0x00405548        0x4 c:/program files (x86)/atmel/studio/7.0/toolchain/arm/arm-gnu-toolchain/bin/../lib/gcc/arm-none-eabi/6.3.1/thumb/v7e-m/crtbegin.o
 *(SORT(.fini_array.*))
                0x0040554c                __fini_array_end = .
 *crtbegin.o(.dtors)
 *(EXCLUDE_FILE(*crtend.o) .dtors)
 *(SORT(.dtors.*))
 *crtend.o(.dtors)
                0x0040554c                . = ALIGN (0x4)
                0x0040554c                _efixed = .
                [!provide]                PROVIDE (__exidx_start, .)

.vfp11_veneer   0x0040554c        0x0
 .vfp11_veneer  0x0040554c        0x0 linker stubs

.v4_bx          0x0040554c        0x0
 .v4_bx         0x0040554c        0x0 linker stubs

.iplt           0x0040554c        0x0
 .iplt          0x0040554c        0x0 c:/program files (x86)/atmel/studio/7.0/toolchain/arm/arm-gnu-toolchain/bin/../lib/gcc/arm-none-eabi/6.3.1/thumb/v7e-m/crtbegin.o

.ARM.exidx      0x0040554c        0x8
 *(.ARM.exidx* .gnu.linkonce.armexidx.*)
 .ARM.exidx     0x0040554c        0x8 c:/program files (x86)/atmel/studio/7.0/toolchain/arm/arm-gnu-toolchain/bin/../lib/gcc/arm-none-eabi/6.3.1/thumb/v7e-m\libgcc.a(_udivmoddi4.o)
                [!provide]                PROVIDE (__exidx_end, .)

.eh_frame       0x00405554        0x0
 .eh_frame      0x00405554        0x0 c:/program files (x86)/atmel/studio/7.0/toolchain/arm/arm-gnu-toolchain/bin/../lib/gcc/arm-none-eabi/6.3.1/thumb/v7e-m/crtbegin.o

.rel.dyn        0x00405554        0x0
 .rel.iplt      0x00405554        0x0 c:/program files (x86)/atmel/studio/7.0/toolchain/arm/arm-gnu-toolchain/bin/../lib/gcc/arm-none-eabi/6.3.1/thumb/v7e-m/crtbegin.o

.jcr            0x00405554        0x0
 .jcr           0x00405554        0x0 c:/program files (x86)/atmel/studio/7.0/toolchain/arm/arm-gnu-toolchain/bin/../lib/gcc/arm-none-eabi/6.3.1/thumb/v7e-m/crtbegin.o

.igot.plt       0x00405554        0x0
 .igot.plt      0x00405554        0x0 c:/program files (x86)/atmel/studio/7.0/toolchain/arm/arm-gnu-toolchain/bin/../lib/gcc/arm-none-eabi/6.3.1/thumb/v7e-m/crtbegin.o
                0x00405554                . = ALIGN (0x4)
                0x00405554                _etext = .

.relocate       0x20000000      0x9c8 load address 0x00405554
                0x20000000                . = ALIGN (0x4)
                0x20000000                _srelocate = .
 *(.ramfunc .ramfunc.*)
 *(.data .data.*)
 .data.g_interrupt_enabled
                0x20000000        0x1 src/ASF/common/utils/interrupt/interrupt_sam_nvic.o
                0x20000000                g_interrupt_enabled
 *fill*         0x20000001        0x3 
 .data.SystemCoreClock
                0x20000004        0x4 src/ASF/sam/utils/cmsis/samg/samg53/source/templates/system_samg53.o
                0x20000004                SystemCoreClock
 .data.usart_options.9734
                0x20000008       0x10 src/main.o
 .data._impure_ptr
                0x20000018        0x4 c:/program files (x86)/atmel/studio/7.0/toolchain/arm/arm-gnu-toolchain/bin/../lib/gcc/arm-none-eabi/6.3.1/../../../../arm-none-eabi/lib/thumb/v7e-m\libc.a(lib_a-impure.o)
                0x20000018                _impure_ptr
 *fill*         0x2000001c        0x4 
 .data.impure_data
                0x20000020      0x428 c:/program files (x86)/atmel/studio/7.0/toolchain/arm/arm-gnu-toolchain/bin/../lib/gcc/arm-none-eabi/6.3.1/../../../../arm-none-eabi/lib/thumb/v7e-m\libc.a(lib_a-impure.o)
 .data.__atexit_recursive_mutex
                0x20000448        0x4 c:/program files (x86)/atmel/studio/7.0/toolchain/arm/arm-gnu-toolchain/bin/../lib/gcc/arm-none-eabi/6.3.1/../../../../arm-none-eabi/lib/thumb/v7e-m\libc.a(lib_a-__call_atexit.o)
                0x20000448                __atexit_recursive_mutex
 .data.__malloc_av_
                0x2000044c      0x408 c:/program files (x86)/atmel/studio/7.0/toolchain/arm/arm-gnu-toolchain/bin/../lib/gcc/arm-none-eabi/6.3.1/../../../../arm-none-eabi/lib/thumb/v7e-m\libc.a(lib_a-mallocr.o)
                0x2000044c                __malloc_av_
 .data.__malloc_sbrk_base
                0x20000854        0x4 c:/program files (x86)/atmel/studio/7.0/toolchain/arm/arm-gnu-toolchain/bin/../lib/gcc/arm-none-eabi/6.3.1/../../../../arm-none-eabi/lib/thumb/v7e-m\libc.a(lib_a-mallocr.o)
                0x20000854                __malloc_sbrk_base
 .data.__malloc_trim_threshold
                0x20000858        0x4 c:/program files (x86)/atmel/studio/7.0/toolchain/arm/arm-gnu-toolchain/bin/../lib/gcc/arm-none-eabi/6.3.1/../../../../arm-none-eabi/lib/thumb/v7e-m\libc.a(lib_a-mallocr.o)
                0x20000858                __malloc_trim_threshold
 .data.__global_locale
                0x2000085c      0x16c c:/program files (x86)/atmel/studio/7.0/toolchain/arm/arm-gnu-toolchain/bin/../lib/gcc/arm-none-eabi/6.3.1/../../../../arm-none-eabi/lib/thumb/v7e-m\libc.a(lib_a-locale.o)
                0x2000085c                __global_locale
                0x200009c8                . = ALIGN (0x4)
                0x200009c8                _erelocate = .

.bss            0x200009c8       0xfc load address 0x00405f1c
                0x200009c8                . = ALIGN (0x4)
                0x200009c8                _sbss = .
                0x200009c8                _szero = .
 *(.bss .bss.*)
 .bss           0x200009c8       0x1c c:/program files (x86)/atmel/studio/7.0/toolchain/arm/arm-gnu-toolchain/bin/../lib/gcc/arm-none-eabi/6.3.1/thumb/v7e-m/crtbegin.o
 .bss.gs_interrupt_sources
                0x200009e4       0x70 src/ASF/sam/drivers/pio/pio_handler.o
 .bss.heap.6420
                0x20000a54        0x4 src/ASF/sam/utils/syscalls/gcc/syscalls.o
 .bss.__malloc_current_mallinfo
                0x20000a58       0x28 c:/program files (x86)/atmel/studio/7.0/toolchain/arm/arm-gnu-toolchain/bin/../lib/gcc/arm-none-eabi/6.3.1/../../../../arm-none-eabi/lib/thumb/v7e-m\libc.a(lib_a-mallocr.o)
                0x20000a58                __malloc_current_mallinfo
 .bss.__malloc_max_sbrked_mem
                0x20000a80        0x4 c:/program files (x86)/atmel/studio/7.0/toolchain/arm/arm-gnu-toolchain/bin/../lib/gcc/arm-none-eabi/6.3.1/../../../../arm-none-eabi/lib/thumb/v7e-m\libc.a(lib_a-mallocr.o)
                0x20000a80                __malloc_max_sbrked_mem
 .bss.__malloc_max_total_mem
                0x20000a84        0x4 c:/program files (x86)/atmel/studio/7.0/toolchain/arm/arm-gnu-toolchain/bin/../lib/gcc/arm-none-eabi/6.3.1/../../../../arm-none-eabi/lib/thumb/v7e-m\libc.a(lib_a-mallocr.o)
                0x20000a84                __malloc_max_total_mem
 .bss.__malloc_top_pad
                0x20000a88        0x4 c:/program files (x86)/atmel/studio/7.0/toolchain/arm/arm-gnu-toolchain/bin/../lib/gcc/arm-none-eabi/6.3.1/../../../../arm-none-eabi/lib/thumb/v7e-m\libc.a(lib_a-mallocr.o)
                0x20000a88                __malloc_top_pad
 *(COMMON)
 COMMON         0x20000a8c       0x10 src/main.o
                0x20000a8c                minuto
                0x20000a90                hora
                0x20000a94                data_rdy
                0x20000a98                seg
 COMMON         0x20000a9c       0x21 c:/program files (x86)/atmel/studio/7.0/toolchain/arm/arm-gnu-toolchain/bin/../lib/gcc/arm-none-eabi/6.3.1/../../../../arm-none-eabi/lib/thumb/v7e-m\libc.a(lib_a-lock.o)
                0x20000a9c                __lock___atexit_recursive_mutex
                0x20000aa0                __lock___arc4random_mutex
                0x20000aa4                __lock___env_recursive_mutex
                0x20000aa8                __lock___sinit_recursive_mutex
                0x20000aac                __lock___malloc_recursive_mutex
                0x20000ab0                __lock___at_quick_exit_mutex
                0x20000ab4                __lock___dd_hash_mutex
                0x20000ab8                __lock___tz_mutex
                0x20000abc                __lock___sfp_recursive_mutex
 *fill*         0x20000abd        0x3 
 COMMON         0x20000ac0        0x4 c:/program files (x86)/atmel/studio/7.0/toolchain/arm/arm-gnu-toolchain/bin/../lib/gcc/arm-none-eabi/6.3.1/../../../../arm-none-eabi/lib/thumb/v7e-m\libc.a(lib_a-reent.o)
                0x20000ac0                errno
                0x20000ac4                . = ALIGN (0x4)
                0x20000ac4                _ebss = .
                0x20000ac4                _ezero = .

.stack          0x20000ac4     0x3004 load address 0x00406018
                0x20000ac8                . = ALIGN (0x8)
 *fill*         0x20000ac4        0x4 
                0x20000ac8                _sstack = .
                0x20003ac8                . = (. + __stack_size__)
 *fill*         0x20000ac8     0x3000 
                0x20003ac8                . = ALIGN (0x8)
                0x20003ac8                _estack = .
                0x20003ac8                . = ALIGN (0x4)
                0x20003ac8                _end = .
OUTPUT(Pend_Invert.elf elf32-littlearm)

.ARM.attributes
                0x00000000       0x2e
 .ARM.attributes
                0x00000000       0x1e c:/program files (x86)/atmel/studio/7.0/toolchain/arm/arm-gnu-toolchain/bin/../lib/gcc/arm-none-eabi/6.3.1/thumb/v7e-m/crti.o
 .ARM.attributes
                0x0000001e       0x2e c:/program files (x86)/atmel/studio/7.0/toolchain/arm/arm-gnu-toolchain/bin/../lib/gcc/arm-none-eabi/6.3.1/thumb/v7e-m/crtbegin.o
 .ARM.attributes
                0x0000004c       0x37 src/ASF/sam/drivers/pio/pio_handler.o
 .ARM.attributes
                0x00000083       0x37 src/ASF/sam/drivers/usart/usart.o
 .ARM.attributes
                0x000000ba       0x37 src/ASF/common/services/serial/usart_serial.o
 .ARM.attributes
                0x000000f1       0x37 src/ASF/sam/drivers/pio/pio.o
 .ARM.attributes
                0x00000128       0x37 src/ASF/sam/drivers/rtc/rtc.o
 .ARM.attributes
                0x0000015f       0x37 src/ASF/sam/drivers/tc/tc.o
 .ARM.attributes
                0x00000196       0x37 src/ASF/sam/drivers/uart/uart.o
 .ARM.attributes
                0x000001cd       0x37 src/ASF/common/services/clock/samg/sysclk.o
 .ARM.attributes
                0x00000204       0x37 src/ASF/common/utils/interrupt/interrupt_sam_nvic.o
 .ARM.attributes
                0x0000023b       0x37 src/ASF/sam/boards/samg53_xplained_pro/board_init.o
 .ARM.attributes
                0x00000272       0x37 src/ASF/sam/drivers/pmc/pmc.o
 .ARM.attributes
                0x000002a9       0x37 src/ASF/sam/utils/cmsis/samg/samg53/source/templates/exceptions.o
 .ARM.attributes
                0x000002e0       0x37 src/ASF/sam/utils/cmsis/samg/samg53/source/templates/gcc/startup_samg53.o
 .ARM.attributes
                0x00000317       0x37 src/ASF/sam/utils/cmsis/samg/samg53/source/templates/system_samg53.o
 .ARM.attributes
                0x0000034e       0x37 src/ASF/sam/utils/syscalls/gcc/syscalls.o
 .ARM.attributes
                0x00000385       0x37 src/main.o
 .ARM.attributes
                0x000003bc       0x2e c:/program files (x86)/atmel/studio/7.0/toolchain/arm/arm-gnu-toolchain/bin/../lib/gcc/arm-none-eabi/6.3.1/../../../../arm-none-eabi/lib/thumb/v7e-m\libc.a(lib_a-impure.o)
 .ARM.attributes
                0x000003ea       0x2e c:/program files (x86)/atmel/studio/7.0/toolchain/arm/arm-gnu-toolchain/bin/../lib/gcc/arm-none-eabi/6.3.1/../../../../arm-none-eabi/lib/thumb/v7e-m\libc.a(lib_a-init.o)
 .ARM.attributes
                0x00000418       0x2e c:/program files (x86)/atmel/studio/7.0/toolchain/arm/arm-gnu-toolchain/bin/../lib/gcc/arm-none-eabi/6.3.1/../../../../arm-none-eabi/lib/thumb/v7e-m\libc.a(lib_a-memset.o)
 .ARM.attributes
                0x00000446       0x1c c:/program files (x86)/atmel/studio/7.0/toolchain/arm/arm-gnu-toolchain/bin/../lib/gcc/arm-none-eabi/6.3.1/../../../../arm-none-eabi/lib/thumb/v7e-m\libc.a(lib_a-strlen.o)
 .ARM.attributes
                0x00000462       0x2e c:/program files (x86)/atmel/studio/7.0/toolchain/arm/arm-gnu-toolchain/bin/../lib/gcc/arm-none-eabi/6.3.1/../../../../arm-none-eabi/lib/thumb/v7e-m\libc.a(lib_a-vsprintf.o)
 .ARM.attributes
                0x00000490       0x2e c:/program files (x86)/atmel/studio/7.0/toolchain/arm/arm-gnu-toolchain/bin/../lib/gcc/arm-none-eabi/6.3.1/../../../../arm-none-eabi/lib/thumb/v7e-m\libc.a(lib_a-__call_atexit.o)
 .ARM.attributes
                0x000004be       0x2e c:/program files (x86)/atmel/studio/7.0/toolchain/arm/arm-gnu-toolchain/bin/../lib/gcc/arm-none-eabi/6.3.1/../../../../arm-none-eabi/lib/thumb/v7e-m\libc.a(lib_a-atexit.o)
 .ARM.attributes
                0x000004ec       0x2e c:/program files (x86)/atmel/studio/7.0/toolchain/arm/arm-gnu-toolchain/bin/../lib/gcc/arm-none-eabi/6.3.1/../../../../arm-none-eabi/lib/thumb/v7e-m\libc.a(lib_a-fini.o)
 .ARM.attributes
                0x0000051a       0x2e c:/program files (x86)/atmel/studio/7.0/toolchain/arm/arm-gnu-toolchain/bin/../lib/gcc/arm-none-eabi/6.3.1/../../../../arm-none-eabi/lib/thumb/v7e-m\libc.a(lib_a-lock.o)
 .ARM.attributes
                0x00000548       0x2e c:/program files (x86)/atmel/studio/7.0/toolchain/arm/arm-gnu-toolchain/bin/../lib/gcc/arm-none-eabi/6.3.1/../../../../arm-none-eabi/lib/thumb/v7e-m\libc.a(lib_a-svfprintf.o)
 .ARM.attributes
                0x00000576       0x2e c:/program files (x86)/atmel/studio/7.0/toolchain/arm/arm-gnu-toolchain/bin/../lib/gcc/arm-none-eabi/6.3.1/../../../../arm-none-eabi/lib/thumb/v7e-m\libc.a(lib_a-__atexit.o)
 .ARM.attributes
                0x000005a4       0x2e c:/program files (x86)/atmel/studio/7.0/toolchain/arm/arm-gnu-toolchain/bin/../lib/gcc/arm-none-eabi/6.3.1/../../../../arm-none-eabi/lib/thumb/v7e-m\libc.a(lib_a-dtoa.o)
 .ARM.attributes
                0x000005d2       0x2e c:/program files (x86)/atmel/studio/7.0/toolchain/arm/arm-gnu-toolchain/bin/../lib/gcc/arm-none-eabi/6.3.1/../../../../arm-none-eabi/lib/thumb/v7e-m\libc.a(lib_a-localeconv.o)
 .ARM.attributes
                0x00000600       0x2e c:/program files (x86)/atmel/studio/7.0/toolchain/arm/arm-gnu-toolchain/bin/../lib/gcc/arm-none-eabi/6.3.1/../../../../arm-none-eabi/lib/thumb/v7e-m\libc.a(lib_a-mallocr.o)
 .ARM.attributes
                0x0000062e       0x1c c:/program files (x86)/atmel/studio/7.0/toolchain/arm/arm-gnu-toolchain/bin/../lib/gcc/arm-none-eabi/6.3.1/../../../../arm-none-eabi/lib/thumb/v7e-m\libc.a(lib_a-memchr.o)
 .ARM.attributes
                0x0000064a       0x1c c:/program files (x86)/atmel/studio/7.0/toolchain/arm/arm-gnu-toolchain/bin/../lib/gcc/arm-none-eabi/6.3.1/../../../../arm-none-eabi/lib/thumb/v7e-m\libc.a(lib_a-memcpy.o)
 .ARM.attributes
                0x00000666       0x2e c:/program files (x86)/atmel/studio/7.0/toolchain/arm/arm-gnu-toolchain/bin/../lib/gcc/arm-none-eabi/6.3.1/../../../../arm-none-eabi/lib/thumb/v7e-m\libc.a(lib_a-mlock.o)
 .ARM.attributes
                0x00000694       0x2e c:/program files (x86)/atmel/studio/7.0/toolchain/arm/arm-gnu-toolchain/bin/../lib/gcc/arm-none-eabi/6.3.1/../../../../arm-none-eabi/lib/thumb/v7e-m\libc.a(lib_a-mprec.o)
 .ARM.attributes
                0x000006c2       0x2e c:/program files (x86)/atmel/studio/7.0/toolchain/arm/arm-gnu-toolchain/bin/../lib/gcc/arm-none-eabi/6.3.1/../../../../arm-none-eabi/lib/thumb/v7e-m\libc.a(lib_a-sbrkr.o)
 .ARM.attributes
                0x000006f0       0x2e c:/program files (x86)/atmel/studio/7.0/toolchain/arm/arm-gnu-toolchain/bin/../lib/gcc/arm-none-eabi/6.3.1/../../../../arm-none-eabi/lib/thumb/v7e-m\libc.a(lib_a-svfiprintf.o)
 .ARM.attributes
                0x0000071e       0x2e c:/program files (x86)/atmel/studio/7.0/toolchain/arm/arm-gnu-toolchain/bin/../lib/gcc/arm-none-eabi/6.3.1/../../../../arm-none-eabi/lib/thumb/v7e-m\libc.a(lib_a-callocr.o)
 .ARM.attributes
                0x0000074c       0x2e c:/program files (x86)/atmel/studio/7.0/toolchain/arm/arm-gnu-toolchain/bin/../lib/gcc/arm-none-eabi/6.3.1/../../../../arm-none-eabi/lib/thumb/v7e-m\libc.a(lib_a-freer.o)
 .ARM.attributes
                0x0000077a       0x2e c:/program files (x86)/atmel/studio/7.0/toolchain/arm/arm-gnu-toolchain/bin/../lib/gcc/arm-none-eabi/6.3.1/../../../../arm-none-eabi/lib/thumb/v7e-m\libc.a(lib_a-locale.o)
 .ARM.attributes
                0x000007a8       0x2e c:/program files (x86)/atmel/studio/7.0/toolchain/arm/arm-gnu-toolchain/bin/../lib/gcc/arm-none-eabi/6.3.1/../../../../arm-none-eabi/lib/thumb/v7e-m\libc.a(lib_a-mbtowc_r.o)
 .ARM.attributes
                0x000007d6       0x2e c:/program files (x86)/atmel/studio/7.0/toolchain/arm/arm-gnu-toolchain/bin/../lib/gcc/arm-none-eabi/6.3.1/../../../../arm-none-eabi/lib/thumb/v7e-m\libc.a(lib_a-memmove.o)
 .ARM.attributes
                0x00000804       0x2e c:/program files (x86)/atmel/studio/7.0/toolchain/arm/arm-gnu-toolchain/bin/../lib/gcc/arm-none-eabi/6.3.1/../../../../arm-none-eabi/lib/thumb/v7e-m\libc.a(lib_a-reallocr.o)
 .ARM.attributes
                0x00000832       0x2e c:/program files (x86)/atmel/studio/7.0/toolchain/arm/arm-gnu-toolchain/bin/../lib/gcc/arm-none-eabi/6.3.1/../../../../arm-none-eabi/lib/thumb/v7e-m\libc.a(lib_a-reent.o)
 .ARM.attributes
                0x00000860       0x2e c:/program files (x86)/atmel/studio/7.0/toolchain/arm/arm-gnu-toolchain/bin/../lib/gcc/arm-none-eabi/6.3.1/../../../../arm-none-eabi/lib/thumb/v7e-m\libc.a(lib_a-wctomb_r.o)
 .ARM.attributes
                0x0000088e       0x2e c:/program files (x86)/atmel/studio/7.0/toolchain/arm/arm-gnu-toolchain/bin/../lib/gcc/arm-none-eabi/6.3.1/../../../../arm-none-eabi/lib/thumb/v7e-m\libc.a(lib_a-ctype_.o)
 .ARM.attributes
                0x000008bc       0x1e c:/program files (x86)/atmel/studio/7.0/toolchain/arm/arm-gnu-toolchain/bin/../lib/gcc/arm-none-eabi/6.3.1/thumb/v7e-m\libgcc.a(_arm_addsubdf3.o)
 .ARM.attributes
                0x000008da       0x1e c:/program files (x86)/atmel/studio/7.0/toolchain/arm/arm-gnu-toolchain/bin/../lib/gcc/arm-none-eabi/6.3.1/thumb/v7e-m\libgcc.a(_arm_muldivdf3.o)
 .ARM.attributes
                0x000008f8       0x1e c:/program files (x86)/atmel/studio/7.0/toolchain/arm/arm-gnu-toolchain/bin/../lib/gcc/arm-none-eabi/6.3.1/thumb/v7e-m\libgcc.a(_arm_cmpdf2.o)
 .ARM.attributes
                0x00000916       0x1e c:/program files (x86)/atmel/studio/7.0/toolchain/arm/arm-gnu-toolchain/bin/../lib/gcc/arm-none-eabi/6.3.1/thumb/v7e-m\libgcc.a(_arm_unorddf2.o)
 .ARM.attributes
                0x00000934       0x1e c:/program files (x86)/atmel/studio/7.0/toolchain/arm/arm-gnu-toolchain/bin/../lib/gcc/arm-none-eabi/6.3.1/thumb/v7e-m\libgcc.a(_arm_fixdfsi.o)
 .ARM.attributes
                0x00000952       0x1e c:/program files (x86)/atmel/studio/7.0/toolchain/arm/arm-gnu-toolchain/bin/../lib/gcc/arm-none-eabi/6.3.1/thumb/v7e-m\libgcc.a(_aeabi_uldivmod.o)
 .ARM.attributes
                0x00000970       0x2e c:/program files (x86)/atmel/studio/7.0/toolchain/arm/arm-gnu-toolchain/bin/../lib/gcc/arm-none-eabi/6.3.1/thumb/v7e-m\libgcc.a(_udivmoddi4.o)
 .ARM.attributes
                0x0000099e       0x1e c:/program files (x86)/atmel/studio/7.0/toolchain/arm/arm-gnu-toolchain/bin/../lib/gcc/arm-none-eabi/6.3.1/thumb/v7e-m\libgcc.a(_dvmd_tls.o)
 .ARM.attributes
                0x000009bc       0x1e c:/program files (x86)/atmel/studio/7.0/toolchain/arm/arm-gnu-toolchain/bin/../lib/gcc/arm-none-eabi/6.3.1/thumb/v7e-m/crtn.o

.comment        0x00000000       0x59
 .comment       0x00000000       0x59 src/ASF/sam/drivers/pio/pio_handler.o
                                 0x5a (size before relaxing)
 .comment       0x00000059       0x5a src/ASF/sam/drivers/usart/usart.o
 .comment       0x00000059       0x5a src/ASF/common/services/serial/usart_serial.o
 .comment       0x00000059       0x5a src/ASF/sam/drivers/pio/pio.o
 .comment       0x00000059       0x5a src/ASF/sam/drivers/rtc/rtc.o
 .comment       0x00000059       0x5a src/ASF/sam/drivers/tc/tc.o
 .comment       0x00000059       0x5a src/ASF/sam/drivers/uart/uart.o
 .comment       0x00000059       0x5a src/ASF/common/services/clock/samg/sysclk.o
 .comment       0x00000059       0x5a src/ASF/common/utils/interrupt/interrupt_sam_nvic.o
 .comment       0x00000059       0x5a src/ASF/sam/boards/samg53_xplained_pro/board_init.o
 .comment       0x00000059       0x5a src/ASF/sam/drivers/pmc/pmc.o
 .comment       0x00000059       0x5a src/ASF/sam/utils/cmsis/samg/samg53/source/templates/exceptions.o
 .comment       0x00000059       0x5a src/ASF/sam/utils/cmsis/samg/samg53/source/templates/gcc/startup_samg53.o
 .comment       0x00000059       0x5a src/ASF/sam/utils/cmsis/samg/samg53/source/templates/system_samg53.o
 .comment       0x00000059       0x5a src/ASF/sam/utils/syscalls/gcc/syscalls.o
 .comment       0x00000059       0x5a src/main.o

.debug_info     0x00000000    0x12411
 .debug_info    0x00000000     0x1782 src/ASF/sam/drivers/pio/pio_handler.o
 .debug_info    0x00001782     0x1d94 src/ASF/sam/drivers/usart/usart.o
 .debug_info    0x00003516     0x10c4 src/ASF/common/services/serial/usart_serial.o
 .debug_info    0x000045da     0x1d43 src/ASF/sam/drivers/pio/pio.o
 .debug_info    0x0000631d     0x117a src/ASF/sam/drivers/rtc/rtc.o
 .debug_info    0x00007497     0x11e9 src/ASF/sam/drivers/tc/tc.o
 .debug_info    0x00008680     0x126d src/ASF/sam/drivers/uart/uart.o
 .debug_info    0x000098ed     0x10fa src/ASF/common/services/clock/samg/sysclk.o
 .debug_info    0x0000a9e7      0xb01 src/ASF/common/utils/interrupt/interrupt_sam_nvic.o
 .debug_info    0x0000b4e8     0x13f4 src/ASF/sam/boards/samg53_xplained_pro/board_init.o
 .debug_info    0x0000c8dc     0x1933 src/ASF/sam/drivers/pmc/pmc.o
 .debug_info    0x0000e20f       0xdc src/ASF/sam/utils/cmsis/samg/samg53/source/templates/exceptions.o
 .debug_info    0x0000e2eb      0xebe src/ASF/sam/utils/cmsis/samg/samg53/source/templates/gcc/startup_samg53.o
 .debug_info    0x0000f1a9      0x490 src/ASF/sam/utils/cmsis/samg/samg53/source/templates/system_samg53.o
 .debug_info    0x0000f639      0xdb0 src/ASF/sam/utils/syscalls/gcc/syscalls.o
 .debug_info    0x000103e9     0x2028 src/main.o

.debug_abbrev   0x00000000     0x2bd7
 .debug_abbrev  0x00000000      0x336 src/ASF/sam/drivers/pio/pio_handler.o
 .debug_abbrev  0x00000336      0x406 src/ASF/sam/drivers/usart/usart.o
 .debug_abbrev  0x0000073c      0x2b1 src/ASF/common/services/serial/usart_serial.o
 .debug_abbrev  0x000009ed      0x3ee src/ASF/sam/drivers/pio/pio.o
 .debug_abbrev  0x00000ddb      0x2e3 src/ASF/sam/drivers/rtc/rtc.o
 .debug_abbrev  0x000010be      0x2a0 src/ASF/sam/drivers/tc/tc.o
 .debug_abbrev  0x0000135e      0x297 src/ASF/sam/drivers/uart/uart.o
 .debug_abbrev  0x000015f5      0x322 src/ASF/common/services/clock/samg/sysclk.o
 .debug_abbrev  0x00001917      0x212 src/ASF/common/utils/interrupt/interrupt_sam_nvic.o
 .debug_abbrev  0x00001b29      0x2e4 src/ASF/sam/boards/samg53_xplained_pro/board_init.o
 .debug_abbrev  0x00001e0d      0x35c src/ASF/sam/drivers/pmc/pmc.o
 .debug_abbrev  0x00002169       0x7d src/ASF/sam/utils/cmsis/samg/samg53/source/templates/exceptions.o
 .debug_abbrev  0x000021e6      0x2ae src/ASF/sam/utils/cmsis/samg/samg53/source/templates/gcc/startup_samg53.o
 .debug_abbrev  0x00002494      0x102 src/ASF/sam/utils/cmsis/samg/samg53/source/templates/system_samg53.o
 .debug_abbrev  0x00002596      0x264 src/ASF/sam/utils/syscalls/gcc/syscalls.o
 .debug_abbrev  0x000027fa      0x3dd src/main.o

.debug_loc      0x00000000     0x4111
 .debug_loc     0x00000000      0x529 src/ASF/sam/drivers/pio/pio_handler.o
 .debug_loc     0x00000529      0xc99 src/ASF/sam/drivers/usart/usart.o
 .debug_loc     0x000011c2      0x2a7 src/ASF/common/services/serial/usart_serial.o
 .debug_loc     0x00001469      0xb3d src/ASF/sam/drivers/pio/pio.o
 .debug_loc     0x00001fa6      0x9ad src/ASF/sam/drivers/rtc/rtc.o
 .debug_loc     0x00002953      0x562 src/ASF/sam/drivers/tc/tc.o
 .debug_loc     0x00002eb5      0x2f5 src/ASF/sam/drivers/uart/uart.o
 .debug_loc     0x000031aa      0x12a src/ASF/common/services/clock/samg/sysclk.o
 .debug_loc     0x000032d4      0x13c src/ASF/sam/boards/samg53_xplained_pro/board_init.o
 .debug_loc     0x00003410      0xa10 src/ASF/sam/drivers/pmc/pmc.o
 .debug_loc     0x00003e20       0x77 src/ASF/sam/utils/cmsis/samg/samg53/source/templates/gcc/startup_samg53.o
 .debug_loc     0x00003e97       0xfd src/ASF/sam/utils/syscalls/gcc/syscalls.o
 .debug_loc     0x00003f94      0x17d src/main.o

.debug_aranges  0x00000000      0x958
 .debug_aranges
                0x00000000       0x48 src/ASF/sam/drivers/pio/pio_handler.o
 .debug_aranges
                0x00000048      0x1b8 src/ASF/sam/drivers/usart/usart.o
 .debug_aranges
                0x00000200       0x28 src/ASF/common/services/serial/usart_serial.o
 .debug_aranges
                0x00000228      0x160 src/ASF/sam/drivers/pio/pio.o
 .debug_aranges
                0x00000388       0xc8 src/ASF/sam/drivers/rtc/rtc.o
 .debug_aranges
                0x00000450       0xb0 src/ASF/sam/drivers/tc/tc.o
 .debug_aranges
                0x00000500       0xf8 src/ASF/sam/drivers/uart/uart.o
 .debug_aranges
                0x000005f8       0x30 src/ASF/common/services/clock/samg/sysclk.o
 .debug_aranges
                0x00000628       0x28 src/ASF/common/utils/interrupt/interrupt_sam_nvic.o
 .debug_aranges
                0x00000650       0x20 src/ASF/sam/boards/samg53_xplained_pro/board_init.o
 .debug_aranges
                0x00000670      0x1d8 src/ASF/sam/drivers/pmc/pmc.o
 .debug_aranges
                0x00000848       0x20 src/ASF/sam/utils/cmsis/samg/samg53/source/templates/exceptions.o
 .debug_aranges
                0x00000868       0x20 src/ASF/sam/utils/cmsis/samg/samg53/source/templates/gcc/startup_samg53.o
 .debug_aranges
                0x00000888       0x30 src/ASF/sam/utils/cmsis/samg/samg53/source/templates/system_samg53.o
 .debug_aranges
                0x000008b8       0x60 src/ASF/sam/utils/syscalls/gcc/syscalls.o
 .debug_aranges
                0x00000918       0x40 src/main.o

.debug_ranges   0x00000000      0x8b8
 .debug_ranges  0x00000000       0x50 src/ASF/sam/drivers/pio/pio_handler.o
 .debug_ranges  0x00000050      0x1a8 src/ASF/sam/drivers/usart/usart.o
 .debug_ranges  0x000001f8       0x48 src/ASF/common/services/serial/usart_serial.o
 .debug_ranges  0x00000240      0x168 src/ASF/sam/drivers/pio/pio.o
 .debug_ranges  0x000003a8       0xb8 src/ASF/sam/drivers/rtc/rtc.o
 .debug_ranges  0x00000460       0xa0 src/ASF/sam/drivers/tc/tc.o
 .debug_ranges  0x00000500       0xe8 src/ASF/sam/drivers/uart/uart.o
 .debug_ranges  0x000005e8       0x20 src/ASF/common/services/clock/samg/sysclk.o
 .debug_ranges  0x00000608       0x18 src/ASF/common/utils/interrupt/interrupt_sam_nvic.o
 .debug_ranges  0x00000620       0x10 src/ASF/sam/boards/samg53_xplained_pro/board_init.o
 .debug_ranges  0x00000630      0x1c8 src/ASF/sam/drivers/pmc/pmc.o
 .debug_ranges  0x000007f8       0x10 src/ASF/sam/utils/cmsis/samg/samg53/source/templates/exceptions.o
 .debug_ranges  0x00000808       0x10 src/ASF/sam/utils/cmsis/samg/samg53/source/templates/gcc/startup_samg53.o
 .debug_ranges  0x00000818       0x20 src/ASF/sam/utils/cmsis/samg/samg53/source/templates/system_samg53.o
 .debug_ranges  0x00000838       0x50 src/ASF/sam/utils/syscalls/gcc/syscalls.o
 .debug_ranges  0x00000888       0x30 src/main.o

.debug_macro    0x00000000     0x61d4
 .debug_macro   0x00000000      0x4d5 src/ASF/sam/drivers/pio/pio_handler.o
 .debug_macro   0x000004d5       0x8e src/ASF/sam/drivers/pio/pio_handler.o
 .debug_macro   0x00000563      0x4fb src/ASF/sam/drivers/usart/usart.o
 .debug_macro   0x00000a5e       0x28 src/ASF/sam/drivers/usart/usart.o
 .debug_macro   0x00000a86      0x568 src/ASF/common/services/serial/usart_serial.o
 .debug_macro   0x00000fee       0x28 src/ASF/common/services/serial/usart_serial.o
 .debug_macro   0x00001016      0x2c6 src/ASF/common/services/serial/usart_serial.o
 .debug_macro   0x000012dc       0x82 src/ASF/common/services/serial/usart_serial.o
 .debug_macro   0x0000135e      0x72d src/ASF/common/services/serial/usart_serial.o
 .debug_macro   0x00001a8b       0x58 src/ASF/common/services/serial/usart_serial.o
 .debug_macro   0x00001ae3       0x64 src/ASF/common/services/serial/usart_serial.o
 .debug_macro   0x00001b47       0x40 src/ASF/common/services/serial/usart_serial.o
 .debug_macro   0x00001b87       0x7b src/ASF/common/services/serial/usart_serial.o
 .debug_macro   0x00001c02       0x1c src/ASF/common/services/serial/usart_serial.o
 .debug_macro   0x00001c1e       0x2e src/ASF/common/services/serial/usart_serial.o
 .debug_macro   0x00001c4c       0x28 src/ASF/common/services/serial/usart_serial.o
 .debug_macro   0x00001c74      0x4cb src/ASF/sam/drivers/pio/pio.o
 .debug_macro   0x0000213f      0x4d8 src/ASF/sam/drivers/rtc/rtc.o
 .debug_macro   0x00002617      0x4cc src/ASF/sam/drivers/tc/tc.o
 .debug_macro   0x00002ae3       0x52 src/ASF/sam/drivers/tc/tc.o
 .debug_macro   0x00002b35       0x8d src/ASF/sam/drivers/tc/tc.o
 .debug_macro   0x00002bc2       0x16 src/ASF/sam/drivers/tc/tc.o
 .debug_macro   0x00002bd8       0x57 src/ASF/sam/drivers/tc/tc.o
 .debug_macro   0x00002c2f       0x1c src/ASF/sam/drivers/tc/tc.o
 .debug_macro   0x00002c4b      0x4c5 src/ASF/sam/drivers/uart/uart.o
 .debug_macro   0x00003110       0x16 src/ASF/sam/drivers/uart/uart.o
 .debug_macro   0x00003126      0x548 src/ASF/common/services/clock/samg/sysclk.o
 .debug_macro   0x0000366e      0x2c0 src/ASF/common/services/clock/samg/sysclk.o
 .debug_macro   0x0000392e       0x9a src/ASF/common/services/clock/samg/sysclk.o
 .debug_macro   0x000039c8      0x4b6 src/ASF/common/utils/interrupt/interrupt_sam_nvic.o
 .debug_macro   0x00003e7e      0x555 src/ASF/sam/boards/samg53_xplained_pro/board_init.o
 .debug_macro   0x000043d3       0x82 src/ASF/sam/boards/samg53_xplained_pro/board_init.o
 .debug_macro   0x00004455      0x4cb src/ASF/sam/drivers/pmc/pmc.o
 .debug_macro   0x00004920       0x52 src/ASF/sam/drivers/pmc/pmc.o
 .debug_macro   0x00004972      0x2bd src/ASF/sam/utils/cmsis/samg/samg53/source/templates/exceptions.o
 .debug_macro   0x00004c2f      0x4dd src/ASF/sam/utils/cmsis/samg/samg53/source/templates/gcc/startup_samg53.o
 .debug_macro   0x0000510c       0x10 src/ASF/sam/utils/cmsis/samg/samg53/source/templates/gcc/startup_samg53.o
 .debug_macro   0x0000511c      0x2cf src/ASF/sam/utils/cmsis/samg/samg53/source/templates/system_samg53.o
 .debug_macro   0x000053eb       0x2d src/ASF/sam/utils/cmsis/samg/samg53/source/templates/system_samg53.o
 .debug_macro   0x00005418      0x1d6 src/ASF/sam/utils/syscalls/gcc/syscalls.o
 .debug_macro   0x000055ee       0x97 src/ASF/sam/utils/syscalls/gcc/syscalls.o
 .debug_macro   0x00005685       0xf6 src/ASF/sam/utils/syscalls/gcc/syscalls.o
 .debug_macro   0x0000577b       0x4c src/ASF/sam/utils/syscalls/gcc/syscalls.o
 .debug_macro   0x000057c7       0x16 src/ASF/sam/utils/syscalls/gcc/syscalls.o
 .debug_macro   0x000057dd       0x10 src/ASF/sam/utils/syscalls/gcc/syscalls.o
 .debug_macro   0x000057ed       0x10 src/ASF/sam/utils/syscalls/gcc/syscalls.o
 .debug_macro   0x000057fd       0x35 src/ASF/sam/utils/syscalls/gcc/syscalls.o
 .debug_macro   0x00005832      0x122 src/ASF/sam/utils/syscalls/gcc/syscalls.o
 .debug_macro   0x00005954      0x691 src/main.o
 .debug_macro   0x00005fe5       0x28 src/main.o
 .debug_macro   0x0000600d       0x23 src/main.o
 .debug_macro   0x00006030       0x94 src/main.o
 .debug_macro   0x000060c4       0x40 src/main.o
 .debug_macro   0x00006104       0x88 src/main.o
 .debug_macro   0x0000618c       0x16 src/main.o
 .debug_macro   0x000061a2       0x1c src/main.o
 .debug_macro   0x000061be       0x16 src/main.o

.debug_line     0x00000000     0xb782
 .debug_line    0x00000000      0xadf src/ASF/sam/drivers/pio/pio_handler.o
 .debug_line    0x00000adf      0xee0 src/ASF/sam/drivers/usart/usart.o
 .debug_line    0x000019bf      0xc84 src/ASF/common/services/serial/usart_serial.o
 .debug_line    0x00002643      0xdff src/ASF/sam/drivers/pio/pio.o
 .debug_line    0x00003442      0xc67 src/ASF/sam/drivers/rtc/rtc.o
 .debug_line    0x000040a9      0xb94 src/ASF/sam/drivers/tc/tc.o
 .debug_line    0x00004c3d      0xc18 src/ASF/sam/drivers/uart/uart.o
 .debug_line    0x00005855      0xbdf src/ASF/common/services/clock/samg/sysclk.o
 .debug_line    0x00006434      0xa56 src/ASF/common/utils/interrupt/interrupt_sam_nvic.o
 .debug_line    0x00006e8a      0xbdd src/ASF/sam/boards/samg53_xplained_pro/board_init.o
 .debug_line    0x00007a67      0xf3e src/ASF/sam/drivers/pmc/pmc.o
 .debug_line    0x000089a5      0x7b8 src/ASF/sam/utils/cmsis/samg/samg53/source/templates/exceptions.o
 .debug_line    0x0000915d      0xacf src/ASF/sam/utils/cmsis/samg/samg53/source/templates/gcc/startup_samg53.o
 .debug_line    0x00009c2c      0x804 src/ASF/sam/utils/cmsis/samg/samg53/source/templates/system_samg53.o
 .debug_line    0x0000a430      0x40b src/ASF/sam/utils/syscalls/gcc/syscalls.o
 .debug_line    0x0000a83b      0xf47 src/main.o

.debug_str      0x00000000    0x448e4
 .debug_str     0x00000000    0x3d7d3 src/ASF/sam/drivers/pio/pio_handler.o
                              0x3db89 (size before relaxing)
 .debug_str     0x0003d7d3      0x88e src/ASF/sam/drivers/usart/usart.o
                              0x3d935 (size before relaxing)
 .debug_str     0x0003e061     0x3739 src/ASF/common/services/serial/usart_serial.o
                              0x4097d (size before relaxing)
 .debug_str     0x0004179a      0x3ab src/ASF/sam/drivers/pio/pio.o
                              0x3da78 (size before relaxing)
 .debug_str     0x00041b45      0x383 src/ASF/sam/drivers/rtc/rtc.o
                              0x3d416 (size before relaxing)
 .debug_str     0x00041ec8      0x26f src/ASF/sam/drivers/tc/tc.o
                              0x3d3ac (size before relaxing)
 .debug_str     0x00042137      0x270 src/ASF/sam/drivers/uart/uart.o
                              0x3d4cc (size before relaxing)
 .debug_str     0x000423a7      0x548 src/ASF/common/services/clock/samg/sysclk.o
                              0x40979 (size before relaxing)
 .debug_str     0x000428ef       0x94 src/ASF/common/utils/interrupt/interrupt_sam_nvic.o
                              0x3d0e7 (size before relaxing)
 .debug_str     0x00042983      0x5ab src/ASF/sam/boards/samg53_xplained_pro/board_init.o
                              0x40c1a (size before relaxing)
 .debug_str     0x00042f2e      0x57e src/ASF/sam/drivers/pmc/pmc.o
                              0x3da6e (size before relaxing)
 .debug_str     0x000434ac       0x6a src/ASF/sam/utils/cmsis/samg/samg53/source/templates/exceptions.o
                              0x2d690 (size before relaxing)
 .debug_str     0x00043516      0x1d4 src/ASF/sam/utils/cmsis/samg/samg53/source/templates/gcc/startup_samg53.o
                              0x3d2e9 (size before relaxing)
 .debug_str     0x000436ea      0x189 src/ASF/sam/utils/cmsis/samg/samg53/source/templates/system_samg53.o
                              0x2d94c (size before relaxing)
 .debug_str     0x00043873      0x774 src/ASF/sam/utils/syscalls/gcc/syscalls.o
                               0x7462 (size before relaxing)
 .debug_str     0x00043fe7      0x8fd src/main.o
                              0x423b6 (size before relaxing)

.debug_frame    0x00000000     0x1f00
 .debug_frame   0x00000000       0xc8 src/ASF/sam/drivers/pio/pio_handler.o
 .debug_frame   0x000000c8      0x3d4 src/ASF/sam/drivers/usart/usart.o
 .debug_frame   0x0000049c       0x7c src/ASF/common/services/serial/usart_serial.o
 .debug_frame   0x00000518      0x2f4 src/ASF/sam/drivers/pio/pio.o
 .debug_frame   0x0000080c      0x1e0 src/ASF/sam/drivers/rtc/rtc.o
 .debug_frame   0x000009ec      0x168 src/ASF/sam/drivers/tc/tc.o
 .debug_frame   0x00000b54      0x1dc src/ASF/sam/drivers/uart/uart.o
 .debug_frame   0x00000d30       0x58 src/ASF/common/services/clock/samg/sysclk.o
 .debug_frame   0x00000d88       0x30 src/ASF/common/utils/interrupt/interrupt_sam_nvic.o
 .debug_frame   0x00000db8       0x28 src/ASF/sam/boards/samg53_xplained_pro/board_init.o
 .debug_frame   0x00000de0      0x3a4 src/ASF/sam/drivers/pmc/pmc.o
 .debug_frame   0x00001184       0x20 src/ASF/sam/utils/cmsis/samg/samg53/source/templates/exceptions.o
 .debug_frame   0x000011a4       0x28 src/ASF/sam/utils/cmsis/samg/samg53/source/templates/gcc/startup_samg53.o
 .debug_frame   0x000011cc       0x40 src/ASF/sam/utils/cmsis/samg/samg53/source/templates/system_samg53.o
 .debug_frame   0x0000120c       0xa0 src/ASF/sam/utils/syscalls/gcc/syscalls.o
 .debug_frame   0x000012ac       0x9c src/main.o
 .debug_frame   0x00001348       0x2c c:/program files (x86)/atmel/studio/7.0/toolchain/arm/arm-gnu-toolchain/bin/../lib/gcc/arm-none-eabi/6.3.1/../../../../arm-none-eabi/lib/thumb/v7e-m\libc.a(lib_a-init.o)
 .debug_frame   0x00001374       0x34 c:/program files (x86)/atmel/studio/7.0/toolchain/arm/arm-gnu-toolchain/bin/../lib/gcc/arm-none-eabi/6.3.1/../../../../arm-none-eabi/lib/thumb/v7e-m\libc.a(lib_a-memset.o)
 .debug_frame   0x000013a8       0x50 c:/program files (x86)/atmel/studio/7.0/toolchain/arm/arm-gnu-toolchain/bin/../lib/gcc/arm-none-eabi/6.3.1/../../../../arm-none-eabi/lib/thumb/v7e-m\libc.a(lib_a-vsprintf.o)
 .debug_frame   0x000013f8       0x5c c:/program files (x86)/atmel/studio/7.0/toolchain/arm/arm-gnu-toolchain/bin/../lib/gcc/arm-none-eabi/6.3.1/../../../../arm-none-eabi/lib/thumb/v7e-m\libc.a(lib_a-__call_atexit.o)
 .debug_frame   0x00001454       0x20 c:/program files (x86)/atmel/studio/7.0/toolchain/arm/arm-gnu-toolchain/bin/../lib/gcc/arm-none-eabi/6.3.1/../../../../arm-none-eabi/lib/thumb/v7e-m\libc.a(lib_a-atexit.o)
 .debug_frame   0x00001474       0x34 c:/program files (x86)/atmel/studio/7.0/toolchain/arm/arm-gnu-toolchain/bin/../lib/gcc/arm-none-eabi/6.3.1/../../../../arm-none-eabi/lib/thumb/v7e-m\libc.a(lib_a-fini.o)
 .debug_frame   0x000014a8       0xb0 c:/program files (x86)/atmel/studio/7.0/toolchain/arm/arm-gnu-toolchain/bin/../lib/gcc/arm-none-eabi/6.3.1/../../../../arm-none-eabi/lib/thumb/v7e-m\libc.a(lib_a-lock.o)
 .debug_frame   0x00001558       0x40 c:/program files (x86)/atmel/studio/7.0/toolchain/arm/arm-gnu-toolchain/bin/../lib/gcc/arm-none-eabi/6.3.1/../../../../arm-none-eabi/lib/thumb/v7e-m\libc.a(lib_a-svfprintf.o)
 .debug_frame   0x00001598       0x34 c:/program files (x86)/atmel/studio/7.0/toolchain/arm/arm-gnu-toolchain/bin/../lib/gcc/arm-none-eabi/6.3.1/../../../../arm-none-eabi/lib/thumb/v7e-m\libc.a(lib_a-__atexit.o)
 .debug_frame   0x000015cc       0x88 c:/program files (x86)/atmel/studio/7.0/toolchain/arm/arm-gnu-toolchain/bin/../lib/gcc/arm-none-eabi/6.3.1/../../../../arm-none-eabi/lib/thumb/v7e-m\libc.a(lib_a-dtoa.o)
 .debug_frame   0x00001654       0x40 c:/program files (x86)/atmel/studio/7.0/toolchain/arm/arm-gnu-toolchain/bin/../lib/gcc/arm-none-eabi/6.3.1/../../../../arm-none-eabi/lib/thumb/v7e-m\libc.a(lib_a-localeconv.o)
 .debug_frame   0x00001694       0x58 c:/program files (x86)/atmel/studio/7.0/toolchain/arm/arm-gnu-toolchain/bin/../lib/gcc/arm-none-eabi/6.3.1/../../../../arm-none-eabi/lib/thumb/v7e-m\libc.a(lib_a-mallocr.o)
 .debug_frame   0x000016ec       0x30 c:/program files (x86)/atmel/studio/7.0/toolchain/arm/arm-gnu-toolchain/bin/../lib/gcc/arm-none-eabi/6.3.1/../../../../arm-none-eabi/lib/thumb/v7e-m\libc.a(lib_a-mlock.o)
 .debug_frame   0x0000171c      0x25c c:/program files (x86)/atmel/studio/7.0/toolchain/arm/arm-gnu-toolchain/bin/../lib/gcc/arm-none-eabi/6.3.1/../../../../arm-none-eabi/lib/thumb/v7e-m\libc.a(lib_a-mprec.o)
 .debug_frame   0x00001978       0x2c c:/program files (x86)/atmel/studio/7.0/toolchain/arm/arm-gnu-toolchain/bin/../lib/gcc/arm-none-eabi/6.3.1/../../../../arm-none-eabi/lib/thumb/v7e-m\libc.a(lib_a-sbrkr.o)
 .debug_frame   0x000019a4       0x78 c:/program files (x86)/atmel/studio/7.0/toolchain/arm/arm-gnu-toolchain/bin/../lib/gcc/arm-none-eabi/6.3.1/../../../../arm-none-eabi/lib/thumb/v7e-m\libc.a(lib_a-svfiprintf.o)
 .debug_frame   0x00001a1c       0x28 c:/program files (x86)/atmel/studio/7.0/toolchain/arm/arm-gnu-toolchain/bin/../lib/gcc/arm-none-eabi/6.3.1/../../../../arm-none-eabi/lib/thumb/v7e-m\libc.a(lib_a-callocr.o)
 .debug_frame   0x00001a44       0x74 c:/program files (x86)/atmel/studio/7.0/toolchain/arm/arm-gnu-toolchain/bin/../lib/gcc/arm-none-eabi/6.3.1/../../../../arm-none-eabi/lib/thumb/v7e-m\libc.a(lib_a-freer.o)
 .debug_frame   0x00001ab8       0x6c c:/program files (x86)/atmel/studio/7.0/toolchain/arm/arm-gnu-toolchain/bin/../lib/gcc/arm-none-eabi/6.3.1/../../../../arm-none-eabi/lib/thumb/v7e-m\libc.a(lib_a-locale.o)
 .debug_frame   0x00001b24       0x4c c:/program files (x86)/atmel/studio/7.0/toolchain/arm/arm-gnu-toolchain/bin/../lib/gcc/arm-none-eabi/6.3.1/../../../../arm-none-eabi/lib/thumb/v7e-m\libc.a(lib_a-mbtowc_r.o)
 .debug_frame   0x00001b70       0x30 c:/program files (x86)/atmel/studio/7.0/toolchain/arm/arm-gnu-toolchain/bin/../lib/gcc/arm-none-eabi/6.3.1/../../../../arm-none-eabi/lib/thumb/v7e-m\libc.a(lib_a-memmove.o)
 .debug_frame   0x00001ba0       0x68 c:/program files (x86)/atmel/studio/7.0/toolchain/arm/arm-gnu-toolchain/bin/../lib/gcc/arm-none-eabi/6.3.1/../../../../arm-none-eabi/lib/thumb/v7e-m\libc.a(lib_a-reallocr.o)
 .debug_frame   0x00001c08       0x58 c:/program files (x86)/atmel/studio/7.0/toolchain/arm/arm-gnu-toolchain/bin/../lib/gcc/arm-none-eabi/6.3.1/../../../../arm-none-eabi/lib/thumb/v7e-m\libc.a(lib_a-reent.o)
 .debug_frame   0x00001c60       0x3c c:/program files (x86)/atmel/studio/7.0/toolchain/arm/arm-gnu-toolchain/bin/../lib/gcc/arm-none-eabi/6.3.1/../../../../arm-none-eabi/lib/thumb/v7e-m\libc.a(lib_a-wctomb_r.o)
 .debug_frame   0x00001c9c       0xac c:/program files (x86)/atmel/studio/7.0/toolchain/arm/arm-gnu-toolchain/bin/../lib/gcc/arm-none-eabi/6.3.1/thumb/v7e-m\libgcc.a(_arm_addsubdf3.o)
 .debug_frame   0x00001d48       0x50 c:/program files (x86)/atmel/studio/7.0/toolchain/arm/arm-gnu-toolchain/bin/../lib/gcc/arm-none-eabi/6.3.1/thumb/v7e-m\libgcc.a(_arm_muldivdf3.o)
 .debug_frame   0x00001d98       0xc4 c:/program files (x86)/atmel/studio/7.0/toolchain/arm/arm-gnu-toolchain/bin/../lib/gcc/arm-none-eabi/6.3.1/thumb/v7e-m\libgcc.a(_arm_cmpdf2.o)
 .debug_frame   0x00001e5c       0x20 c:/program files (x86)/atmel/studio/7.0/toolchain/arm/arm-gnu-toolchain/bin/../lib/gcc/arm-none-eabi/6.3.1/thumb/v7e-m\libgcc.a(_arm_unorddf2.o)
 .debug_frame   0x00001e7c       0x24 c:/program files (x86)/atmel/studio/7.0/toolchain/arm/arm-gnu-toolchain/bin/../lib/gcc/arm-none-eabi/6.3.1/thumb/v7e-m\libgcc.a(_arm_fixdfsi.o)
 .debug_frame   0x00001ea0       0x2c c:/program files (x86)/atmel/studio/7.0/toolchain/arm/arm-gnu-toolchain/bin/../lib/gcc/arm-none-eabi/6.3.1/thumb/v7e-m\libgcc.a(_aeabi_uldivmod.o)
 .debug_frame   0x00001ecc       0x34 c:/program files (x86)/atmel/studio/7.0/toolchain/arm/arm-gnu-toolchain/bin/../lib/gcc/arm-none-eabi/6.3.1/thumb/v7e-m\libgcc.a(_udivmoddi4.o)

Cross Reference Table

Symbol                                            File
ADC_Handler                                       src/ASF/sam/utils/cmsis/samg/samg53/source/templates/exceptions.o
                                                  src/ASF/sam/utils/cmsis/samg/samg53/source/templates/gcc/startup_samg53.o
ARM_Handler                                       src/ASF/sam/utils/cmsis/samg/samg53/source/templates/exceptions.o
                                                  src/ASF/sam/utils/cmsis/samg/samg53/source/templates/gcc/startup_samg53.o
BusFault_Handler                                  src/ASF/sam/utils/cmsis/samg/samg53/source/templates/exceptions.o
                                                  src/ASF/sam/utils/cmsis/samg/samg53/source/templates/gcc/startup_samg53.o
DebugMon_Handler                                  src/ASF/sam/utils/cmsis/samg/samg53/source/templates/exceptions.o
                                                  src/ASF/sam/utils/cmsis/samg/samg53/source/templates/gcc/startup_samg53.o
Dummy_Handler                                     src/ASF/sam/utils/cmsis/samg/samg53/source/templates/exceptions.o
                                                  src/ASF/sam/utils/cmsis/samg/samg53/source/templates/gcc/startup_samg53.o
EFC_Handler                                       src/ASF/sam/utils/cmsis/samg/samg53/source/templates/exceptions.o
                                                  src/ASF/sam/utils/cmsis/samg/samg53/source/templates/gcc/startup_samg53.o
HardFault_Handler                                 src/ASF/sam/utils/cmsis/samg/samg53/source/templates/exceptions.o
                                                  src/ASF/sam/utils/cmsis/samg/samg53/source/templates/gcc/startup_samg53.o
I2SC0_Handler                                     src/ASF/sam/utils/cmsis/samg/samg53/source/templates/exceptions.o
                                                  src/ASF/sam/utils/cmsis/samg/samg53/source/templates/gcc/startup_samg53.o
I2SC1_Handler                                     src/ASF/sam/utils/cmsis/samg/samg53/source/templates/exceptions.o
                                                  src/ASF/sam/utils/cmsis/samg/samg53/source/templates/gcc/startup_samg53.o
MEM2MEM_Handler                                   src/ASF/sam/utils/cmsis/samg/samg53/source/templates/exceptions.o
                                                  src/ASF/sam/utils/cmsis/samg/samg53/source/templates/gcc/startup_samg53.o
MemManage_Handler                                 src/ASF/sam/utils/cmsis/samg/samg53/source/templates/exceptions.o
                                                  src/ASF/sam/utils/cmsis/samg/samg53/source/templates/gcc/startup_samg53.o
NMI_Handler                                       src/ASF/sam/utils/cmsis/samg/samg53/source/templates/exceptions.o
                                                  src/ASF/sam/utils/cmsis/samg/samg53/source/templates/gcc/startup_samg53.o
PDMIC0_Handler                                    src/ASF/sam/utils/cmsis/samg/samg53/source/templates/exceptions.o
                                                  src/ASF/sam/utils/cmsis/samg/samg53/source/templates/gcc/startup_samg53.o
PDMIC1_Handler                                    src/ASF/sam/utils/cmsis/samg/samg53/source/templates/exceptions.o
                                                  src/ASF/sam/utils/cmsis/samg/samg53/source/templates/gcc/startup_samg53.o
PIOA_Handler                                      src/ASF/sam/drivers/pio/pio_handler.o
                                                  src/ASF/sam/utils/cmsis/samg/samg53/source/templates/gcc/startup_samg53.o
PIOB_Handler                                      src/ASF/sam/drivers/pio/pio_handler.o
                                                  src/ASF/sam/utils/cmsis/samg/samg53/source/templates/gcc/startup_samg53.o
PMC_Handler                                       src/ASF/sam/utils/cmsis/samg/samg53/source/templates/exceptions.o
                                                  src/ASF/sam/utils/cmsis/samg/samg53/source/templates/gcc/startup_samg53.o
PendSV_Handler                                    src/ASF/sam/utils/cmsis/samg/samg53/source/templates/exceptions.o
                                                  src/ASF/sam/utils/cmsis/samg/samg53/source/templates/gcc/startup_samg53.o
RSTC_Handler                                      src/ASF/sam/utils/cmsis/samg/samg53/source/templates/exceptions.o
                                                  src/ASF/sam/utils/cmsis/samg/samg53/source/templates/gcc/startup_samg53.o
RTC_Handler                                       src/ASF/sam/utils/cmsis/samg/samg53/source/templates/exceptions.o
                                                  src/ASF/sam/utils/cmsis/samg/samg53/source/templates/gcc/startup_samg53.o
RTT_Handler                                       src/ASF/sam/utils/cmsis/samg/samg53/source/templates/exceptions.o
                                                  src/ASF/sam/utils/cmsis/samg/samg53/source/templates/gcc/startup_samg53.o
Reset_Handler                                     src/ASF/sam/utils/cmsis/samg/samg53/source/templates/gcc/startup_samg53.o
SPI_Handler                                       src/ASF/sam/utils/cmsis/samg/samg53/source/templates/exceptions.o
                                                  src/ASF/sam/utils/cmsis/samg/samg53/source/templates/gcc/startup_samg53.o
SUPC_Handler                                      src/ASF/sam/utils/cmsis/samg/samg53/source/templates/exceptions.o
                                                  src/ASF/sam/utils/cmsis/samg/samg53/source/templates/gcc/startup_samg53.o
SVC_Handler                                       src/ASF/sam/utils/cmsis/samg/samg53/source/templates/exceptions.o
                                                  src/ASF/sam/utils/cmsis/samg/samg53/source/templates/gcc/startup_samg53.o
SysTick_Handler                                   src/ASF/sam/utils/cmsis/samg/samg53/source/templates/exceptions.o
                                                  src/ASF/sam/utils/cmsis/samg/samg53/source/templates/gcc/startup_samg53.o
SystemCoreClock                                   src/ASF/sam/utils/cmsis/samg/samg53/source/templates/system_samg53.o
SystemCoreClockUpdate                             src/ASF/sam/utils/cmsis/samg/samg53/source/templates/system_samg53.o
                                                  src/ASF/common/services/clock/samg/sysclk.o
SystemInit                                        src/ASF/sam/utils/cmsis/samg/samg53/source/templates/system_samg53.o
TC0_Handler                                       src/main.o
                                                  src/ASF/sam/utils/cmsis/samg/samg53/source/templates/exceptions.o
                                                  src/ASF/sam/utils/cmsis/samg/samg53/source/templates/gcc/startup_samg53.o
TC1_Handler                                       src/ASF/sam/utils/cmsis/samg/samg53/source/templates/exceptions.o
                                                  src/ASF/sam/utils/cmsis/samg/samg53/source/templates/gcc/startup_samg53.o
TC2_Handler                                       src/ASF/sam/utils/cmsis/samg/samg53/source/templates/exceptions.o
                                                  src/ASF/sam/utils/cmsis/samg/samg53/source/templates/gcc/startup_samg53.o
TC3_Handler                                       src/ASF/sam/utils/cmsis/samg/samg53/source/templates/exceptions.o
                                                  src/ASF/sam/utils/cmsis/samg/samg53/source/templates/gcc/startup_samg53.o
TC4_Handler                                       src/ASF/sam/utils/cmsis/samg/samg53/source/templates/exceptions.o
                                                  src/ASF/sam/utils/cmsis/samg/samg53/source/templates/gcc/startup_samg53.o
TC5_Handler                                       src/ASF/sam/utils/cmsis/samg/samg53/source/templates/exceptions.o
                                                  src/ASF/sam/utils/cmsis/samg/samg53/source/templates/gcc/startup_samg53.o
TWI0_Handler                                      src/ASF/sam/utils/cmsis/samg/samg53/source/templates/exceptions.o
                                                  src/ASF/sam/utils/cmsis/samg/samg53/source/templates/gcc/startup_samg53.o
TWI1_Handler                                      src/ASF/sam/utils/cmsis/samg/samg53/source/templates/exceptions.o
                                                  src/ASF/sam/utils/cmsis/samg/samg53/source/templates/gcc/startup_samg53.o
TWI2_Handler                                      src/ASF/sam/utils/cmsis/samg/samg53/source/templates/exceptions.o
                                                  src/ASF/sam/utils/cmsis/samg/samg53/source/templates/gcc/startup_samg53.o
UART0_Handler                                     src/main.o
                                                  src/ASF/sam/utils/cmsis/samg/samg53/source/templates/exceptions.o
                                                  src/ASF/sam/utils/cmsis/samg/samg53/source/templates/gcc/startup_samg53.o
UART1_Handler                                     src/ASF/sam/utils/cmsis/samg/samg53/source/templates/exceptions.o
                                                  src/ASF/sam/utils/cmsis/samg/samg53/source/templates/gcc/startup_samg53.o
USART_Handler                                     src/ASF/sam/utils/cmsis/samg/samg53/source/templates/exceptions.o
                                                  src/ASF/sam/utils/cmsis/samg/samg53/source/templates/gcc/startup_samg53.o
UsageFault_Handler                                src/ASF/sam/utils/cmsis/samg/samg53/source/templates/exceptions.o
                                                  src/ASF/sam/utils/cmsis/samg/samg53/source/templates/gcc/startup_samg53.o
WDT_Handler                                       src/ASF/sam/utils/cmsis/samg/samg53/source/templates/exceptions.o
                                                  src/ASF/sam/utils/cmsis/samg/samg53/source/templates/gcc/startup_samg53.o
WKUP0_Handler                                     src/ASF/sam/utils/cmsis/samg/samg53/source/templates/exceptions.o
                                                  src/ASF/sam/utils/cmsis/samg/samg53/source/templates/gcc/startup_samg53.o
WKUP10_Handler                                    src/ASF/sam/utils/cmsis/samg/samg53/source/templates/exceptions.o
                                                  src/ASF/sam/utils/cmsis/samg/samg53/source/templates/gcc/startup_samg53.o
WKUP11_Handler                                    src/ASF/sam/utils/cmsis/samg/samg53/source/templates/exceptions.o
                                                  src/ASF/sam/utils/cmsis/samg/samg53/source/templates/gcc/startup_samg53.o
WKUP12_Handler                                    src/ASF/sam/utils/cmsis/samg/samg53/source/templates/exceptions.o
                                                  src/ASF/sam/utils/cmsis/samg/samg53/source/templates/gcc/startup_samg53.o
WKUP13_Handler                                    src/ASF/sam/utils/cmsis/samg/samg53/source/templates/exceptions.o
                                                  src/ASF/sam/utils/cmsis/samg/samg53/source/templates/gcc/startup_samg53.o
WKUP14_Handler                                    src/ASF/sam/utils/cmsis/samg/samg53/source/templates/exceptions.o
                                                  src/ASF/sam/utils/cmsis/samg/samg53/source/templates/gcc/startup_samg53.o
WKUP15_Handler                                    src/ASF/sam/utils/cmsis/samg/samg53/source/templates/exceptions.o
                                                  src/ASF/sam/utils/cmsis/samg/samg53/source/templates/gcc/startup_samg53.o
WKUP1_Handler                                     src/ASF/sam/utils/cmsis/samg/samg53/source/templates/exceptions.o
                                                  src/ASF/sam/utils/cmsis/samg/samg53/source/templates/gcc/startup_samg53.o
WKUP2_Handler                                     src/ASF/sam/utils/cmsis/samg/samg53/source/templates/exceptions.o
                                                  src/ASF/sam/utils/cmsis/samg/samg53/source/templates/gcc/startup_samg53.o
WKUP3_Handler                                     src/ASF/sam/utils/cmsis/samg/samg53/source/templates/exceptions.o
                                                  src/ASF/sam/utils/cmsis/samg/samg53/source/templates/gcc/startup_samg53.o
WKUP4_Handler                                     src/ASF/sam/utils/cmsis/samg/samg53/source/templates/exceptions.o
                                                  src/ASF/sam/utils/cmsis/samg/samg53/source/templates/gcc/startup_samg53.o
WKUP5_Handler                                     src/ASF/sam/utils/cmsis/samg/samg53/source/templates/exceptions.o
                                                  src/ASF/sam/utils/cmsis/samg/samg53/source/templates/gcc/startup_samg53.o
WKUP6_Handler                                     src/ASF/sam/utils/cmsis/samg/samg53/source/templates/exceptions.o
                                                  src/ASF/sam/utils/cmsis/samg/samg53/source/templates/gcc/startup_samg53.o
WKUP7_Handler                                     src/ASF/sam/utils/cmsis/samg/samg53/source/templates/exceptions.o
                                                  src/ASF/sam/utils/cmsis/samg/samg53/source/templates/gcc/startup_samg53.o
WKUP8_Handler                                     src/ASF/sam/utils/cmsis/samg/samg53/source/templates/exceptions.o
                                                  src/ASF/sam/utils/cmsis/samg/samg53/source/templates/gcc/startup_samg53.o
WKUP9_Handler                                     src/ASF/sam/utils/cmsis/samg/samg53/source/templates/exceptions.o
                                                  src/ASF/sam/utils/cmsis/samg/samg53/source/templates/gcc/startup_samg53.o
_Balloc                                           c:/program files (x86)/atmel/studio/7.0/toolchain/arm/arm-gnu-toolchain/bin/../lib/gcc/arm-none-eabi/6.3.1/../../../../arm-none-eabi/lib/thumb/v7e-m\libc.a(lib_a-mprec.o)
                                                  c:/program files (x86)/atmel/studio/7.0/toolchain/arm/arm-gnu-toolchain/bin/../lib/gcc/arm-none-eabi/6.3.1/../../../../arm-none-eabi/lib/thumb/v7e-m\libc.a(lib_a-dtoa.o)
_Bfree                                            c:/program files (x86)/atmel/studio/7.0/toolchain/arm/arm-gnu-toolchain/bin/../lib/gcc/arm-none-eabi/6.3.1/../../../../arm-none-eabi/lib/thumb/v7e-m\libc.a(lib_a-mprec.o)
                                                  c:/program files (x86)/atmel/studio/7.0/toolchain/arm/arm-gnu-toolchain/bin/../lib/gcc/arm-none-eabi/6.3.1/../../../../arm-none-eabi/lib/thumb/v7e-m\libc.a(lib_a-dtoa.o)
_Jv_RegisterClasses                               c:/program files (x86)/atmel/studio/7.0/toolchain/arm/arm-gnu-toolchain/bin/../lib/gcc/arm-none-eabi/6.3.1/thumb/v7e-m/crtbegin.o
_PathLocale                                       c:/program files (x86)/atmel/studio/7.0/toolchain/arm/arm-gnu-toolchain/bin/../lib/gcc/arm-none-eabi/6.3.1/../../../../arm-none-eabi/lib/thumb/v7e-m\libc.a(lib_a-locale.o)
__adddf3                                          c:/program files (x86)/atmel/studio/7.0/toolchain/arm/arm-gnu-toolchain/bin/../lib/gcc/arm-none-eabi/6.3.1/thumb/v7e-m\libgcc.a(_arm_addsubdf3.o)
__aeabi_cdcmpeq                                   c:/program files (x86)/atmel/studio/7.0/toolchain/arm/arm-gnu-toolchain/bin/../lib/gcc/arm-none-eabi/6.3.1/thumb/v7e-m\libgcc.a(_arm_cmpdf2.o)
__aeabi_cdcmple                                   c:/program files (x86)/atmel/studio/7.0/toolchain/arm/arm-gnu-toolchain/bin/../lib/gcc/arm-none-eabi/6.3.1/thumb/v7e-m\libgcc.a(_arm_cmpdf2.o)
__aeabi_cdrcmple                                  c:/program files (x86)/atmel/studio/7.0/toolchain/arm/arm-gnu-toolchain/bin/../lib/gcc/arm-none-eabi/6.3.1/thumb/v7e-m\libgcc.a(_arm_cmpdf2.o)
__aeabi_d2iz                                      c:/program files (x86)/atmel/studio/7.0/toolchain/arm/arm-gnu-toolchain/bin/../lib/gcc/arm-none-eabi/6.3.1/thumb/v7e-m\libgcc.a(_arm_fixdfsi.o)
                                                  c:/program files (x86)/atmel/studio/7.0/toolchain/arm/arm-gnu-toolchain/bin/../lib/gcc/arm-none-eabi/6.3.1/../../../../arm-none-eabi/lib/thumb/v7e-m\libc.a(lib_a-dtoa.o)
__aeabi_dadd                                      c:/program files (x86)/atmel/studio/7.0/toolchain/arm/arm-gnu-toolchain/bin/../lib/gcc/arm-none-eabi/6.3.1/thumb/v7e-m\libgcc.a(_arm_addsubdf3.o)
                                                  c:/program files (x86)/atmel/studio/7.0/toolchain/arm/arm-gnu-toolchain/bin/../lib/gcc/arm-none-eabi/6.3.1/../../../../arm-none-eabi/lib/thumb/v7e-m\libc.a(lib_a-dtoa.o)
__aeabi_dcmpeq                                    c:/program files (x86)/atmel/studio/7.0/toolchain/arm/arm-gnu-toolchain/bin/../lib/gcc/arm-none-eabi/6.3.1/thumb/v7e-m\libgcc.a(_arm_cmpdf2.o)
                                                  c:/program files (x86)/atmel/studio/7.0/toolchain/arm/arm-gnu-toolchain/bin/../lib/gcc/arm-none-eabi/6.3.1/../../../../arm-none-eabi/lib/thumb/v7e-m\libc.a(lib_a-dtoa.o)
                                                  c:/program files (x86)/atmel/studio/7.0/toolchain/arm/arm-gnu-toolchain/bin/../lib/gcc/arm-none-eabi/6.3.1/../../../../arm-none-eabi/lib/thumb/v7e-m\libc.a(lib_a-svfprintf.o)
__aeabi_dcmpge                                    c:/program files (x86)/atmel/studio/7.0/toolchain/arm/arm-gnu-toolchain/bin/../lib/gcc/arm-none-eabi/6.3.1/thumb/v7e-m\libgcc.a(_arm_cmpdf2.o)
                                                  c:/program files (x86)/atmel/studio/7.0/toolchain/arm/arm-gnu-toolchain/bin/../lib/gcc/arm-none-eabi/6.3.1/../../../../arm-none-eabi/lib/thumb/v7e-m\libc.a(lib_a-dtoa.o)
__aeabi_dcmpgt                                    c:/program files (x86)/atmel/studio/7.0/toolchain/arm/arm-gnu-toolchain/bin/../lib/gcc/arm-none-eabi/6.3.1/thumb/v7e-m\libgcc.a(_arm_cmpdf2.o)
                                                  c:/program files (x86)/atmel/studio/7.0/toolchain/arm/arm-gnu-toolchain/bin/../lib/gcc/arm-none-eabi/6.3.1/../../../../arm-none-eabi/lib/thumb/v7e-m\libc.a(lib_a-dtoa.o)
__aeabi_dcmple                                    c:/program files (x86)/atmel/studio/7.0/toolchain/arm/arm-gnu-toolchain/bin/../lib/gcc/arm-none-eabi/6.3.1/thumb/v7e-m\libgcc.a(_arm_cmpdf2.o)
                                                  c:/program files (x86)/atmel/studio/7.0/toolchain/arm/arm-gnu-toolchain/bin/../lib/gcc/arm-none-eabi/6.3.1/../../../../arm-none-eabi/lib/thumb/v7e-m\libc.a(lib_a-svfprintf.o)
__aeabi_dcmplt                                    c:/program files (x86)/atmel/studio/7.0/toolchain/arm/arm-gnu-toolchain/bin/../lib/gcc/arm-none-eabi/6.3.1/thumb/v7e-m\libgcc.a(_arm_cmpdf2.o)
                                                  c:/program files (x86)/atmel/studio/7.0/toolchain/arm/arm-gnu-toolchain/bin/../lib/gcc/arm-none-eabi/6.3.1/../../../../arm-none-eabi/lib/thumb/v7e-m\libc.a(lib_a-dtoa.o)
                                                  c:/program files (x86)/atmel/studio/7.0/toolchain/arm/arm-gnu-toolchain/bin/../lib/gcc/arm-none-eabi/6.3.1/../../../../arm-none-eabi/lib/thumb/v7e-m\libc.a(lib_a-svfprintf.o)
__aeabi_dcmpun                                    c:/program files (x86)/atmel/studio/7.0/toolchain/arm/arm-gnu-toolchain/bin/../lib/gcc/arm-none-eabi/6.3.1/thumb/v7e-m\libgcc.a(_arm_unorddf2.o)
                                                  c:/program files (x86)/atmel/studio/7.0/toolchain/arm/arm-gnu-toolchain/bin/../lib/gcc/arm-none-eabi/6.3.1/../../../../arm-none-eabi/lib/thumb/v7e-m\libc.a(lib_a-svfprintf.o)
__aeabi_ddiv                                      c:/program files (x86)/atmel/studio/7.0/toolchain/arm/arm-gnu-toolchain/bin/../lib/gcc/arm-none-eabi/6.3.1/thumb/v7e-m\libgcc.a(_arm_muldivdf3.o)