Archive member included to satisfy reference by file (symbol)

c:/program files (x86)/atmel/studio/7.0/toolchain/arm/arm-gnu-toolchain/bin/../lib/gcc/arm-none-eabi/6.3.1/thumb/v7e-m\libgcc.a(_arm_addsubdf3.o)
                              src/main.o (__aeabi_f2d)
c:/program files (x86)/atmel/studio/7.0/toolchain/arm/arm-gnu-toolchain/bin/../lib/gcc/arm-none-eabi/6.3.1/../../../../arm-none-eabi/lib/thumb/v7e-m\libc.a(lib_a-exit.o)
                              c:/program files (x86)/atmel/studio/7.0/toolchain/arm/arm-gnu-toolchain/bin/../lib/gcc/arm-none-eabi/6.3.1/../../../../arm-none-eabi/lib/thumb/v7e-m/crt0.o (exit)
c:/program files (x86)/atmel/studio/7.0/toolchain/arm/arm-gnu-toolchain/bin/../lib/gcc/arm-none-eabi/6.3.1/../../../../arm-none-eabi/lib/thumb/v7e-m\libc.a(lib_a-impure.o)
                              c:/program files (x86)/atmel/studio/7.0/toolchain/arm/arm-gnu-toolchain/bin/../lib/gcc/arm-none-eabi/6.3.1/../../../../arm-none-eabi/lib/thumb/v7e-m\libc.a(lib_a-exit.o) (_global_impure_ptr)
c:/program files (x86)/atmel/studio/7.0/toolchain/arm/arm-gnu-toolchain/bin/../lib/gcc/arm-none-eabi/6.3.1/../../../../arm-none-eabi/lib/thumb/v7e-m\libc.a(lib_a-init.o)
                              c:/program files (x86)/atmel/studio/7.0/toolchain/arm/arm-gnu-toolchain/bin/../lib/gcc/arm-none-eabi/6.3.1/../../../../arm-none-eabi/lib/thumb/v7e-m/crt0.o (__libc_init_array)
c:/program files (x86)/atmel/studio/7.0/toolchain/arm/arm-gnu-toolchain/bin/../lib/gcc/arm-none-eabi/6.3.1/../../../../arm-none-eabi/lib/thumb/v7e-m\libc.a(lib_a-iprintf.o)
                              src/main.o (iprintf)
c:/program files (x86)/atmel/studio/7.0/toolchain/arm/arm-gnu-toolchain/bin/../lib/gcc/arm-none-eabi/6.3.1/../../../../arm-none-eabi/lib/thumb/v7e-m\libc.a(lib_a-memset.o)
                              c:/program files (x86)/atmel/studio/7.0/toolchain/arm/arm-gnu-toolchain/bin/../lib/gcc/arm-none-eabi/6.3.1/../../../../arm-none-eabi/lib/thumb/v7e-m/crt0.o (memset)
c:/program files (x86)/atmel/studio/7.0/toolchain/arm/arm-gnu-toolchain/bin/../lib/gcc/arm-none-eabi/6.3.1/../../../../arm-none-eabi/lib/thumb/v7e-m\libc.a(lib_a-puts.o)
                              src/main.o (puts)
c:/program files (x86)/atmel/studio/7.0/toolchain/arm/arm-gnu-toolchain/bin/../lib/gcc/arm-none-eabi/6.3.1/../../../../arm-none-eabi/lib/thumb/v7e-m\libc.a(lib_a-setbuf.o)
                              src/main.o (setbuf)
c:/program files (x86)/atmel/studio/7.0/toolchain/arm/arm-gnu-toolchain/bin/../lib/gcc/arm-none-eabi/6.3.1/../../../../arm-none-eabi/lib/thumb/v7e-m\libc.a(lib_a-setvbuf.o)
                              c:/program files (x86)/atmel/studio/7.0/toolchain/arm/arm-gnu-toolchain/bin/../lib/gcc/arm-none-eabi/6.3.1/../../../../arm-none-eabi/lib/thumb/v7e-m\libc.a(lib_a-setbuf.o) (setvbuf)
c:/program files (x86)/atmel/studio/7.0/toolchain/arm/arm-gnu-toolchain/bin/../lib/gcc/arm-none-eabi/6.3.1/../../../../arm-none-eabi/lib/thumb/v7e-m\libc.a(lib_a-sprintf.o)
                              src/main.o (sprintf)
c:/program files (x86)/atmel/studio/7.0/toolchain/arm/arm-gnu-toolchain/bin/../lib/gcc/arm-none-eabi/6.3.1/../../../../arm-none-eabi/lib/thumb/v7e-m\libc.a(lib_a-strlen.o)
                              c:/program files (x86)/atmel/studio/7.0/toolchain/arm/arm-gnu-toolchain/bin/../lib/gcc/arm-none-eabi/6.3.1/../../../../arm-none-eabi/lib/thumb/v7e-m\libc.a(lib_a-puts.o) (strlen)
c:/program files (x86)/atmel/studio/7.0/toolchain/arm/arm-gnu-toolchain/bin/../lib/gcc/arm-none-eabi/6.3.1/../../../../arm-none-eabi/lib/thumb/v7e-m\libc.a(lib_a-svfprintf.o)
                              c:/program files (x86)/atmel/studio/7.0/toolchain/arm/arm-gnu-toolchain/bin/../lib/gcc/arm-none-eabi/6.3.1/../../../../arm-none-eabi/lib/thumb/v7e-m\libc.a(lib_a-sprintf.o) (_svfprintf_r)
c:/program files (x86)/atmel/studio/7.0/toolchain/arm/arm-gnu-toolchain/bin/../lib/gcc/arm-none-eabi/6.3.1/../../../../arm-none-eabi/lib/thumb/v7e-m\libc.a(lib_a-vfiprintf.o)
                              c:/program files (x86)/atmel/studio/7.0/toolchain/arm/arm-gnu-toolchain/bin/../lib/gcc/arm-none-eabi/6.3.1/../../../../arm-none-eabi/lib/thumb/v7e-m\libc.a(lib_a-iprintf.o) (_vfiprintf_r)
c:/program files (x86)/atmel/studio/7.0/toolchain/arm/arm-gnu-toolchain/bin/../lib/gcc/arm-none-eabi/6.3.1/../../../../arm-none-eabi/lib/thumb/v7e-m\libc.a(lib_a-wsetup.o)
                              c:/program files (x86)/atmel/studio/7.0/toolchain/arm/arm-gnu-toolchain/bin/../lib/gcc/arm-none-eabi/6.3.1/../../../../arm-none-eabi/lib/thumb/v7e-m\libc.a(lib_a-vfiprintf.o) (__swsetup_r)
c:/program files (x86)/atmel/studio/7.0/toolchain/arm/arm-gnu-toolchain/bin/../lib/gcc/arm-none-eabi/6.3.1/../../../../arm-none-eabi/lib/thumb/v7e-m\libc.a(lib_a-__call_atexit.o)
                              c:/program files (x86)/atmel/studio/7.0/toolchain/arm/arm-gnu-toolchain/bin/../lib/gcc/arm-none-eabi/6.3.1/../../../../arm-none-eabi/lib/thumb/v7e-m\libc.a(lib_a-exit.o) (__call_exitprocs)
[...]
Memory Configuration

Name             Origin             Length             Attributes
rom              0x00400000         0x00080000         xr
ram              0x20000000         0x00018000         xrw
*default*        0x00000000         0xffffffff

Linker script and memory map

LOAD c:/program files (x86)/atmel/studio/7.0/toolchain/arm/arm-gnu-toolchain/bin/../lib/gcc/arm-none-eabi/6.3.1/thumb/v7e-m/crti.o
LOAD c:/program files (x86)/atmel/studio/7.0/toolchain/arm/arm-gnu-toolchain/bin/../lib/gcc/arm-none-eabi/6.3.1/thumb/v7e-m/crtbegin.o
LOAD c:/program files (x86)/atmel/studio/7.0/toolchain/arm/arm-gnu-toolchain/bin/../lib/gcc/arm-none-eabi/6.3.1/../../../../arm-none-eabi/lib/thumb/v7e-m/crt0.o
LOAD src/ASF/common/services/delay/sam/cycle_counter.o
LOAD src/ASF/common/utils/stdio/read.o
LOAD src/ASF/common/utils/stdio/write.o
LOAD src/ASF/sam/drivers/pio/pio_handler.o
LOAD src/ASF/sam/drivers/usart/usart.o
LOAD src/ASF/common/services/serial/usart_serial.o
LOAD src/ASF/sam/drivers/pio/pio.o
LOAD src/ASF/sam/drivers/rtc/rtc.o
LOAD src/ASF/sam/drivers/tc/tc.o
LOAD src/ASF/sam/drivers/uart/uart.o
LOAD src/ASF/common/services/clock/samg/sysclk.o
LOAD src/ASF/common/utils/interrupt/interrupt_sam_nvic.o
LOAD src/ASF/sam/boards/samg53_xplained_pro/board_init.o
LOAD src/ASF/sam/drivers/efc/efc.o
LOAD src/ASF/sam/drivers/pmc/pmc.o
LOAD src/ASF/sam/drivers/pmc/sleep.o
LOAD src/ASF/sam/drivers/supc/supc.o
LOAD src/ASF/sam/utils/cmsis/samg/samg53/source/templates/exceptions.o
LOAD src/ASF/sam/utils/cmsis/samg/samg53/source/templates/gcc/startup_samg53.o
LOAD src/ASF/sam/utils/cmsis/samg/samg53/source/templates/system_samg53.o
LOAD src/ASF/sam/utils/syscalls/gcc/syscalls.o
LOAD src/main.o
START GROUP
LOAD ../src/ASF/thirdparty/CMSIS/Lib/GCC\libarm_cortexM4lf_math_softfp.a
LOAD c:/program files (x86)/atmel/studio/7.0/toolchain/arm/arm-gnu-toolchain/bin/../lib/gcc/arm-none-eabi/6.3.1/../../../../arm-none-eabi/lib/thumb/v7e-m\libm.a
END GROUP
START GROUP
LOAD c:/program files (x86)/atmel/studio/7.0/toolchain/arm/arm-gnu-toolchain/bin/../lib/gcc/arm-none-eabi/6.3.1/thumb/v7e-m\libgcc.a
LOAD c:/program files (x86)/atmel/studio/7.0/toolchain/arm/arm-gnu-toolchain/bin/../lib/gcc/arm-none-eabi/6.3.1/../../../../arm-none-eabi/lib/thumb/v7e-m\libc.a
END GROUP
LOAD c:/program files (x86)/atmel/studio/7.0/toolchain/arm/arm-gnu-toolchain/bin/../lib/gcc/arm-none-eabi/6.3.1/thumb/v7e-m/crtend.o
LOAD c:/program files (x86)/atmel/studio/7.0/toolchain/arm/arm-gnu-toolchain/bin/../lib/gcc/arm-none-eabi/6.3.1/thumb/v7e-m/crtn.o
                0x00003000                __stack_size__ = DEFINED (__stack_size__)?__stack_size__:0x3000
                0x20017ffc                __ram_end__ = ((ORIGIN (ram) + LENGTH (ram)) - 0x4)

.text           0x00400000     0x77c4
                0x00400000                . = ALIGN (0x4)
                0x00400000                _sfixed = .
 *(.vectors .vectors.*)
 .vectors       0x00400000       0xfc src/ASF/sam/utils/cmsis/samg/samg53/source/templates/gcc/startup_samg53.o
                0x00400000                exception_table
 *(.text .text.* .gnu.linkonce.t.*)
 .text          0x004000fc       0x6c c:/program files (x86)/atmel/studio/7.0/toolchain/arm/arm-gnu-toolchain/bin/../lib/gcc/arm-none-eabi/6.3.1/thumb/v7e-m/crtbegin.o
 .text._read    0x00400168       0x3c src/ASF/common/utils/stdio/read.o
                0x00400168                _read
 .text._write   0x004001a4       0x50 src/ASF/common/utils/stdio/write.o
                0x004001a4                _write
 .text.pio_handler_process
                0x004001f4       0x50 src/ASF/sam/drivers/pio/pio_handler.o
                0x004001f4                pio_handler_process
 .text.pio_handler_set
                0x00400244       0x70 src/ASF/sam/drivers/pio/pio_handler.o
                0x00400244                pio_handler_set
 .text.PIOA_Handler
                0x004002b4       0x14 src/ASF/sam/drivers/pio/pio_handler.o
                0x004002b4                PIOA_Handler
 .text.PIOB_Handler
                0x004002c8       0x14 src/ASF/sam/drivers/pio/pio_handler.o
                0x004002c8                PIOB_Handler
 .text.usart_write
                0x004002dc       0x14 src/ASF/sam/drivers/usart/usart.o
                0x004002dc                usart_write
 .text.usart_read
                0x004002f0       0x18 src/ASF/sam/drivers/usart/usart.o
                0x004002f0                usart_read
 .text.pio_set_input
                0x00400308       0x32 src/ASF/sam/drivers/pio/pio.o
                0x00400308                pio_set_input
 .text.pio_set_output
                0x0040033a       0x28 src/ASF/sam/drivers/pio/pio.o
                0x0040033a                pio_set_output
 .text.pio_pull_down
                0x00400362        0xe src/ASF/sam/drivers/pio/pio.o
                0x00400362                pio_pull_down
 .text.pio_configure_interrupt
                0x00400370       0x2e src/ASF/sam/drivers/pio/pio.o
                0x00400370                pio_configure_interrupt
 .text.pio_enable_interrupt
                0x0040039e        0x4 src/ASF/sam/drivers/pio/pio.o
                0x0040039e                pio_enable_interrupt
 .text.pio_get_interrupt_status
                0x004003a2        0x4 src/ASF/sam/drivers/pio/pio.o
                0x004003a2                pio_get_interrupt_status
 .text.pio_get_interrupt_mask
                0x004003a6        0x4 src/ASF/sam/drivers/pio/pio.o
                0x004003a6                pio_get_interrupt_mask
 .text.pio_set_pin_high
                0x004003aa       0x1a src/ASF/sam/drivers/pio/pio.o
                0x004003aa                pio_set_pin_high
 .text.pio_set_pin_low
                0x004003c4       0x1a src/ASF/sam/drivers/pio/pio.o
                0x004003c4                pio_set_pin_low
 .text.pio_toggle_pin
                0x004003de       0x20 src/ASF/sam/drivers/pio/pio.o
                0x004003de                pio_toggle_pin
 .text.rtc_set_hour_mode
                0x004003fe       0x16 src/ASF/sam/drivers/rtc/rtc.o
                0x004003fe                rtc_set_hour_mode
 .text.rtc_get_time
                0x00400414       0x5a src/ASF/sam/drivers/rtc/rtc.o
                0x00400414                rtc_get_time
 .text.tc_init  0x0040046e       0x1a src/ASF/sam/drivers/tc/tc.o
                0x0040046e                tc_init
 .text.tc_start
                0x00400488        0x8 src/ASF/sam/drivers/tc/tc.o
                0x00400488                tc_start
 .text.tc_write_rc
                0x00400490        0x8 src/ASF/sam/drivers/tc/tc.o
                0x00400490                tc_write_rc
 .text.tc_enable_interrupt
                0x00400498        0x8 src/ASF/sam/drivers/tc/tc.o
                0x00400498                tc_enable_interrupt
 .text.tc_get_status
                0x004004a0        0x8 src/ASF/sam/drivers/tc/tc.o
                0x004004a0                tc_get_status
 .text.tc_find_mck_divisor
                0x004004a8       0x70 src/ASF/sam/drivers/tc/tc.o
                0x004004a8                tc_find_mck_divisor
 .text.uart_init
                0x00400518       0x38 src/ASF/sam/drivers/uart/uart.o
                0x00400518                uart_init
 .text.uart_enable_interrupt
                0x00400550        0x4 src/ASF/sam/drivers/uart/uart.o
                0x00400550                uart_enable_interrupt
 .text.uart_write
                0x00400554       0x10 src/ASF/sam/drivers/uart/uart.o
                0x00400554                uart_write
 .text.uart_read
                0x00400564       0x12 src/ASF/sam/drivers/uart/uart.o
                0x00400564                uart_read
 *fill*         0x00400576        0x2 
 .text.sysclk_init
                0x00400578       0x68 src/ASF/common/services/clock/samg/sysclk.o
                0x00400578                sysclk_init
 .text.system_board_init
                0x004005e0       0x7c src/ASF/sam/boards/samg53_xplained_pro/board_init.o
                0x004005e0                board_init
                0x004005e0                system_board_init
 .text.pmc_switch_mck_to_pllack
                0x0040065c       0x64 src/ASF/sam/drivers/pmc/pmc.o
                0x0040065c                pmc_switch_mck_to_pllack
 .text.pmc_switch_sclk_to_32kxtal
                0x004006c0       0x24 src/ASF/sam/drivers/pmc/pmc.o
                0x004006c0                pmc_switch_sclk_to_32kxtal
 .text.pmc_osc_is_ready_32kxtal
                0x004006e4       0x20 src/ASF/sam/drivers/pmc/pmc.o
                0x004006e4                pmc_osc_is_ready_32kxtal
 .text.pmc_disable_pllack
                0x00400704        0xc src/ASF/sam/drivers/pmc/pmc.o
                0x00400704                pmc_disable_pllack
 .text.pmc_is_locked_pllack
                0x00400710       0x10 src/ASF/sam/drivers/pmc/pmc.o
                0x00400710                pmc_is_locked_pllack
 .text.pmc_enable_periph_clk
                0x00400720       0x34 src/ASF/sam/drivers/pmc/pmc.o
                0x00400720                pmc_enable_periph_clk
 .text.Dummy_Handler
                0x00400754        0x2 src/ASF/sam/utils/cmsis/samg/samg53/source/templates/exceptions.o
                0x00400754                WKUP2_Handler
                0x00400754                DebugMon_Handler
                0x00400754                WKUP7_Handler
                0x00400754                WKUP10_Handler
                0x00400754                WKUP15_Handler
                0x00400754                HardFault_Handler
                0x00400754                TC2_Handler
                0x00400754                SPI_Handler
                0x00400754                TWI1_Handler
                0x00400754                PendSV_Handler
                0x00400754                NMI_Handler
                0x00400754                WKUP3_Handler
                0x00400754                ADC_Handler
                0x00400754                WKUP4_Handler
                0x00400754                WKUP6_Handler
                0x00400754                RTT_Handler
                0x00400754                RTC_Handler
                0x00400754                UsageFault_Handler
                0x00400754                PDMIC1_Handler
                0x00400754                WKUP13_Handler
                0x00400754                WDT_Handler
                0x00400754                WKUP12_Handler
                0x00400754                TC4_Handler
                0x00400754                TC1_Handler
                0x00400754                UART1_Handler
                0x00400754                WKUP14_Handler
                0x00400754                TC3_Handler
                0x00400754                ARM_Handler
                0x00400754                Dummy_Handler
                0x00400754                TWI0_Handler
                0x00400754                WKUP11_Handler
                0x00400754                TWI2_Handler
                0x00400754                MEM2MEM_Handler
                0x00400754                USART_Handler
                0x00400754                PMC_Handler
                0x00400754                WKUP1_Handler
                0x00400754                PDMIC0_Handler
                0x00400754                MemManage_Handler
                0x00400754                SUPC_Handler
                0x00400754                SVC_Handler
                0x00400754                EFC_Handler
                0x00400754                WKUP8_Handler
                0x00400754                I2SC0_Handler
                0x00400754                I2SC1_Handler
                0x00400754                WKUP5_Handler
                0x00400754                BusFault_Handler
                0x00400754                RSTC_Handler
                0x00400754                WKUP0_Handler
                0x00400754                TC5_Handler
                0x00400754                WKUP9_Handler
 *fill*         0x00400756        0x2 
 .text.Reset_Handler
                0x00400758       0xdc src/ASF/sam/utils/cmsis/samg/samg53/source/templates/gcc/startup_samg53.o
                0x00400758                Reset_Handler
 .text.SystemCoreClockUpdate
                0x00400834       0xe8 src/ASF/sam/utils/cmsis/samg/samg53/source/templates/system_samg53.o
                0x00400834                SystemCoreClockUpdate
 .text.system_init_flash
                0x0040091c       0x4c src/ASF/sam/utils/cmsis/samg/samg53/source/templates/system_samg53.o
                0x0040091c                system_init_flash
 .text._sbrk    0x00400968       0x38 src/ASF/sam/utils/syscalls/gcc/syscalls.o
                0x00400968                _sbrk
 .text._close   0x004009a0        0x6 src/ASF/sam/utils/syscalls/gcc/syscalls.o
                0x004009a0                _close
 .text._fstat   0x004009a6        0xa src/ASF/sam/utils/syscalls/gcc/syscalls.o
                0x004009a6                _fstat
 .text._isatty  0x004009b0        0x4 src/ASF/sam/utils/syscalls/gcc/syscalls.o
                0x004009b0                _isatty
 .text._lseek   0x004009b4        0x4 src/ASF/sam/utils/syscalls/gcc/syscalls.o
                0x004009b4                _lseek
 .text.pin_handler
                0x004009b8       0x94 src/main.o
                0x004009b8                pin_handler
 .text.usart_serial_getchar
                0x00400a4c       0x68 src/main.o
 .text.usart_serial_putchar
                0x00400ab4       0x64 src/main.o
 .text.SysTick_Handler
                0x00400b18       0x10 src/main.o
                0x00400b18                SysTick_Handler
 .text.control  0x00400b28       0xf4 src/main.o
                0x00400b28                control
 .text.UART0_Handler
                0x00400c1c        0x2 src/main.o
                0x00400c1c                UART0_Handler
 *fill*         0x00400c1e        0x2 
 .text.config_ensaio
                0x00400c20      0x130 src/main.o
                0x00400c20                config_ensaio
 .text.TC0_Handler
                0x00400d50       0xcc src/main.o
                0x00400d50                TC0_Handler
 .text.main     0x00400e1c      0x144 src/main.o
                0x00400e1c                main
 .text          0x00400f60      0x370 c:/program files (x86)/atmel/studio/7.0/toolchain/arm/arm-gnu-toolchain/bin/../lib/gcc/arm-none-eabi/6.3.1/thumb/v7e-m\libgcc.a(_arm_addsubdf3.o)
                0x00400f60                __aeabi_drsub
                0x00400f68                __aeabi_dsub
                0x00400f68                __subdf3
                0x00400f6c                __aeabi_dadd
                0x00400f6c                __adddf3
                0x004011e4                __floatunsidf
                0x004011e4                __aeabi_ui2d
                0x00401204                __floatsidf
                0x00401204                __aeabi_i2d
                0x00401228                __aeabi_f2d
                0x00401228                __extendsfdf2
                0x00401264                __floatundidf
                0x00401264                __aeabi_ul2d
                0x00401274                __floatdidf
                0x00401274                __aeabi_l2d
 .text.__libc_init_array
                0x004012d0       0x50 c:/program files (x86)/atmel/studio/7.0/toolchain/arm/arm-gnu-toolchain/bin/../lib/gcc/arm-none-eabi/6.3.1/../../../../arm-none-eabi/lib/thumb/v7e-m\libc.a(lib_a-init.o)
                0x004012d0                __libc_init_array
 .text.iprintf  0x00401320       0x28 c:/program files (x86)/atmel/studio/7.0/toolchain/arm/arm-gnu-toolchain/bin/../lib/gcc/arm-none-eabi/6.3.1/../../../../arm-none-eabi/lib/thumb/v7e-m\libc.a(lib_a-iprintf.o)
                0x00401320                iprintf
 .text.memset   0x00401348       0x9c c:/program files (x86)/atmel/studio/7.0/toolchain/arm/arm-gnu-toolchain/bin/../lib/gcc/arm-none-eabi/6.3.1/../../../../arm-none-eabi/lib/thumb/v7e-m\libc.a(lib_a-memset.o)
                0x00401348                memset
 .text._puts_r  0x004013e4       0x9c c:/program files (x86)/atmel/studio/7.0/toolchain/arm/arm-gnu-toolchain/bin/../lib/gcc/arm-none-eabi/6.3.1/../../../../arm-none-eabi/lib/thumb/v7e-m\libc.a(lib_a-puts.o)
                0x004013e4                _puts_r
 .text.puts     0x00401480       0x10 c:/program files (x86)/atmel/studio/7.0/toolchain/arm/arm-gnu-toolchain/bin/../lib/gcc/arm-none-eabi/6.3.1/../../../../arm-none-eabi/lib/thumb/v7e-m\libc.a(lib_a-puts.o)
                0x00401480                puts
 .text.setbuf   0x00401490       0x10 c:/program files (x86)/atmel/studio/7.0/toolchain/arm/arm-gnu-toolchain/bin/../lib/gcc/arm-none-eabi/6.3.1/../../../../arm-none-eabi/lib/thumb/v7e-m\libc.a(lib_a-setbuf.o)
                0x00401490                setbuf
 .text.setvbuf  0x004014a0      0x190 c:/program files (x86)/atmel/studio/7.0/toolchain/arm/arm-gnu-toolchain/bin/../lib/gcc/arm-none-eabi/6.3.1/../../../../arm-none-eabi/lib/thumb/v7e-m\libc.a(lib_a-setvbuf.o)
                0x004014a0                setvbuf
 .text.sprintf  0x00401630       0x4c c:/program files (x86)/atmel/studio/7.0/toolchain/arm/arm-gnu-toolchain/bin/../lib/gcc/arm-none-eabi/6.3.1/../../../../arm-none-eabi/lib/thumb/v7e-m\libc.a(lib_a-sprintf.o)
                0x00401630                sprintf
 *fill*         0x0040167c        0x4 
 .text          0x00401680       0xdc c:/program files (x86)/atmel/studio/7.0/toolchain/arm/arm-gnu-toolchain/bin/../lib/gcc/arm-none-eabi/6.3.1/../../../../arm-none-eabi/lib/thumb/v7e-m\libc.a(lib_a-strlen.o)
                0x00401680                strlen
 .text._svfprintf_r
                0x0040175c     0x145c c:/program files (x86)/atmel/studio/7.0/toolchain/arm/arm-gnu-toolchain/bin/../lib/gcc/arm-none-eabi/6.3.1/../../../../arm-none-eabi/lib/thumb/v7e-m\libc.a(lib_a-svfprintf.o)
                0x0040175c                _svfprintf_r
 .text.__sprint_r.part.0
                0x00402bb8       0x80 c:/program files (x86)/atmel/studio/7.0/toolchain/arm/arm-gnu-toolchain/bin/../lib/gcc/arm-none-eabi/6.3.1/../../../../arm-none-eabi/lib/thumb/v7e-m\libc.a(lib_a-vfiprintf.o)
 .text._vfiprintf_r
                0x00402c38      0xc90 c:/program files (x86)/atmel/studio/7.0/toolchain/arm/arm-gnu-toolchain/bin/../lib/gcc/arm-none-eabi/6.3.1/../../../../arm-none-eabi/lib/thumb/v7e-m\libc.a(lib_a-vfiprintf.o)
                0x00402c38                _vfiprintf_r
 .text.__sbprintf
                0x004038c8       0x84 c:/program files (x86)/atmel/studio/7.0/toolchain/arm/arm-gnu-toolchain/bin/../lib/gcc/arm-none-eabi/6.3.1/../../../../arm-none-eabi/lib/thumb/v7e-m\libc.a(lib_a-vfiprintf.o)
 .text.__swsetup_r
                0x0040394c       0xc8 c:/program files (x86)/atmel/studio/7.0/toolchain/arm/arm-gnu-toolchain/bin/../lib/gcc/arm-none-eabi/6.3.1/../../../../arm-none-eabi/lib/thumb/v7e-m\libc.a(lib_a-wsetup.o)
                0x0040394c                __swsetup_r
 .text.startup.register_fini
                0x00403a14       0x14 c:/program files (x86)/atmel/studio/7.0/toolchain/arm/arm-gnu-toolchain/bin/../lib/gcc/arm-none-eabi/6.3.1/../../../../arm-none-eabi/lib/thumb/v7e-m\libc.a(lib_a-__call_atexit.o)
 .text.atexit   0x00403a28        0xc c:/program files (x86)/atmel/studio/7.0/toolchain/arm/arm-gnu-toolchain/bin/../lib/gcc/arm-none-eabi/6.3.1/../../../../arm-none-eabi/lib/thumb/v7e-m\libc.a(lib_a-atexit.o)
                0x00403a28                atexit
 .text.quorem   0x00403a34      0x128 c:/program files (x86)/atmel/studio/7.0/toolchain/arm/arm-gnu-toolchain/bin/../lib/gcc/arm-none-eabi/6.3.1/../../../../arm-none-eabi/lib/thumb/v7e-m\libc.a(lib_a-dtoa.o)
 *fill*         0x00403b5c        0x4 
 .text._dtoa_r  0x00403b60      0xe54 c:/program files (x86)/atmel/studio/7.0/toolchain/arm/arm-gnu-toolchain/bin/../lib/gcc/arm-none-eabi/6.3.1/../../../../arm-none-eabi/lib/thumb/v7e-m\libc.a(lib_a-dtoa.o)
                0x00403b60                _dtoa_r
 .text.__sflush_r
                0x004049b4      0x140 c:/program files (x86)/atmel/studio/7.0/toolchain/arm/arm-gnu-toolchain/bin/../lib/gcc/arm-none-eabi/6.3.1/../../../../arm-none-eabi/lib/thumb/v7e-m\libc.a(lib_a-fflush.o)
                0x004049b4                __sflush_r
 .text._fflush_r
                0x00404af4       0x54 c:/program files (x86)/atmel/studio/7.0/toolchain/arm/arm-gnu-toolchain/bin/../lib/gcc/arm-none-eabi/6.3.1/../../../../arm-none-eabi/lib/thumb/v7e-m\libc.a(lib_a-fflush.o)
                0x00404af4                _fflush_r
 .text._cleanup_r
                0x00404b48        0xc c:/program files (x86)/atmel/studio/7.0/toolchain/arm/arm-gnu-toolchain/bin/../lib/gcc/arm-none-eabi/6.3.1/../../../../arm-none-eabi/lib/thumb/v7e-m\libc.a(lib_a-findfp.o)
                0x00404b48                _cleanup_r
 .text.std.isra.0
                0x00404b54       0x50 c:/program files (x86)/atmel/studio/7.0/toolchain/arm/arm-gnu-toolchain/bin/../lib/gcc/arm-none-eabi/6.3.1/../../../../arm-none-eabi/lib/thumb/v7e-m\libc.a(lib_a-findfp.o)
 .text.__sinit  0x00404ba4       0x58 c:/program files (x86)/atmel/studio/7.0/toolchain/arm/arm-gnu-toolchain/bin/../lib/gcc/arm-none-eabi/6.3.1/../../../../arm-none-eabi/lib/thumb/v7e-m\libc.a(lib_a-findfp.o)
                0x00404ba4                __sinit
 .text.__sfp_lock_acquire
                0x00404bfc        0xc c:/program files (x86)/atmel/studio/7.0/toolchain/arm/arm-gnu-toolchain/bin/../lib/gcc/arm-none-eabi/6.3.1/../../../../arm-none-eabi/lib/thumb/v7e-m\libc.a(lib_a-findfp.o)
                0x00404bfc                __sfp_lock_acquire
 .text.__sfp_lock_release
                0x00404c08        0xc c:/program files (x86)/atmel/studio/7.0/toolchain/arm/arm-gnu-toolchain/bin/../lib/gcc/arm-none-eabi/6.3.1/../../../../arm-none-eabi/lib/thumb/v7e-m\libc.a(lib_a-findfp.o)
                0x00404c08                __sfp_lock_release
 .text.__libc_fini_array
                0x00404c14       0x34 c:/program files (x86)/atmel/studio/7.0/toolchain/arm/arm-gnu-toolchain/bin/../lib/gcc/arm-none-eabi/6.3.1/../../../../arm-none-eabi/lib/thumb/v7e-m\libc.a(lib_a-fini.o)
                0x00404c14                __libc_fini_array
 .text.__fputwc
                0x00404c48       0xa0 c:/program files (x86)/atmel/studio/7.0/toolchain/arm/arm-gnu-toolchain/bin/../lib/gcc/arm-none-eabi/6.3.1/../../../../arm-none-eabi/lib/thumb/v7e-m\libc.a(lib_a-fputwc.o)
                0x00404c48                __fputwc
 .text._fputwc_r
                0x00404ce8       0x68 c:/program files (x86)/atmel/studio/7.0/toolchain/arm/arm-gnu-toolchain/bin/../lib/gcc/arm-none-eabi/6.3.1/../../../../arm-none-eabi/lib/thumb/v7e-m\libc.a(lib_a-fputwc.o)
                0x00404ce8                _fputwc_r
 .text._malloc_trim_r
                0x00404d50       0xa0 c:/program files (x86)/atmel/studio/7.0/toolchain/arm/arm-gnu-toolchain/bin/../lib/gcc/arm-none-eabi/6.3.1/../../../../arm-none-eabi/lib/thumb/v7e-m\libc.a(lib_a-freer.o)
                0x00404d50                _malloc_trim_r
 .text._free_r  0x00404df0      0x1cc c:/program files (x86)/atmel/studio/7.0/toolchain/arm/arm-gnu-toolchain/bin/../lib/gcc/arm-none-eabi/6.3.1/../../../../arm-none-eabi/lib/thumb/v7e-m\libc.a(lib_a-freer.o)
                0x00404df0                _free_r
 .text.__sfvwrite_r
                0x00404fbc      0x2f0 c:/program files (x86)/atmel/studio/7.0/toolchain/arm/arm-gnu-toolchain/bin/../lib/gcc/arm-none-eabi/6.3.1/../../../../arm-none-eabi/lib/thumb/v7e-m\libc.a(lib_a-fvwrite.o)
                0x00404fbc                __sfvwrite_r
 .text._fwalk_reent
                0x004052ac       0x54 c:/program files (x86)/atmel/studio/7.0/toolchain/arm/arm-gnu-toolchain/bin/../lib/gcc/arm-none-eabi/6.3.1/../../../../arm-none-eabi/lib/thumb/v7e-m\libc.a(lib_a-fwalk.o)
                0x004052ac                _fwalk_reent
 .text.__locale_mb_cur_max
                0x00405300       0x1c c:/program files (x86)/atmel/studio/7.0/toolchain/arm/arm-gnu-toolchain/bin/../lib/gcc/arm-none-eabi/6.3.1/../../../../arm-none-eabi/lib/thumb/v7e-m\libc.a(lib_a-locale.o)
                0x00405300                __locale_mb_cur_max
 .text._localeconv_r
                0x0040531c       0x1c c:/program files (x86)/atmel/studio/7.0/toolchain/arm/arm-gnu-toolchain/bin/../lib/gcc/arm-none-eabi/6.3.1/../../../../arm-none-eabi/lib/thumb/v7e-m\libc.a(lib_a-localeconv.o)
                0x0040531c                _localeconv_r
 .text.__retarget_lock_init_recursive
                0x00405338        0x4 c:/program files (x86)/atmel/studio/7.0/toolchain/arm/arm-gnu-toolchain/bin/../lib/gcc/arm-none-eabi/6.3.1/../../../../arm-none-eabi/lib/thumb/v7e-m\libc.a(lib_a-lock.o)
                0x00405338                __retarget_lock_init_recursive
 .text.__retarget_lock_close_recursive
                0x0040533c        0x4 c:/program files (x86)/atmel/studio/7.0/toolchain/arm/arm-gnu-toolchain/bin/../lib/gcc/arm-none-eabi/6.3.1/../../../../arm-none-eabi/lib/thumb/v7e-m\libc.a(lib_a-lock.o)
                0x0040533c                __retarget_lock_close_recursive
 .text.__retarget_lock_acquire_recursive
                0x00405340        0x4 c:/program files (x86)/atmel/studio/7.0/toolchain/arm/arm-gnu-toolchain/bin/../lib/gcc/arm-none-eabi/6.3.1/../../../../arm-none-eabi/lib/thumb/v7e-m\libc.a(lib_a-lock.o)
                0x00405340                __retarget_lock_acquire_recursive
 .text.__retarget_lock_release_recursive
                0x00405344        0x4 c:/program files (x86)/atmel/studio/7.0/toolchain/arm/arm-gnu-toolchain/bin/../lib/gcc/arm-none-eabi/6.3.1/../../../../arm-none-eabi/lib/thumb/v7e-m\libc.a(lib_a-lock.o)
                0x00405344                __retarget_lock_release_recursive
 .text.__swhatbuf_r
                0x00405348       0x5c c:/program files (x86)/atmel/studio/7.0/toolchain/arm/arm-gnu-toolchain/bin/../lib/gcc/arm-none-eabi/6.3.1/../../../../arm-none-eabi/lib/thumb/v7e-m\libc.a(lib_a-makebuf.o)
                0x00405348                __swhatbuf_r
 .text.__smakebuf_r
                0x004053a4       0x94 c:/program files (x86)/atmel/studio/7.0/toolchain/arm/arm-gnu-toolchain/bin/../lib/gcc/arm-none-eabi/6.3.1/../../../../arm-none-eabi/lib/thumb/v7e-m\libc.a(lib_a-makebuf.o)
                0x004053a4                __smakebuf_r
 .text.malloc   0x00405438       0x10 c:/program files (x86)/atmel/studio/7.0/toolchain/arm/arm-gnu-toolchain/bin/../lib/gcc/arm-none-eabi/6.3.1/../../../../arm-none-eabi/lib/thumb/v7e-m\libc.a(lib_a-malloc.o)
                0x00405438                malloc
 .text._malloc_r
                0x00405448      0x560 c:/program files (x86)/atmel/studio/7.0/toolchain/arm/arm-gnu-toolchain/bin/../lib/gcc/arm-none-eabi/6.3.1/../../../../arm-none-eabi/lib/thumb/v7e-m\libc.a(lib_a-mallocr.o)
                0x00405448                _malloc_r
 .text.__ascii_mbtowc
                0x004059a8       0x2c c:/program files (x86)/atmel/studio/7.0/toolchain/arm/arm-gnu-toolchain/bin/../lib/gcc/arm-none-eabi/6.3.1/../../../../arm-none-eabi/lib/thumb/v7e-m\libc.a(lib_a-mbtowc_r.o)
                0x004059a8                __ascii_mbtowc
 *fill*         0x004059d4        0xc 
 .text          0x004059e0       0xa0 c:/program files (x86)/atmel/studio/7.0/toolchain/arm/arm-gnu-toolchain/bin/../lib/gcc/arm-none-eabi/6.3.1/../../../../arm-none-eabi/lib/thumb/v7e-m\libc.a(lib_a-memchr.o)
                0x004059e0                memchr
 .text          0x00405a80      0x134 c:/program files (x86)/atmel/studio/7.0/toolchain/arm/arm-gnu-toolchain/bin/../lib/gcc/arm-none-eabi/6.3.1/../../../../arm-none-eabi/lib/thumb/v7e-m\libc.a(lib_a-memcpy.o)
                0x00405a80                memcpy
 .text.memmove  0x00405bb4       0xc8 c:/program files (x86)/atmel/studio/7.0/toolchain/arm/arm-gnu-toolchain/bin/../lib/gcc/arm-none-eabi/6.3.1/../../../../arm-none-eabi/lib/thumb/v7e-m\libc.a(lib_a-memmove.o)
                0x00405bb4                memmove
 .text.__malloc_lock
                0x00405c7c        0xc c:/program files (x86)/atmel/studio/7.0/toolchain/arm/arm-gnu-toolchain/bin/../lib/gcc/arm-none-eabi/6.3.1/../../../../arm-none-eabi/lib/thumb/v7e-m\libc.a(lib_a-mlock.o)
                0x00405c7c                __malloc_lock
 .text.__malloc_unlock
                0x00405c88        0xc c:/program files (x86)/atmel/studio/7.0/toolchain/arm/arm-gnu-toolchain/bin/../lib/gcc/arm-none-eabi/6.3.1/../../../../arm-none-eabi/lib/thumb/v7e-m\libc.a(lib_a-mlock.o)
                0x00405c88                __malloc_unlock
 .text._Balloc  0x00405c94       0x4c c:/program files (x86)/atmel/studio/7.0/toolchain/arm/arm-gnu-toolchain/bin/../lib/gcc/arm-none-eabi/6.3.1/../../../../arm-none-eabi/lib/thumb/v7e-m\libc.a(lib_a-mprec.o)
                0x00405c94                _Balloc
 .text._Bfree   0x00405ce0       0x14 c:/program files (x86)/atmel/studio/7.0/toolchain/arm/arm-gnu-toolchain/bin/../lib/gcc/arm-none-eabi/6.3.1/../../../../arm-none-eabi/lib/thumb/v7e-m\libc.a(lib_a-mprec.o)
                0x00405ce0                _Bfree
 .text.__multadd
                0x00405cf4       0x80 c:/program files (x86)/atmel/studio/7.0/toolchain/arm/arm-gnu-toolchain/bin/../lib/gcc/arm-none-eabi/6.3.1/../../../../arm-none-eabi/lib/thumb/v7e-m\libc.a(lib_a-mprec.o)
                0x00405cf4                __multadd
 .text.__hi0bits
                0x00405d74       0x40 c:/program files (x86)/atmel/studio/7.0/toolchain/arm/arm-gnu-toolchain/bin/../lib/gcc/arm-none-eabi/6.3.1/../../../../arm-none-eabi/lib/thumb/v7e-m\libc.a(lib_a-mprec.o)
                0x00405d74                __hi0bits
 .text.__lo0bits
                0x00405db4       0x60 c:/program files (x86)/atmel/studio/7.0/toolchain/arm/arm-gnu-toolchain/bin/../lib/gcc/arm-none-eabi/6.3.1/../../../../arm-none-eabi/lib/thumb/v7e-m\libc.a(lib_a-mprec.o)
                0x00405db4                __lo0bits
 .text.__i2b    0x00405e14       0x14 c:/program files (x86)/atmel/studio/7.0/toolchain/arm/arm-gnu-toolchain/bin/../lib/gcc/arm-none-eabi/6.3.1/../../../../arm-none-eabi/lib/thumb/v7e-m\libc.a(lib_a-mprec.o)
                0x00405e14                __i2b
 .text.__multiply
                0x00405e28      0x124 c:/program files (x86)/atmel/studio/7.0/toolchain/arm/arm-gnu-toolchain/bin/../lib/gcc/arm-none-eabi/6.3.1/../../../../arm-none-eabi/lib/thumb/v7e-m\libc.a(lib_a-mprec.o)
                0x00405e28                __multiply
 .text.__pow5mult
                0x00405f4c       0xa0 c:/program files (x86)/atmel/studio/7.0/toolchain/arm/arm-gnu-toolchain/bin/../lib/gcc/arm-none-eabi/6.3.1/../../../../arm-none-eabi/lib/thumb/v7e-m\libc.a(lib_a-mprec.o)
                0x00405f4c                __pow5mult
 .text.__lshift
                0x00405fec       0xa4 c:/program files (x86)/atmel/studio/7.0/toolchain/arm/arm-gnu-toolchain/bin/../lib/gcc/arm-none-eabi/6.3.1/../../../../arm-none-eabi/lib/thumb/v7e-m\libc.a(lib_a-mprec.o)
                0x00405fec                __lshift
 .text.__mcmp   0x00406090       0x38 c:/program files (x86)/atmel/studio/7.0/toolchain/arm/arm-gnu-toolchain/bin/../lib/gcc/arm-none-eabi/6.3.1/../../../../arm-none-eabi/lib/thumb/v7e-m\libc.a(lib_a-mprec.o)
                0x00406090                __mcmp
 .text.__mdiff  0x004060c8      0x108 c:/program files (x86)/atmel/studio/7.0/toolchain/arm/arm-gnu-toolchain/bin/../lib/gcc/arm-none-eabi/6.3.1/../../../../arm-none-eabi/lib/thumb/v7e-m\libc.a(lib_a-mprec.o)
                0x004060c8                __mdiff
 .text.__d2b    0x004061d0       0xb8 c:/program files (x86)/atmel/studio/7.0/toolchain/arm/arm-gnu-toolchain/bin/../lib/gcc/arm-none-eabi/6.3.1/../../../../arm-none-eabi/lib/thumb/v7e-m\libc.a(lib_a-mprec.o)
                0x004061d0                __d2b
 .text._realloc_r
                0x00406288      0x34c c:/program files (x86)/atmel/studio/7.0/toolchain/arm/arm-gnu-toolchain/bin/../lib/gcc/arm-none-eabi/6.3.1/../../../../arm-none-eabi/lib/thumb/v7e-m\libc.a(lib_a-reallocr.o)
                0x00406288                _realloc_r
 .text._sbrk_r  0x004065d4       0x24 c:/program files (x86)/atmel/studio/7.0/toolchain/arm/arm-gnu-toolchain/bin/../lib/gcc/arm-none-eabi/6.3.1/../../../../arm-none-eabi/lib/thumb/v7e-m\libc.a(lib_a-sbrkr.o)
                0x004065d4                _sbrk_r
 .text.__sread  0x004065f8       0x24 c:/program files (x86)/atmel/studio/7.0/toolchain/arm/arm-gnu-toolchain/bin/../lib/gcc/arm-none-eabi/6.3.1/../../../../arm-none-eabi/lib/thumb/v7e-m\libc.a(lib_a-stdio.o)
                0x004065f8                __sread
 .text.__swrite
                0x0040661c       0x3c c:/program files (x86)/atmel/studio/7.0/toolchain/arm/arm-gnu-toolchain/bin/../lib/gcc/arm-none-eabi/6.3.1/../../../../arm-none-eabi/lib/thumb/v7e-m\libc.a(lib_a-stdio.o)
                0x0040661c                __swrite
 .text.__sseek  0x00406658       0x20 c:/program files (x86)/atmel/studio/7.0/toolchain/arm/arm-gnu-toolchain/bin/../lib/gcc/arm-none-eabi/6.3.1/../../../../arm-none-eabi/lib/thumb/v7e-m\libc.a(lib_a-stdio.o)
                0x00406658                __sseek
 .text.__sclose
                0x00406678        0x8 c:/program files (x86)/atmel/studio/7.0/toolchain/arm/arm-gnu-toolchain/bin/../lib/gcc/arm-none-eabi/6.3.1/../../../../arm-none-eabi/lib/thumb/v7e-m\libc.a(lib_a-stdio.o)
                0x00406678                __sclose
 .text.__ssprint_r
                0x00406680       0xfc c:/program files (x86)/atmel/studio/7.0/toolchain/arm/arm-gnu-toolchain/bin/../lib/gcc/arm-none-eabi/6.3.1/../../../../arm-none-eabi/lib/thumb/v7e-m\libc.a(lib_a-svfiprintf.o)
                0x00406680                __ssprint_r
 .text.__swbuf_r
                0x0040677c       0xb0 c:/program files (x86)/atmel/studio/7.0/toolchain/arm/arm-gnu-toolchain/bin/../lib/gcc/arm-none-eabi/6.3.1/../../../../arm-none-eabi/lib/thumb/v7e-m\libc.a(lib_a-wbuf.o)
                0x0040677c                __swbuf_r
 .text._wcrtomb_r
                0x0040682c       0x54 c:/program files (x86)/atmel/studio/7.0/toolchain/arm/arm-gnu-toolchain/bin/../lib/gcc/arm-none-eabi/6.3.1/../../../../arm-none-eabi/lib/thumb/v7e-m\libc.a(lib_a-wcrtomb.o)
                0x0040682c                _wcrtomb_r
 .text.__ascii_wctomb
                0x00406880       0x1c c:/program files (x86)/atmel/studio/7.0/toolchain/arm/arm-gnu-toolchain/bin/../lib/gcc/arm-none-eabi/6.3.1/../../../../arm-none-eabi/lib/thumb/v7e-m\libc.a(lib_a-wctomb_r.o)
                0x00406880                __ascii_wctomb
 .text._write_r
                0x0040689c       0x2c c:/program files (x86)/atmel/studio/7.0/toolchain/arm/arm-gnu-toolchain/bin/../lib/gcc/arm-none-eabi/6.3.1/../../../../arm-none-eabi/lib/thumb/v7e-m\libc.a(lib_a-writer.o)
                0x0040689c                _write_r
 .text.__register_exitproc
                0x004068c8       0xc4 c:/program files (x86)/atmel/studio/7.0/toolchain/arm/arm-gnu-toolchain/bin/../lib/gcc/arm-none-eabi/6.3.1/../../../../arm-none-eabi/lib/thumb/v7e-m\libc.a(lib_a-__atexit.o)
                0x004068c8                __register_exitproc
 .text._calloc_r
                0x0040698c       0x60 c:/program files (x86)/atmel/studio/7.0/toolchain/arm/arm-gnu-toolchain/bin/../lib/gcc/arm-none-eabi/6.3.1/../../../../arm-none-eabi/lib/thumb/v7e-m\libc.a(lib_a-callocr.o)
                0x0040698c                _calloc_r
 .text._close_r
                0x004069ec       0x24 c:/program files (x86)/atmel/studio/7.0/toolchain/arm/arm-gnu-toolchain/bin/../lib/gcc/arm-none-eabi/6.3.1/../../../../arm-none-eabi/lib/thumb/v7e-m\libc.a(lib_a-closer.o)
                0x004069ec                _close_r
 .text._fclose_r
                0x00406a10       0xc4 c:/program files (x86)/atmel/studio/7.0/toolchain/arm/arm-gnu-toolchain/bin/../lib/gcc/arm-none-eabi/6.3.1/../../../../arm-none-eabi/lib/thumb/v7e-m\libc.a(lib_a-fclose.o)
                0x00406a10                _fclose_r
 .text._fstat_r
                0x00406ad4       0x28 c:/program files (x86)/atmel/studio/7.0/toolchain/arm/arm-gnu-toolchain/bin/../lib/gcc/arm-none-eabi/6.3.1/../../../../arm-none-eabi/lib/thumb/v7e-m\libc.a(lib_a-fstatr.o)
                0x00406ad4                _fstat_r
 .text._isatty_r
                0x00406afc       0x24 c:/program files (x86)/atmel/studio/7.0/toolchain/arm/arm-gnu-toolchain/bin/../lib/gcc/arm-none-eabi/6.3.1/../../../../arm-none-eabi/lib/thumb/v7e-m\libc.a(lib_a-isattyr.o)
                0x00406afc                _isatty_r
 .text._lseek_r
                0x00406b20       0x2c c:/program files (x86)/atmel/studio/7.0/toolchain/arm/arm-gnu-toolchain/bin/../lib/gcc/arm-none-eabi/6.3.1/../../../../arm-none-eabi/lib/thumb/v7e-m\libc.a(lib_a-lseekr.o)
                0x00406b20                _lseek_r
 .text._read_r  0x00406b4c       0x2c c:/program files (x86)/atmel/studio/7.0/toolchain/arm/arm-gnu-toolchain/bin/../lib/gcc/arm-none-eabi/6.3.1/../../../../arm-none-eabi/lib/thumb/v7e-m\libc.a(lib_a-readr.o)
                0x00406b4c                _read_r
 .text          0x00406b78      0x424 c:/program files (x86)/atmel/studio/7.0/toolchain/arm/arm-gnu-toolchain/bin/../lib/gcc/arm-none-eabi/6.3.1/thumb/v7e-m\libgcc.a(_arm_muldivdf3.o)
                0x00406b78                __aeabi_dmul
                0x00406b78                __muldf3
                0x00406dcc                __divdf3
                0x00406dcc                __aeabi_ddiv
 .text          0x00406f9c      0x110 c:/program files (x86)/atmel/studio/7.0/toolchain/arm/arm-gnu-toolchain/bin/../lib/gcc/arm-none-eabi/6.3.1/thumb/v7e-m\libgcc.a(_arm_cmpdf2.o)
                0x00406f9c                __gtdf2
                0x00406f9c                __gedf2
                0x00406fa4                __ltdf2
                0x00406fa4                __ledf2
                0x00406fac                __nedf2
                0x00406fac                __eqdf2
                0x00406fac                __cmpdf2
                0x00407028                __aeabi_cdrcmple
                0x00407038                __aeabi_cdcmpeq
                0x00407038                __aeabi_cdcmple
                0x00407048                __aeabi_dcmpeq
                0x0040705c                __aeabi_dcmplt
                0x00407070                __aeabi_dcmple
                0x00407084                __aeabi_dcmpge
                0x00407098                __aeabi_dcmpgt
 .text          0x004070ac       0x2c c:/program files (x86)/atmel/studio/7.0/toolchain/arm/arm-gnu-toolchain/bin/../lib/gcc/arm-none-eabi/6.3.1/thumb/v7e-m\libgcc.a(_arm_unorddf2.o)
                0x004070ac                __unorddf2
                0x004070ac                __aeabi_dcmpun
 .text          0x004070d8       0x50 c:/program files (x86)/atmel/studio/7.0/toolchain/arm/arm-gnu-toolchain/bin/../lib/gcc/arm-none-eabi/6.3.1/thumb/v7e-m\libgcc.a(_arm_fixdfsi.o)
                0x004070d8                __aeabi_d2iz
                0x004070d8                __fixdfsi
 .text          0x00407128       0x30 c:/program files (x86)/atmel/studio/7.0/toolchain/arm/arm-gnu-toolchain/bin/../lib/gcc/arm-none-eabi/6.3.1/thumb/v7e-m\libgcc.a(_aeabi_uldivmod.o)
                0x00407128                __aeabi_uldivmod
 .text          0x00407158      0x2dc c:/program files (x86)/atmel/studio/7.0/toolchain/arm/arm-gnu-toolchain/bin/../lib/gcc/arm-none-eabi/6.3.1/thumb/v7e-m\libgcc.a(_udivmoddi4.o)
                0x00407158                __udivmoddi4
 .text          0x00407434        0x4 c:/program files (x86)/atmel/studio/7.0/toolchain/arm/arm-gnu-toolchain/bin/../lib/gcc/arm-none-eabi/6.3.1/thumb/v7e-m\libgcc.a(_dvmd_tls.o)
                0x00407434                __aeabi_idiv0
                0x00407434                __aeabi_ldiv0
 *(.glue_7t)
 .glue_7t       0x00407438        0x0 linker stubs
 *(.glue_7)
 .glue_7        0x00407438        0x0 linker stubs
 *(.rodata .rodata* .gnu.linkonce.r.*)
 .rodata.TC0_Handler.str1.4
                0x00407438       0x1b src/main.o
 *fill*         0x00407453        0x1 
 .rodata.main.str1.4
                0x00407454       0x7e src/main.o
 *fill*         0x004074d2        0x2 
 .rodata.pin_handler.str1.4
                0x004074d4       0x1a src/main.o
 *fill*         0x004074ee        0x2 
 .rodata._global_impure_ptr
                0x004074f0        0x4 c:/program files (x86)/atmel/studio/7.0/toolchain/arm/arm-gnu-toolchain/bin/../lib/gcc/arm-none-eabi/6.3.1/../../../../arm-none-eabi/lib/thumb/v7e-m\libc.a(lib_a-impure.o)
                0x004074f0                _global_impure_ptr
 .rodata._puts_r.str1.4
                0x004074f4        0x2 c:/program files (x86)/atmel/studio/7.0/toolchain/arm/arm-gnu-toolchain/bin/../lib/gcc/arm-none-eabi/6.3.1/../../../../arm-none-eabi/lib/thumb/v7e-m\libc.a(lib_a-puts.o)
 *fill*         0x004074f6        0x2 
 .rodata._svfprintf_r.str1.4
                0x004074f8       0x42 c:/program files (x86)/atmel/studio/7.0/toolchain/arm/arm-gnu-toolchain/bin/../lib/gcc/arm-none-eabi/6.3.1/../../../../arm-none-eabi/lib/thumb/v7e-m\libc.a(lib_a-svfprintf.o)
 *fill*         0x0040753a        0x2 
 .rodata.blanks.7223
                0x0040753c       0x10 c:/program files (x86)/atmel/studio/7.0/toolchain/arm/arm-gnu-toolchain/bin/../lib/gcc/arm-none-eabi/6.3.1/../../../../arm-none-eabi/lib/thumb/v7e-m\libc.a(lib_a-svfprintf.o)
 .rodata.zeroes.7224
                0x0040754c       0x10 c:/program files (x86)/atmel/studio/7.0/toolchain/arm/arm-gnu-toolchain/bin/../lib/gcc/arm-none-eabi/6.3.1/../../../../arm-none-eabi/lib/thumb/v7e-m\libc.a(lib_a-svfprintf.o)
 .rodata._vfiprintf_r.str1.4
                0x0040755c       0x2f c:/program files (x86)/atmel/studio/7.0/toolchain/arm/arm-gnu-toolchain/bin/../lib/gcc/arm-none-eabi/6.3.1/../../../../arm-none-eabi/lib/thumb/v7e-m\libc.a(lib_a-vfiprintf.o)
 .rodata.blanks.7217
                0x0040755c       0x10 c:/program files (x86)/atmel/studio/7.0/toolchain/arm/arm-gnu-toolchain/bin/../lib/gcc/arm-none-eabi/6.3.1/../../../../arm-none-eabi/lib/thumb/v7e-m\libc.a(lib_a-vfiprintf.o)
 .rodata.zeroes.7218
                0x0040756c       0x10 c:/program files (x86)/atmel/studio/7.0/toolchain/arm/arm-gnu-toolchain/bin/../lib/gcc/arm-none-eabi/6.3.1/../../../../arm-none-eabi/lib/thumb/v7e-m\libc.a(lib_a-vfiprintf.o)
 .rodata._dtoa_r.str1.4
                0x0040757c       0x10 c:/program files (x86)/atmel/studio/7.0/toolchain/arm/arm-gnu-toolchain/bin/../lib/gcc/arm-none-eabi/6.3.1/../../../../arm-none-eabi/lib/thumb/v7e-m\libc.a(lib_a-dtoa.o)
                                 0x12 (size before relaxing)
 .rodata._setlocale_r.str1.4
                0x0040758c        0xa c:/program files (x86)/atmel/studio/7.0/toolchain/arm/arm-gnu-toolchain/bin/../lib/gcc/arm-none-eabi/6.3.1/../../../../arm-none-eabi/lib/thumb/v7e-m\libc.a(lib_a-locale.o)
                                  0xd (size before relaxing)
 *fill*         0x00407596        0x2 
 .rodata.str1.4
                0x00407598        0x4 c:/program files (x86)/atmel/studio/7.0/toolchain/arm/arm-gnu-toolchain/bin/../lib/gcc/arm-none-eabi/6.3.1/../../../../arm-none-eabi/lib/thumb/v7e-m\libc.a(lib_a-locale.o)
                                  0x2 (size before relaxing)
 *fill*         0x0040759c        0x4 
 .rodata.__mprec_bigtens
                0x004075a0       0x28 c:/program files (x86)/atmel/studio/7.0/toolchain/arm/arm-gnu-toolchain/bin/../lib/gcc/arm-none-eabi/6.3.1/../../../../arm-none-eabi/lib/thumb/v7e-m\libc.a(lib_a-mprec.o)
                0x004075a0                __mprec_bigtens
 .rodata.__mprec_tens
                0x004075c8       0xc8 c:/program files (x86)/atmel/studio/7.0/toolchain/arm/arm-gnu-toolchain/bin/../lib/gcc/arm-none-eabi/6.3.1/../../../../arm-none-eabi/lib/thumb/v7e-m\libc.a(lib_a-mprec.o)
                0x004075c8                __mprec_tens
 .rodata.p05.6055
                0x00407690        0xc c:/program files (x86)/atmel/studio/7.0/toolchain/arm/arm-gnu-toolchain/bin/../lib/gcc/arm-none-eabi/6.3.1/../../../../arm-none-eabi/lib/thumb/v7e-m\libc.a(lib_a-mprec.o)
 .rodata._ctype_
                0x0040769c      0x101 c:/program files (x86)/atmel/studio/7.0/toolchain/arm/arm-gnu-toolchain/bin/../lib/gcc/arm-none-eabi/6.3.1/../../../../arm-none-eabi/lib/thumb/v7e-m\libc.a(lib_a-ctype_.o)
                0x0040769c                _ctype_
 *(.ARM.extab* .gnu.linkonce.armextab.*)
                0x004077a0                . = ALIGN (0x4)
 *fill*         0x0040779d        0x3 
 *(.init)
 .init          0x004077a0        0x4 c:/program files (x86)/atmel/studio/7.0/toolchain/arm/arm-gnu-toolchain/bin/../lib/gcc/arm-none-eabi/6.3.1/thumb/v7e-m/crti.o
                0x004077a0                _init
 .init          0x004077a4        0x8 c:/program files (x86)/atmel/studio/7.0/toolchain/arm/arm-gnu-toolchain/bin/../lib/gcc/arm-none-eabi/6.3.1/thumb/v7e-m/crtn.o
                0x004077ac                . = ALIGN (0x4)
                0x004077ac                __preinit_array_start = .
 *(.preinit_array)
                0x004077ac                __preinit_array_end = .
                0x004077ac                . = ALIGN (0x4)
                0x004077ac                __init_array_start = .
 *(SORT(.init_array.*))
 .init_array.00000
                0x004077ac        0x4 c:/program files (x86)/atmel/studio/7.0/toolchain/arm/arm-gnu-toolchain/bin/../lib/gcc/arm-none-eabi/6.3.1/../../../../arm-none-eabi/lib/thumb/v7e-m\libc.a(lib_a-__call_atexit.o)
 *(.init_array)
 .init_array    0x004077b0        0x4 c:/program files (x86)/atmel/studio/7.0/toolchain/arm/arm-gnu-toolchain/bin/../lib/gcc/arm-none-eabi/6.3.1/thumb/v7e-m/crtbegin.o
                0x004077b4                __init_array_end = .
                0x004077b4                . = ALIGN (0x4)
 *crtbegin.o(.ctors)
 *(EXCLUDE_FILE(*crtend.o) .ctors)
 *(SORT(.ctors.*))
 *crtend.o(.ctors)
                0x004077b4                . = ALIGN (0x4)
 *(.fini)
 .fini          0x004077b4        0x4 c:/program files (x86)/atmel/studio/7.0/toolchain/arm/arm-gnu-toolchain/bin/../lib/gcc/arm-none-eabi/6.3.1/thumb/v7e-m/crti.o
                0x004077b4                _fini
 .fini          0x004077b8        0x8 c:/program files (x86)/atmel/studio/7.0/toolchain/arm/arm-gnu-toolchain/bin/../lib/gcc/arm-none-eabi/6.3.1/thumb/v7e-m/crtn.o
                0x004077c0                . = ALIGN (0x4)
                0x004077c0                __fini_array_start = .
 *(.fini_array)
 .fini_array    0x004077c0        0x4 c:/program files (x86)/atmel/studio/7.0/toolchain/arm/arm-gnu-toolchain/bin/../lib/gcc/arm-none-eabi/6.3.1/thumb/v7e-m/crtbegin.o
 *(SORT(.fini_array.*))
                0x004077c4                __fini_array_end = .
 *crtbegin.o(.dtors)
 *(EXCLUDE_FILE(*crtend.o) .dtors)
 *(SORT(.dtors.*))
 *crtend.o(.dtors)
                0x004077c4                . = ALIGN (0x4)
                0x004077c4                _efixed = .
                [!provide]                PROVIDE (__exidx_start, .)

.vfp11_veneer   0x004077c4        0x0
 .vfp11_veneer  0x004077c4        0x0 linker stubs

.v4_bx          0x004077c4        0x0
 .v4_bx         0x004077c4        0x0 linker stubs

.iplt           0x004077c4        0x0
 .iplt          0x004077c4        0x0 c:/program files (x86)/atmel/studio/7.0/toolchain/arm/arm-gnu-toolchain/bin/../lib/gcc/arm-none-eabi/6.3.1/thumb/v7e-m/crtbegin.o

.ARM.exidx      0x004077c4        0x8
 *(.ARM.exidx* .gnu.linkonce.armexidx.*)
 .ARM.exidx     0x004077c4        0x8 c:/program files (x86)/atmel/studio/7.0/toolchain/arm/arm-gnu-toolchain/bin/../lib/gcc/arm-none-eabi/6.3.1/thumb/v7e-m\libgcc.a(_udivmoddi4.o)
                [!provide]                PROVIDE (__exidx_end, .)

.eh_frame       0x004077cc        0x0
 .eh_frame      0x004077cc        0x0 c:/program files (x86)/atmel/studio/7.0/toolchain/arm/arm-gnu-toolchain/bin/../lib/gcc/arm-none-eabi/6.3.1/thumb/v7e-m/crtbegin.o

.rel.dyn        0x004077cc        0x0
 .rel.iplt      0x004077cc        0x0 c:/program files (x86)/atmel/studio/7.0/toolchain/arm/arm-gnu-toolchain/bin/../lib/gcc/arm-none-eabi/6.3.1/thumb/v7e-m/crtbegin.o

.jcr            0x004077cc        0x0
 .jcr           0x004077cc        0x0 c:/program files (x86)/atmel/studio/7.0/toolchain/arm/arm-gnu-toolchain/bin/../lib/gcc/arm-none-eabi/6.3.1/thumb/v7e-m/crtbegin.o

.igot.plt       0x004077cc        0x0
 .igot.plt      0x004077cc        0x0 c:/program files (x86)/atmel/studio/7.0/toolchain/arm/arm-gnu-toolchain/bin/../lib/gcc/arm-none-eabi/6.3.1/thumb/v7e-m/crtbegin.o
                0x004077cc                . = ALIGN (0x4)
                0x004077cc                _etext = .

.relocate       0x20000000      0x9c0 load address 0x004077cc
                0x20000000                . = ALIGN (0x4)
                0x20000000                _srelocate = .
 *(.ramfunc .ramfunc.*)
 *(.data .data.*)
 .data.g_interrupt_enabled
                0x20000000        0x1 src/ASF/common/utils/interrupt/interrupt_sam_nvic.o
                0x20000000                g_interrupt_enabled
 *fill*         0x20000001        0x3 
 .data.SystemCoreClock
                0x20000004        0x4 src/ASF/sam/utils/cmsis/samg/samg53/source/templates/system_samg53.o
                0x20000004                SystemCoreClock
 .data.Kd       0x20000008        0x4 src/main.o
                0x20000008                Kd
 .data.Ki       0x2000000c        0x4 src/main.o
                0x2000000c                Ki
 .data.Kp       0x20000010        0x4 src/main.o
                0x20000010                Kp
 .data._impure_ptr
                0x20000014        0x4 c:/program files (x86)/atmel/studio/7.0/toolchain/arm/arm-gnu-toolchain/bin/../lib/gcc/arm-none-eabi/6.3.1/../../../../arm-none-eabi/lib/thumb/v7e-m\libc.a(lib_a-impure.o)
                0x20000014                _impure_ptr
 .data.impure_data
                0x20000018      0x428 c:/program files (x86)/atmel/studio/7.0/toolchain/arm/arm-gnu-toolchain/bin/../lib/gcc/arm-none-eabi/6.3.1/../../../../arm-none-eabi/lib/thumb/v7e-m\libc.a(lib_a-impure.o)
 .data.__atexit_recursive_mutex
                0x20000440        0x4 c:/program files (x86)/atmel/studio/7.0/toolchain/arm/arm-gnu-toolchain/bin/../lib/gcc/arm-none-eabi/6.3.1/../../../../arm-none-eabi/lib/thumb/v7e-m\libc.a(lib_a-__call_atexit.o)
                0x20000440                __atexit_recursive_mutex
 .data.__global_locale
                0x20000444      0x16c c:/program files (x86)/atmel/studio/7.0/toolchain/arm/arm-gnu-toolchain/bin/../lib/gcc/arm-none-eabi/6.3.1/../../../../arm-none-eabi/lib/thumb/v7e-m\libc.a(lib_a-locale.o)
                0x20000444                __global_locale
 .data.__malloc_av_
                0x200005b0      0x408 c:/program files (x86)/atmel/studio/7.0/toolchain/arm/arm-gnu-toolchain/bin/../lib/gcc/arm-none-eabi/6.3.1/../../../../arm-none-eabi/lib/thumb/v7e-m\libc.a(lib_a-mallocr.o)
                0x200005b0                __malloc_av_
 .data.__malloc_sbrk_base
                0x200009b8        0x4 c:/program files (x86)/atmel/studio/7.0/toolchain/arm/arm-gnu-toolchain/bin/../lib/gcc/arm-none-eabi/6.3.1/../../../../arm-none-eabi/lib/thumb/v7e-m\libc.a(lib_a-mallocr.o)
                0x200009b8                __malloc_sbrk_base
 .data.__malloc_trim_threshold
                0x200009bc        0x4 c:/program files (x86)/atmel/studio/7.0/toolchain/arm/arm-gnu-toolchain/bin/../lib/gcc/arm-none-eabi/6.3.1/../../../../arm-none-eabi/lib/thumb/v7e-m\libc.a(lib_a-mallocr.o)
                0x200009bc                __malloc_trim_threshold
                0x200009c0                . = ALIGN (0x4)
                0x200009c0                _erelocate = .

.bss            0x200009c0      0x134 load address 0x0040818c
                0x200009c0                . = ALIGN (0x4)
                0x200009c0                _sbss = .
                0x200009c0                _szero = .
 *(.bss .bss.*)
 .bss           0x200009c0       0x1c c:/program files (x86)/atmel/studio/7.0/toolchain/arm/arm-gnu-toolchain/bin/../lib/gcc/arm-none-eabi/6.3.1/thumb/v7e-m/crtbegin.o
 .bss.gs_interrupt_sources
                0x200009dc       0x70 src/ASF/sam/drivers/pio/pio_handler.o
 .bss.gs_ul_nb_sources
                0x20000a4c        0x4 src/ASF/sam/drivers/pio/pio_handler.o
 .bss.heap.6420
                0x20000a50        0x4 src/ASF/sam/utils/syscalls/gcc/syscalls.o
 .bss.Cd        0x20000a54        0x4 src/main.o
                0x20000a54                Cd
 .bss.Ci        0x20000a58        0x4 src/main.o
                0x20000a58                Ci
 .bss.Cp        0x20000a5c        0x4 src/main.o
                0x20000a5c                Cp
 .bss.aFlag     0x20000a60        0x4 src/main.o
                0x20000a60                aFlag
 .bss.bFlag     0x20000a64        0x4 src/main.o
                0x20000a64                bFlag
 .bss.g_ul_ms_ticks
                0x20000a68        0x4 src/main.o
                0x20000a68                g_ul_ms_ticks
 .bss.graus     0x20000a6c        0x4 src/main.o
                0x20000a6c                graus
 .bss.lastError
                0x20000a70        0x4 src/main.o
                0x20000a70                lastError
 .bss.lastTime  0x20000a74        0x4 src/main.o
                0x20000a74                lastTime
 .bss.round     0x20000a78        0x4 src/main.o
                0x20000a78                round
 .bss.__malloc_current_mallinfo
                0x20000a7c       0x28 c:/program files (x86)/atmel/studio/7.0/toolchain/arm/arm-gnu-toolchain/bin/../lib/gcc/arm-none-eabi/6.3.1/../../../../arm-none-eabi/lib/thumb/v7e-m\libc.a(lib_a-mallocr.o)
                0x20000a7c                __malloc_current_mallinfo
 .bss.__malloc_max_sbrked_mem
                0x20000aa4        0x4 c:/program files (x86)/atmel/studio/7.0/toolchain/arm/arm-gnu-toolchain/bin/../lib/gcc/arm-none-eabi/6.3.1/../../../../arm-none-eabi/lib/thumb/v7e-m\libc.a(lib_a-mallocr.o)
                0x20000aa4                __malloc_max_sbrked_mem
 .bss.__malloc_max_total_mem
                0x20000aa8        0x4 c:/program files (x86)/atmel/studio/7.0/toolchain/arm/arm-gnu-toolchain/bin/../lib/gcc/arm-none-eabi/6.3.1/../../../../arm-none-eabi/lib/thumb/v7e-m\libc.a(lib_a-mallocr.o)
                0x20000aa8                __malloc_max_total_mem
 .bss.__malloc_top_pad
                0x20000aac        0x4 c:/program files (x86)/atmel/studio/7.0/toolchain/arm/arm-gnu-toolchain/bin/../lib/gcc/arm-none-eabi/6.3.1/../../../../arm-none-eabi/lib/thumb/v7e-m\libc.a(lib_a-mallocr.o)
                0x20000aac                __malloc_top_pad
 *(COMMON)
 COMMON         0x20000ab0        0x4 src/ASF/common/utils/stdio/read.o
                0x20000ab0                ptr_get
 COMMON         0x20000ab4        0x8 src/ASF/common/utils/stdio/write.o
                0x20000ab4                ptr_put
                0x20000ab8                stdio_base
 COMMON         0x20000abc       0x10 src/main.o
                0x20000abc                minuto
                0x20000ac0                hora
                0x20000ac4                data_rdy
                0x20000ac8                seg
 COMMON         0x20000acc       0x21 c:/program files (x86)/atmel/studio/7.0/toolchain/arm/arm-gnu-toolchain/bin/../lib/gcc/arm-none-eabi/6.3.1/../../../../arm-none-eabi/lib/thumb/v7e-m\libc.a(lib_a-lock.o)
                0x20000acc                __lock___atexit_recursive_mutex
                0x20000ad0                __lock___arc4random_mutex
                0x20000ad4                __lock___env_recursive_mutex
                0x20000ad8                __lock___sinit_recursive_mutex
                0x20000adc                __lock___malloc_recursive_mutex
                0x20000ae0                __lock___at_quick_exit_mutex
                0x20000ae4                __lock___dd_hash_mutex
                0x20000ae8                __lock___tz_mutex
                0x20000aec                __lock___sfp_recursive_mutex
 *fill*         0x20000aed        0x3 
 COMMON         0x20000af0        0x4 c:/program files (x86)/atmel/studio/7.0/toolchain/arm/arm-gnu-toolchain/bin/../lib/gcc/arm-none-eabi/6.3.1/../../../../arm-none-eabi/lib/thumb/v7e-m\libc.a(lib_a-reent.o)
                0x20000af0                errno
                0x20000af4                . = ALIGN (0x4)
                0x20000af4                _ebss = .
                0x20000af4                _ezero = .

.stack          0x20000af4     0x3004 load address 0x004082c0
                0x20000af8                . = ALIGN (0x8)
 *fill*         0x20000af4        0x4 
                0x20000af8                _sstack = .
                0x20003af8                . = (. + __stack_size__)
 *fill*         0x20000af8     0x3000 
                0x20003af8                . = ALIGN (0x8)
                0x20003af8                _estack = .
                0x20003af8                . = ALIGN (0x4)
                0x20003af8                _end = .
OUTPUT(Pend_Invert.elf elf32-littlearm)

.ARM.attributes
                0x00000000       0x2e
 .ARM.attributes
                0x00000000       0x1e c:/program files (x86)/atmel/studio/7.0/toolchain/arm/arm-gnu-toolchain/bin/../lib/gcc/arm-none-eabi/6.3.1/thumb/v7e-m/crti.o
 .ARM.attributes
                0x0000001e       0x2e c:/program files (x86)/atmel/studio/7.0/toolchain/arm/arm-gnu-toolchain/bin/../lib/gcc/arm-none-eabi/6.3.1/thumb/v7e-m/crtbegin.o
 .ARM.attributes
                0x0000004c       0x37 src/ASF/common/utils/stdio/read.o
 .ARM.attributes
                0x00000083       0x37 src/ASF/common/utils/stdio/write.o
 .ARM.attributes
                0x000000ba       0x37 src/ASF/sam/drivers/pio/pio_handler.o
 .ARM.attributes
                0x000000f1       0x37 src/ASF/sam/drivers/usart/usart.o
 .ARM.attributes
                0x00000128       0x37 src/ASF/sam/drivers/pio/pio.o
 .ARM.attributes
                0x0000015f       0x37 src/ASF/sam/drivers/rtc/rtc.o
 .ARM.attributes
                0x00000196       0x37 src/ASF/sam/drivers/tc/tc.o
 .ARM.attributes
                0x000001cd       0x37 src/ASF/sam/drivers/uart/uart.o
 .ARM.attributes
                0x00000204       0x37 src/ASF/common/services/clock/samg/sysclk.o
 .ARM.attributes
                0x0000023b       0x37 src/ASF/common/utils/interrupt/interrupt_sam_nvic.o
 .ARM.attributes
                0x00000272       0x37 src/ASF/sam/boards/samg53_xplained_pro/board_init.o
 .ARM.attributes
                0x000002a9       0x37 src/ASF/sam/drivers/pmc/pmc.o
 .ARM.attributes
                0x000002e0       0x37 src/ASF/sam/utils/cmsis/samg/samg53/source/templates/exceptions.o
 .ARM.attributes
                0x00000317       0x37 src/ASF/sam/utils/cmsis/samg/samg53/source/templates/gcc/startup_samg53.o
 .ARM.attributes
                0x0000034e       0x37 src/ASF/sam/utils/cmsis/samg/samg53/source/templates/system_samg53.o
 .ARM.attributes
                0x00000385       0x37 src/ASF/sam/utils/syscalls/gcc/syscalls.o
 .ARM.attributes
                0x000003bc       0x37 src/main.o
 .ARM.attributes
                0x000003f3       0x1e c:/program files (x86)/atmel/studio/7.0/toolchain/arm/arm-gnu-toolchain/bin/../lib/gcc/arm-none-eabi/6.3.1/thumb/v7e-m\libgcc.a(_arm_addsubdf3.o)
 .ARM.attributes
                0x00000411       0x2e c:/program files (x86)/atmel/studio/7.0/toolchain/arm/arm-gnu-toolchain/bin/../lib/gcc/arm-none-eabi/6.3.1/../../../../arm-none-eabi/lib/thumb/v7e-m\libc.a(lib_a-impure.o)
 .ARM.attributes
                0x0000043f       0x2e c:/program files (x86)/atmel/studio/7.0/toolchain/arm/arm-gnu-toolchain/bin/../lib/gcc/arm-none-eabi/6.3.1/../../../../arm-none-eabi/lib/thumb/v7e-m\libc.a(lib_a-init.o)
 .ARM.attributes
                0x0000046d       0x2e c:/program files (x86)/atmel/studio/7.0/toolchain/arm/arm-gnu-toolchain/bin/../lib/gcc/arm-none-eabi/6.3.1/../../../../arm-none-eabi/lib/thumb/v7e-m\libc.a(lib_a-iprintf.o)
 .ARM.attributes
                0x0000049b       0x2e c:/program files (x86)/atmel/studio/7.0/toolchain/arm/arm-gnu-toolchain/bin/../lib/gcc/arm-none-eabi/6.3.1/../../../../arm-none-eabi/lib/thumb/v7e-m\libc.a(lib_a-memset.o)
 .ARM.attributes
                0x000004c9       0x2e c:/program files (x86)/atmel/studio/7.0/toolchain/arm/arm-gnu-toolchain/bin/../lib/gcc/arm-none-eabi/6.3.1/../../../../arm-none-eabi/lib/thumb/v7e-m\libc.a(lib_a-puts.o)
 .ARM.attributes
                0x000004f7       0x2e c:/program files (x86)/atmel/studio/7.0/toolchain/arm/arm-gnu-toolchain/bin/../lib/gcc/arm-none-eabi/6.3.1/../../../../arm-none-eabi/lib/thumb/v7e-m\libc.a(lib_a-setbuf.o)
 .ARM.attributes
                0x00000525       0x2e c:/program files (x86)/atmel/studio/7.0/toolchain/arm/arm-gnu-toolchain/bin/../lib/gcc/arm-none-eabi/6.3.1/../../../../arm-none-eabi/lib/thumb/v7e-m\libc.a(lib_a-setvbuf.o)
 .ARM.attributes
                0x00000553       0x2e c:/program files (x86)/atmel/studio/7.0/toolchain/arm/arm-gnu-toolchain/bin/../lib/gcc/arm-none-eabi/6.3.1/../../../../arm-none-eabi/lib/thumb/v7e-m\libc.a(lib_a-sprintf.o)
 .ARM.attributes
                0x00000581       0x1c c:/program files (x86)/atmel/studio/7.0/toolchain/arm/arm-gnu-toolchain/bin/../lib/gcc/arm-none-eabi/6.3.1/../../../../arm-none-eabi/lib/thumb/v7e-m\libc.a(lib_a-strlen.o)
 .ARM.attributes
                0x0000059d       0x2e c:/program files (x86)/atmel/studio/7.0/toolchain/arm/arm-gnu-toolchain/bin/../lib/gcc/arm-none-eabi/6.3.1/../../../../arm-none-eabi/lib/thumb/v7e-m\libc.a(lib_a-svfprintf.o)
 .ARM.attributes
                0x000005cb       0x2e c:/program files (x86)/atmel/studio/7.0/toolchain/arm/arm-gnu-toolchain/bin/../lib/gcc/arm-none-eabi/6.3.1/../../../../arm-none-eabi/lib/thumb/v7e-m\libc.a(lib_a-vfiprintf.o)
 .ARM.attributes
                0x000005f9       0x2e c:/program files (x86)/atmel/studio/7.0/toolchain/arm/arm-gnu-toolchain/bin/../lib/gcc/arm-none-eabi/6.3.1/../../../../arm-none-eabi/lib/thumb/v7e-m\libc.a(lib_a-wsetup.o)
 .ARM.attributes
                0x00000627       0x2e c:/program files (x86)/atmel/studio/7.0/toolchain/arm/arm-gnu-toolchain/bin/../lib/gcc/arm-none-eabi/6.3.1/../../../../arm-none-eabi/lib/thumb/v7e-m\libc.a(lib_a-__call_atexit.o)
 .ARM.attributes
                0x00000655       0x2e c:/program files (x86)/atmel/studio/7.0/toolchain/arm/arm-gnu-toolchain/bin/../lib/gcc/arm-none-eabi/6.3.1/../../../../arm-none-eabi/lib/thumb/v7e-m\libc.a(lib_a-atexit.o)
 .ARM.attributes
                0x00000683       0x2e c:/program files (x86)/atmel/studio/7.0/toolchain/arm/arm-gnu-toolchain/bin/../lib/gcc/arm-none-eabi/6.3.1/../../../../arm-none-eabi/lib/thumb/v7e-m\libc.a(lib_a-dtoa.o)
 .ARM.attributes
                0x000006b1       0x2e c:/program files (x86)/atmel/studio/7.0/toolchain/arm/arm-gnu-toolchain/bin/../lib/gcc/arm-none-eabi/6.3.1/../../../../arm-none-eabi/lib/thumb/v7e-m\libc.a(lib_a-fflush.o)
 .ARM.attributes
                0x000006df       0x2e c:/program files (x86)/atmel/studio/7.0/toolchain/arm/arm-gnu-toolchain/bin/../lib/gcc/arm-none-eabi/6.3.1/../../../../arm-none-eabi/lib/thumb/v7e-m\libc.a(lib_a-findfp.o)
 .ARM.attributes
                0x0000070d       0x2e c:/program files (x86)/atmel/studio/7.0/toolchain/arm/arm-gnu-toolchain/bin/../lib/gcc/arm-none-eabi/6.3.1/../../../../arm-none-eabi/lib/thumb/v7e-m\libc.a(lib_a-fini.o)
 .ARM.attributes
                0x0000073b       0x2e c:/program files (x86)/atmel/studio/7.0/toolchain/arm/arm-gnu-toolchain/bin/../lib/gcc/arm-none-eabi/6.3.1/../../../../arm-none-eabi/lib/thumb/v7e-m\libc.a(lib_a-fputwc.o)
 .ARM.attributes
                0x00000769       0x2e c:/program files (x86)/atmel/studio/7.0/toolchain/arm/arm-gnu-toolchain/bin/../lib/gcc/arm-none-eabi/6.3.1/../../../../arm-none-eabi/lib/thumb/v7e-m\libc.a(lib_a-freer.o)
 .ARM.attributes
                0x00000797       0x2e c:/program files (x86)/atmel/studio/7.0/toolchain/arm/arm-gnu-toolchain/bin/../lib/gcc/arm-none-eabi/6.3.1/../../../../arm-none-eabi/lib/thumb/v7e-m\libc.a(lib_a-fvwrite.o)
 .ARM.attributes
                0x000007c5       0x2e c:/program files (x86)/atmel/studio/7.0/toolchain/arm/arm-gnu-toolchain/bin/../lib/gcc/arm-none-eabi/6.3.1/../../../../arm-none-eabi/lib/thumb/v7e-m\libc.a(lib_a-fwalk.o)
 .ARM.attributes
                0x000007f3       0x2e c:/program files (x86)/atmel/studio/7.0/toolchain/arm/arm-gnu-toolchain/bin/../lib/gcc/arm-none-eabi/6.3.1/../../../../arm-none-eabi/lib/thumb/v7e-m\libc.a(lib_a-locale.o)
 .ARM.attributes
                0x00000821       0x2e c:/program files (x86)/atmel/studio/7.0/toolchain/arm/arm-gnu-toolchain/bin/../lib/gcc/arm-none-eabi/6.3.1/../../../../arm-none-eabi/lib/thumb/v7e-m\libc.a(lib_a-localeconv.o)
 .ARM.attributes
                0x0000084f       0x2e c:/program files (x86)/atmel/studio/7.0/toolchain/arm/arm-gnu-toolchain/bin/../lib/gcc/arm-none-eabi/6.3.1/../../../../arm-none-eabi/lib/thumb/v7e-m\libc.a(lib_a-lock.o)
 .ARM.attributes
                0x0000087d       0x2e c:/program files (x86)/atmel/studio/7.0/toolchain/arm/arm-gnu-toolchain/bin/../lib/gcc/arm-none-eabi/6.3.1/../../../../arm-none-eabi/lib/thumb/v7e-m\libc.a(lib_a-makebuf.o)
 .ARM.attributes
                0x000008ab       0x2e c:/program files (x86)/atmel/studio/7.0/toolchain/arm/arm-gnu-toolchain/bin/../lib/gcc/arm-none-eabi/6.3.1/../../../../arm-none-eabi/lib/thumb/v7e-m\libc.a(lib_a-malloc.o)
 .ARM.attributes
                0x000008d9       0x2e c:/program files (x86)/atmel/studio/7.0/toolchain/arm/arm-gnu-toolchain/bin/../lib/gcc/arm-none-eabi/6.3.1/../../../../arm-none-eabi/lib/thumb/v7e-m\libc.a(lib_a-mallocr.o)
 .ARM.attributes
                0x00000907       0x2e c:/program files (x86)/atmel/studio/7.0/toolchain/arm/arm-gnu-toolchain/bin/../lib/gcc/arm-none-eabi/6.3.1/../../../../arm-none-eabi/lib/thumb/v7e-m\libc.a(lib_a-mbtowc_r.o)
 .ARM.attributes
                0x00000935       0x1c c:/program files (x86)/atmel/studio/7.0/toolchain/arm/arm-gnu-toolchain/bin/../lib/gcc/arm-none-eabi/6.3.1/../../../../arm-none-eabi/lib/thumb/v7e-m\libc.a(lib_a-memchr.o)
 .ARM.attributes
                0x00000951       0x1c c:/program files (x86)/atmel/studio/7.0/toolchain/arm/arm-gnu-toolchain/bin/../lib/gcc/arm-none-eabi/6.3.1/../../../../arm-none-eabi/lib/thumb/v7e-m\libc.a(lib_a-memcpy.o)
 .ARM.attributes
                0x0000096d       0x2e c:/program files (x86)/atmel/studio/7.0/toolchain/arm/arm-gnu-toolchain/bin/../lib/gcc/arm-none-eabi/6.3.1/../../../../arm-none-eabi/lib/thumb/v7e-m\libc.a(lib_a-memmove.o)
 .ARM.attributes
                0x0000099b       0x2e c:/program files (x86)/atmel/studio/7.0/toolchain/arm/arm-gnu-toolchain/bin/../lib/gcc/arm-none-eabi/6.3.1/../../../../arm-none-eabi/lib/thumb/v7e-m\libc.a(lib_a-mlock.o)
 .ARM.attributes
                0x000009c9       0x2e c:/program files (x86)/atmel/studio/7.0/toolchain/arm/arm-gnu-toolchain/bin/../lib/gcc/arm-none-eabi/6.3.1/../../../../arm-none-eabi/lib/thumb/v7e-m\libc.a(lib_a-mprec.o)
 .ARM.attributes
                0x000009f7       0x2e c:/program files (x86)/atmel/studio/7.0/toolchain/arm/arm-gnu-toolchain/bin/../lib/gcc/arm-none-eabi/6.3.1/../../../../arm-none-eabi/lib/thumb/v7e-m\libc.a(lib_a-reallocr.o)
 .ARM.attributes
                0x00000a25       0x2e c:/program files (x86)/atmel/studio/7.0/toolchain/arm/arm-gnu-toolchain/bin/../lib/gcc/arm-none-eabi/6.3.1/../../../../arm-none-eabi/lib/thumb/v7e-m\libc.a(lib_a-sbrkr.o)
 .ARM.attributes
                0x00000a53       0x2e c:/program files (x86)/atmel/studio/7.0/toolchain/arm/arm-gnu-toolchain/bin/../lib/gcc/arm-none-eabi/6.3.1/../../../../arm-none-eabi/lib/thumb/v7e-m\libc.a(lib_a-stdio.o)
 .ARM.attributes
                0x00000a81       0x2e c:/program files (x86)/atmel/studio/7.0/toolchain/arm/arm-gnu-toolchain/bin/../lib/gcc/arm-none-eabi/6.3.1/../../../../arm-none-eabi/lib/thumb/v7e-m\libc.a(lib_a-svfiprintf.o)
 .ARM.attributes
                0x00000aaf       0x2e c:/program files (x86)/atmel/studio/7.0/toolchain/arm/arm-gnu-toolchain/bin/../lib/gcc/arm-none-eabi/6.3.1/../../../../arm-none-eabi/lib/thumb/v7e-m\libc.a(lib_a-wbuf.o)
 .ARM.attributes
                0x00000add       0x2e c:/program files (x86)/atmel/studio/7.0/toolchain/arm/arm-gnu-toolchain/bin/../lib/gcc/arm-none-eabi/6.3.1/../../../../arm-none-eabi/lib/thumb/v7e-m\libc.a(lib_a-wcrtomb.o)
 .ARM.attributes
                0x00000b0b       0x2e c:/program files (x86)/atmel/studio/7.0/toolchain/arm/arm-gnu-toolchain/bin/../lib/gcc/arm-none-eabi/6.3.1/../../../../arm-none-eabi/lib/thumb/v7e-m\libc.a(lib_a-wctomb_r.o)
 .ARM.attributes
                0x00000b39       0x2e c:/program files (x86)/atmel/studio/7.0/toolchain/arm/arm-gnu-toolchain/bin/../lib/gcc/arm-none-eabi/6.3.1/../../../../arm-none-eabi/lib/thumb/v7e-m\libc.a(lib_a-writer.o)
 .ARM.attributes
                0x00000b67       0x2e c:/program files (x86)/atmel/studio/7.0/toolchain/arm/arm-gnu-toolchain/bin/../lib/gcc/arm-none-eabi/6.3.1/../../../../arm-none-eabi/lib/thumb/v7e-m\libc.a(lib_a-__atexit.o)
 .ARM.attributes
                0x00000b95       0x2e c:/program files (x86)/atmel/studio/7.0/toolchain/arm/arm-gnu-toolchain/bin/../lib/gcc/arm-none-eabi/6.3.1/../../../../arm-none-eabi/lib/thumb/v7e-m\libc.a(lib_a-callocr.o)
 .ARM.attributes
                0x00000bc3       0x2e c:/program files (x86)/atmel/studio/7.0/toolchain/arm/arm-gnu-toolchain/bin/../lib/gcc/arm-none-eabi/6.3.1/../../../../arm-none-eabi/lib/thumb/v7e-m\libc.a(lib_a-closer.o)
 .ARM.attributes
                0x00000bf1       0x2e c:/program files (x86)/atmel/studio/7.0/toolchain/arm/arm-gnu-toolchain/bin/../lib/gcc/arm-none-eabi/6.3.1/../../../../arm-none-eabi/lib/thumb/v7e-m\libc.a(lib_a-ctype_.o)
 .ARM.attributes
                0x00000c1f       0x2e c:/program files (x86)/atmel/studio/7.0/toolchain/arm/arm-gnu-toolchain/bin/../lib/gcc/arm-none-eabi/6.3.1/../../../../arm-none-eabi/lib/thumb/v7e-m\libc.a(lib_a-fclose.o)
 .ARM.attributes
                0x00000c4d       0x2e c:/program files (x86)/atmel/studio/7.0/toolchain/arm/arm-gnu-toolchain/bin/../lib/gcc/arm-none-eabi/6.3.1/../../../../arm-none-eabi/lib/thumb/v7e-m\libc.a(lib_a-fstatr.o)
 .ARM.attributes
                0x00000c7b       0x2e c:/program files (x86)/atmel/studio/7.0/toolchain/arm/arm-gnu-toolchain/bin/../lib/gcc/arm-none-eabi/6.3.1/../../../../arm-none-eabi/lib/thumb/v7e-m\libc.a(lib_a-isattyr.o)
 .ARM.attributes
                0x00000ca9       0x2e c:/program files (x86)/atmel/studio/7.0/toolchain/arm/arm-gnu-toolchain/bin/../lib/gcc/arm-none-eabi/6.3.1/../../../../arm-none-eabi/lib/thumb/v7e-m\libc.a(lib_a-lseekr.o)
 .ARM.attributes
                0x00000cd7       0x2e c:/program files (x86)/atmel/studio/7.0/toolchain/arm/arm-gnu-toolchain/bin/../lib/gcc/arm-none-eabi/6.3.1/../../../../arm-none-eabi/lib/thumb/v7e-m\libc.a(lib_a-readr.o)
 .ARM.attributes
                0x00000d05       0x2e c:/program files (x86)/atmel/studio/7.0/toolchain/arm/arm-gnu-toolchain/bin/../lib/gcc/arm-none-eabi/6.3.1/../../../../arm-none-eabi/lib/thumb/v7e-m\libc.a(lib_a-reent.o)
 .ARM.attributes
                0x00000d33       0x1e c:/program files (x86)/atmel/studio/7.0/toolchain/arm/arm-gnu-toolchain/bin/../lib/gcc/arm-none-eabi/6.3.1/thumb/v7e-m\libgcc.a(_arm_muldivdf3.o)
 .ARM.attributes
                0x00000d51       0x1e c:/program files (x86)/atmel/studio/7.0/toolchain/arm/arm-gnu-toolchain/bin/../lib/gcc/arm-none-eabi/6.3.1/thumb/v7e-m\libgcc.a(_arm_cmpdf2.o)
 .ARM.attributes
                0x00000d6f       0x1e c:/program files (x86)/atmel/studio/7.0/toolchain/arm/arm-gnu-toolchain/bin/../lib/gcc/arm-none-eabi/6.3.1/thumb/v7e-m\libgcc.a(_arm_unorddf2.o)
 .ARM.attributes
                0x00000d8d       0x1e c:/program files (x86)/atmel/studio/7.0/toolchain/arm/arm-gnu-toolchain/bin/../lib/gcc/arm-none-eabi/6.3.1/thumb/v7e-m\libgcc.a(_arm_fixdfsi.o)
 .ARM.attributes
                0x00000dab       0x1e c:/program files (x86)/atmel/studio/7.0/toolchain/arm/arm-gnu-toolchain/bin/../lib/gcc/arm-none-eabi/6.3.1/thumb/v7e-m\libgcc.a(_aeabi_uldivmod.o)
 .ARM.attributes
                0x00000dc9       0x2e c:/program files (x86)/atmel/studio/7.0/toolchain/arm/arm-gnu-toolchain/bin/../lib/gcc/arm-none-eabi/6.3.1/thumb/v7e-m\libgcc.a(_udivmoddi4.o)
 .ARM.attributes
                0x00000df7       0x1e c:/program files (x86)/atmel/studio/7.0/toolchain/arm/arm-gnu-toolchain/bin/../lib/gcc/arm-none-eabi/6.3.1/thumb/v7e-m\libgcc.a(_dvmd_tls.o)
 .ARM.attributes
                0x00000e15       0x1e c:/program files (x86)/atmel/studio/7.0/toolchain/arm/arm-gnu-toolchain/bin/../lib/gcc/arm-none-eabi/6.3.1/thumb/v7e-m/crtn.o

.comment        0x00000000       0x59
 .comment       0x00000000       0x59 src/ASF/common/utils/stdio/read.o
                                 0x5a (size before relaxing)
 .comment       0x00000059       0x5a src/ASF/common/utils/stdio/write.o
 .comment       0x00000059       0x5a src/ASF/sam/drivers/pio/pio_handler.o
 .comment       0x00000059       0x5a src/ASF/sam/drivers/usart/usart.o
 .comment       0x00000059       0x5a src/ASF/sam/drivers/pio/pio.o
 .comment       0x00000059       0x5a src/ASF/sam/drivers/rtc/rtc.o
 .comment       0x00000059       0x5a src/ASF/sam/drivers/tc/tc.o
 .comment       0x00000059       0x5a src/ASF/sam/drivers/uart/uart.o
 .comment       0x00000059       0x5a src/ASF/common/services/clock/samg/sysclk.o
 .comment       0x00000059       0x5a src/ASF/common/utils/interrupt/interrupt_sam_nvic.o
 .comment       0x00000059       0x5a src/ASF/sam/boards/samg53_xplained_pro/board_init.o
 .comment       0x00000059       0x5a src/ASF/sam/drivers/pmc/pmc.o
 .comment       0x00000059       0x5a src/ASF/sam/utils/cmsis/samg/samg53/source/templates/exceptions.o
 .comment       0x00000059       0x5a src/ASF/sam/utils/cmsis/samg/samg53/source/templates/gcc/startup_samg53.o
 .comment       0x00000059       0x5a src/ASF/sam/utils/cmsis/samg/samg53/source/templates/system_samg53.o
 .comment       0x00000059       0x5a src/ASF/sam/utils/syscalls/gcc/syscalls.o
 .comment       0x00000059       0x5a src/main.o

.debug_info     0x00000000    0x13309
 .debug_info    0x00000000      0xac9 src/ASF/common/utils/stdio/read.o
 .debug_info    0x00000ac9      0xac6 src/ASF/common/utils/stdio/write.o
 .debug_info    0x0000158f     0x1782 src/ASF/sam/drivers/pio/pio_handler.o
 .debug_info    0x00002d11     0x1d94 src/ASF/sam/drivers/usart/usart.o
 .debug_info    0x00004aa5     0x1d43 src/ASF/sam/drivers/pio/pio.o
 .debug_info    0x000067e8     0x117a src/ASF/sam/drivers/rtc/rtc.o
 .debug_info    0x00007962     0x11e9 src/ASF/sam/drivers/tc/tc.o
 .debug_info    0x00008b4b     0x126d src/ASF/sam/drivers/uart/uart.o
 .debug_info    0x00009db8     0x10fa src/ASF/common/services/clock/samg/sysclk.o
 .debug_info    0x0000aeb2      0xb01 src/ASF/common/utils/interrupt/interrupt_sam_nvic.o
 .debug_info    0x0000b9b3     0x13f4 src/ASF/sam/boards/samg53_xplained_pro/board_init.o
 .debug_info    0x0000cda7     0x1933 src/ASF/sam/drivers/pmc/pmc.o
 .debug_info    0x0000e6da       0xdc src/ASF/sam/utils/cmsis/samg/samg53/source/templates/exceptions.o
 .debug_info    0x0000e7b6      0xebe src/ASF/sam/utils/cmsis/samg/samg53/source/templates/gcc/startup_samg53.o
 .debug_info    0x0000f674      0x490 src/ASF/sam/utils/cmsis/samg/samg53/source/templates/system_samg53.o
 .debug_info    0x0000fb04      0xdb0 src/ASF/sam/utils/syscalls/gcc/syscalls.o
 .debug_info    0x000108b4     0x2a55 src/main.o

.debug_abbrev   0x00000000     0x2e02
 .debug_abbrev  0x00000000      0x1fe src/ASF/common/utils/stdio/read.o
 .debug_abbrev  0x000001fe      0x1e9 src/ASF/common/utils/stdio/write.o
 .debug_abbrev  0x000003e7      0x336 src/ASF/sam/drivers/pio/pio_handler.o
 .debug_abbrev  0x0000071d      0x406 src/ASF/sam/drivers/usart/usart.o
 .debug_abbrev  0x00000b23      0x3ee src/ASF/sam/drivers/pio/pio.o
 .debug_abbrev  0x00000f11      0x2e3 src/ASF/sam/drivers/rtc/rtc.o
 .debug_abbrev  0x000011f4      0x2a0 src/ASF/sam/drivers/tc/tc.o
 .debug_abbrev  0x00001494      0x297 src/ASF/sam/drivers/uart/uart.o
 .debug_abbrev  0x0000172b      0x322 src/ASF/common/services/clock/samg/sysclk.o
 .debug_abbrev  0x00001a4d      0x212 src/ASF/common/utils/interrupt/interrupt_sam_nvic.o
 .debug_abbrev  0x00001c5f      0x2e4 src/ASF/sam/boards/samg53_xplained_pro/board_init.o
 .debug_abbrev  0x00001f43      0x35c src/ASF/sam/drivers/pmc/pmc.o
 .debug_abbrev  0x0000229f       0x7d src/ASF/sam/utils/cmsis/samg/samg53/source/templates/exceptions.o
 .debug_abbrev  0x0000231c      0x2ae src/ASF/sam/utils/cmsis/samg/samg53/source/templates/gcc/startup_samg53.o
 .debug_abbrev  0x000025ca      0x102 src/ASF/sam/utils/cmsis/samg/samg53/source/templates/system_samg53.o
 .debug_abbrev  0x000026cc      0x264 src/ASF/sam/utils/syscalls/gcc/syscalls.o
 .debug_abbrev  0x00002930      0x4d2 src/main.o

.debug_loc      0x00000000     0x455b
 .debug_loc     0x00000000       0xb3 src/ASF/common/utils/stdio/read.o
 .debug_loc     0x000000b3      0x12b src/ASF/common/utils/stdio/write.o
 .debug_loc     0x000001de      0x529 src/ASF/sam/drivers/pio/pio_handler.o
 .debug_loc     0x00000707      0xc99 src/ASF/sam/drivers/usart/usart.o
 .debug_loc     0x000013a0      0xb3d src/ASF/sam/drivers/pio/pio.o
 .debug_loc     0x00001edd      0x9ad src/ASF/sam/drivers/rtc/rtc.o
 .debug_loc     0x0000288a      0x562 src/ASF/sam/drivers/tc/tc.o
 .debug_loc     0x00002dec      0x2f5 src/ASF/sam/drivers/uart/uart.o
 .debug_loc     0x000030e1      0x12a src/ASF/common/services/clock/samg/sysclk.o
 .debug_loc     0x0000320b      0x13c src/ASF/sam/boards/samg53_xplained_pro/board_init.o
 .debug_loc     0x00003347      0xa10 src/ASF/sam/drivers/pmc/pmc.o
 .debug_loc     0x00003d57       0x77 src/ASF/sam/utils/cmsis/samg/samg53/source/templates/gcc/startup_samg53.o
 .debug_loc     0x00003dce       0xfd src/ASF/sam/utils/syscalls/gcc/syscalls.o
 .debug_loc     0x00003ecb      0x690 src/main.o

.debug_aranges  0x00000000      0x990
 .debug_aranges
                0x00000000       0x20 src/ASF/common/utils/stdio/read.o
 .debug_aranges
                0x00000020       0x20 src/ASF/common/utils/stdio/write.o
 .debug_aranges
                0x00000040       0x48 src/ASF/sam/drivers/pio/pio_handler.o
 .debug_aranges
                0x00000088      0x1b8 src/ASF/sam/drivers/usart/usart.o
 .debug_aranges
                0x00000240      0x160 src/ASF/sam/drivers/pio/pio.o
 .debug_aranges
                0x000003a0       0xc8 src/ASF/sam/drivers/rtc/rtc.o
 .debug_aranges
                0x00000468       0xb0 src/ASF/sam/drivers/tc/tc.o
 .debug_aranges
                0x00000518       0xf8 src/ASF/sam/drivers/uart/uart.o
 .debug_aranges
                0x00000610       0x30 src/ASF/common/services/clock/samg/sysclk.o
 .debug_aranges
                0x00000640       0x28 src/ASF/common/utils/interrupt/interrupt_sam_nvic.o
 .debug_aranges
                0x00000668       0x20 src/ASF/sam/boards/samg53_xplained_pro/board_init.o
 .debug_aranges
                0x00000688      0x1d8 src/ASF/sam/drivers/pmc/pmc.o
 .debug_aranges
                0x00000860       0x20 src/ASF/sam/utils/cmsis/samg/samg53/source/templates/exceptions.o
 .debug_aranges
                0x00000880       0x20 src/ASF/sam/utils/cmsis/samg/samg53/source/templates/gcc/startup_samg53.o
 .debug_aranges
                0x000008a0       0x30 src/ASF/sam/utils/cmsis/samg/samg53/source/templates/system_samg53.o
 .debug_aranges
                0x000008d0       0x60 src/ASF/sam/utils/syscalls/gcc/syscalls.o
 .debug_aranges
                0x00000930       0x60 src/main.o

.debug_ranges   0x00000000      0x8b0
 .debug_ranges  0x00000000       0x10 src/ASF/common/utils/stdio/read.o
 .debug_ranges  0x00000010       0x10 src/ASF/common/utils/stdio/write.o
 .debug_ranges  0x00000020       0x50 src/ASF/sam/drivers/pio/pio_handler.o
 .debug_ranges  0x00000070      0x1a8 src/ASF/sam/drivers/usart/usart.o
 .debug_ranges  0x00000218      0x168 src/ASF/sam/drivers/pio/pio.o
 .debug_ranges  0x00000380       0xb8 src/ASF/sam/drivers/rtc/rtc.o
 .debug_ranges  0x00000438       0xa0 src/ASF/sam/drivers/tc/tc.o
 .debug_ranges  0x000004d8       0xe8 src/ASF/sam/drivers/uart/uart.o
 .debug_ranges  0x000005c0       0x20 src/ASF/common/services/clock/samg/sysclk.o
 .debug_ranges  0x000005e0       0x18 src/ASF/common/utils/interrupt/interrupt_sam_nvic.o
 .debug_ranges  0x000005f8       0x10 src/ASF/sam/boards/samg53_xplained_pro/board_init.o
 .debug_ranges  0x00000608      0x1c8 src/ASF/sam/drivers/pmc/pmc.o
 .debug_ranges  0x000007d0       0x10 src/ASF/sam/utils/cmsis/samg/samg53/source/templates/exceptions.o
 .debug_ranges  0x000007e0       0x10 src/ASF/sam/utils/cmsis/samg/samg53/source/templates/gcc/startup_samg53.o
 .debug_ranges  0x000007f0       0x20 src/ASF/sam/utils/cmsis/samg/samg53/source/templates/system_samg53.o
 .debug_ranges  0x00000810       0x50 src/ASF/sam/utils/syscalls/gcc/syscalls.o
 .debug_ranges  0x00000860       0x50 src/main.o

.debug_macro    0x00000000     0x5999
 .debug_macro   0x00000000      0x4b6 src/ASF/common/utils/stdio/read.o
 .debug_macro   0x000004b6      0x4b6 src/ASF/common/utils/stdio/write.o
 .debug_macro   0x0000096c      0x4d5 src/ASF/sam/drivers/pio/pio_handler.o
 .debug_macro   0x00000e41       0x8e src/ASF/sam/drivers/pio/pio_handler.o
 .debug_macro   0x00000ecf      0x4fb src/ASF/sam/drivers/usart/usart.o
 .debug_macro   0x000013ca       0x28 src/ASF/sam/drivers/usart/usart.o
 .debug_macro   0x000013f2      0x4cb src/ASF/sam/drivers/pio/pio.o
 .debug_macro   0x000018bd      0x4d8 src/ASF/sam/drivers/rtc/rtc.o
 .debug_macro   0x00001d95      0x4cc src/ASF/sam/drivers/tc/tc.o
 .debug_macro   0x00002261       0x52 src/ASF/sam/drivers/tc/tc.o
 .debug_macro   0x000022b3       0x8d src/ASF/sam/drivers/tc/tc.o
 .debug_macro   0x00002340       0x16 src/ASF/sam/drivers/tc/tc.o
 .debug_macro   0x00002356       0x57 src/ASF/sam/drivers/tc/tc.o
 .debug_macro   0x000023ad       0x1c src/ASF/sam/drivers/tc/tc.o
 .debug_macro   0x000023c9      0x4c5 src/ASF/sam/drivers/uart/uart.o
 .debug_macro   0x0000288e       0x16 src/ASF/sam/drivers/uart/uart.o
 .debug_macro   0x000028a4      0x548 src/ASF/common/services/clock/samg/sysclk.o
 .debug_macro   0x00002dec      0x2c0 src/ASF/common/services/clock/samg/sysclk.o
 .debug_macro   0x000030ac       0x9a src/ASF/common/services/clock/samg/sysclk.o
 .debug_macro   0x00003146      0x4b6 src/ASF/common/utils/interrupt/interrupt_sam_nvic.o
 .debug_macro   0x000035fc      0x555 src/ASF/sam/boards/samg53_xplained_pro/board_init.o
 .debug_macro   0x00003b51       0x82 src/ASF/sam/boards/samg53_xplained_pro/board_init.o
 .debug_macro   0x00003bd3      0x4cb src/ASF/sam/drivers/pmc/pmc.o
 .debug_macro   0x0000409e       0x52 src/ASF/sam/drivers/pmc/pmc.o
 .debug_macro   0x000040f0      0x2bd src/ASF/sam/utils/cmsis/samg/samg53/source/templates/exceptions.o
 .debug_macro   0x000043ad      0x4dd src/ASF/sam/utils/cmsis/samg/samg53/source/templates/gcc/startup_samg53.o
 .debug_macro   0x0000488a       0x10 src/ASF/sam/utils/cmsis/samg/samg53/source/templates/gcc/startup_samg53.o
 .debug_macro   0x0000489a      0x2cf src/ASF/sam/utils/cmsis/samg/samg53/source/templates/system_samg53.o
 .debug_macro   0x00004b69       0x2d src/ASF/sam/utils/cmsis/samg/samg53/source/templates/system_samg53.o
 .debug_macro   0x00004b96      0x1d6 src/ASF/sam/utils/syscalls/gcc/syscalls.o
 .debug_macro   0x00004d6c       0x97 src/ASF/sam/utils/syscalls/gcc/syscalls.o
 .debug_macro   0x00004e03       0xf6 src/ASF/sam/utils/syscalls/gcc/syscalls.o
 .debug_macro   0x00004ef9       0x4c src/ASF/sam/utils/syscalls/gcc/syscalls.o
 .debug_macro   0x00004f45       0x16 src/ASF/sam/utils/syscalls/gcc/syscalls.o
 .debug_macro   0x00004f5b       0x10 src/ASF/sam/utils/syscalls/gcc/syscalls.o
 .debug_macro   0x00004f6b       0x10 src/ASF/sam/utils/syscalls/gcc/syscalls.o
 .debug_macro   0x00004f7b       0x35 src/ASF/sam/utils/syscalls/gcc/syscalls.o
 .debug_macro   0x00004fb0      0x122 src/ASF/sam/utils/syscalls/gcc/syscalls.o
 .debug_macro   0x000050d2      0x6d8 src/main.o
 .debug_macro   0x000057aa       0x28 src/main.o
 .debug_macro   0x000057d2       0x23 src/main.o
 .debug_macro   0x000057f5       0x94 src/main.o
 .debug_macro   0x00005889       0x40 src/main.o
 .debug_macro   0x000058c9       0x88 src/main.o
 .debug_macro   0x00005951       0x16 src/main.o
 .debug_macro   0x00005967       0x1c src/main.o
 .debug_macro   0x00005983       0x16 src/main.o

.debug_line     0x00000000     0xc0b6
 .debug_line    0x00000000      0xa3c src/ASF/common/utils/stdio/read.o
 .debug_line    0x00000a3c      0xa34 src/ASF/common/utils/stdio/write.o
 .debug_line    0x00001470      0xadf src/ASF/sam/drivers/pio/pio_handler.o
 .debug_line    0x00001f4f      0xee0 src/ASF/sam/drivers/usart/usart.o
 .debug_line    0x00002e2f      0xdff src/ASF/sam/drivers/pio/pio.o
 .debug_line    0x00003c2e      0xc67 src/ASF/sam/drivers/rtc/rtc.o
 .debug_line    0x00004895      0xb94 src/ASF/sam/drivers/tc/tc.o
 .debug_line    0x00005429      0xc18 src/ASF/sam/drivers/uart/uart.o
 .debug_line    0x00006041      0xbdf src/ASF/common/services/clock/samg/sysclk.o
 .debug_line    0x00006c20      0xa56 src/ASF/common/utils/interrupt/interrupt_sam_nvic.o
 .debug_line    0x00007676      0xbdd src/ASF/sam/boards/samg53_xplained_pro/board_init.o
 .debug_line    0x00008253      0xf3e src/ASF/sam/drivers/pmc/pmc.o
 .debug_line    0x00009191      0x7b8 src/ASF/sam/utils/cmsis/samg/samg53/source/templates/exceptions.o
 .debug_line    0x00009949      0xacf src/ASF/sam/utils/cmsis/samg/samg53/source/templates/gcc/startup_samg53.o
 .debug_line    0x0000a418      0x804 src/ASF/sam/utils/cmsis/samg/samg53/source/templates/system_samg53.o
 .debug_line    0x0000ac1c      0x40b src/ASF/sam/utils/syscalls/gcc/syscalls.o
 .debug_line    0x0000b027     0x108f src/main.o

.debug_str      0x00000000    0x44925
 .debug_str     0x00000000    0x3cd31 src/ASF/common/utils/stdio/read.o
                              0x3d090 (size before relaxing)
 .debug_str     0x0003cd31       0x2e src/ASF/common/utils/stdio/write.o
                              0x3d091 (size before relaxing)
 .debug_str     0x0003cd5f      0xae1 src/ASF/sam/drivers/pio/pio_handler.o
                              0x3db89 (size before relaxing)
 .debug_str     0x0003d840      0x88e src/ASF/sam/drivers/usart/usart.o
                              0x3d935 (size before relaxing)
 .debug_str     0x0003e0ce      0x3ab src/ASF/sam/drivers/pio/pio.o
                              0x3da78 (size before relaxing)
 .debug_str     0x0003e479      0x383 src/ASF/sam/drivers/rtc/rtc.o
                              0x3d416 (size before relaxing)
 .debug_str     0x0003e7fc      0x26f src/ASF/sam/drivers/tc/tc.o
                              0x3d3ac (size before relaxing)
 .debug_str     0x0003ea6b      0x3a6 src/ASF/sam/drivers/uart/uart.o
                              0x3d4cc (size before relaxing)
 .debug_str     0x0003ee11     0x3889 src/ASF/common/services/clock/samg/sysclk.o
                              0x40979 (size before relaxing)
 .debug_str     0x0004269a       0x94 src/ASF/common/utils/interrupt/interrupt_sam_nvic.o
                              0x3d0e7 (size before relaxing)
 .debug_str     0x0004272e      0x5ab src/ASF/sam/boards/samg53_xplained_pro/board_init.o
                              0x40c1a (size before relaxing)
 .debug_str     0x00042cd9      0x57e src/ASF/sam/drivers/pmc/pmc.o
                              0x3da6e (size before relaxing)
 .debug_str     0x00043257       0x6a src/ASF/sam/utils/cmsis/samg/samg53/source/templates/exceptions.o
                              0x2d690 (size before relaxing)
 .debug_str     0x000432c1      0x1d4 src/ASF/sam/utils/cmsis/samg/samg53/source/templates/gcc/startup_samg53.o
                              0x3d2e9 (size before relaxing)
 .debug_str     0x00043495      0x189 src/ASF/sam/utils/cmsis/samg/samg53/source/templates/system_samg53.o
                              0x2d94c (size before relaxing)
 .debug_str     0x0004361e      0x774 src/ASF/sam/utils/syscalls/gcc/syscalls.o
                               0x7462 (size before relaxing)
 .debug_str     0x00043d92      0xb93 src/main.o
                              0x4269f (size before relaxing)

.debug_frame    0x00000000     0x27b4
 .debug_frame   0x00000000       0x30 src/ASF/common/utils/stdio/read.o
 .debug_frame   0x00000030       0x48 src/ASF/common/utils/stdio/write.o
 .debug_frame   0x00000078       0xc8 src/ASF/sam/drivers/pio/pio_handler.o
 .debug_frame   0x00000140      0x3d4 src/ASF/sam/drivers/usart/usart.o
 .debug_frame   0x00000514      0x2f4 src/ASF/sam/drivers/pio/pio.o
 .debug_frame   0x00000808      0x1e0 src/ASF/sam/drivers/rtc/rtc.o
 .debug_frame   0x000009e8      0x168 src/ASF/sam/drivers/tc/tc.o
 .debug_frame   0x00000b50      0x1dc src/ASF/sam/drivers/uart/uart.o
 .debug_frame   0x00000d2c       0x58 src/ASF/common/services/clock/samg/sysclk.o
 .debug_frame   0x00000d84       0x30 src/ASF/common/utils/interrupt/interrupt_sam_nvic.o
 .debug_frame   0x00000db4       0x28 src/ASF/sam/boards/samg53_xplained_pro/board_init.o
 .debug_frame   0x00000ddc      0x3a4 src/ASF/sam/drivers/pmc/pmc.o
 .debug_frame   0x00001180       0x20 src/ASF/sam/utils/cmsis/samg/samg53/source/templates/exceptions.o
 .debug_frame   0x000011a0       0x28 src/ASF/sam/utils/cmsis/samg/samg53/source/templates/gcc/startup_samg53.o
 .debug_frame   0x000011c8       0x40 src/ASF/sam/utils/cmsis/samg/samg53/source/templates/system_samg53.o
 .debug_frame   0x00001208       0xa0 src/ASF/sam/utils/syscalls/gcc/syscalls.o
 .debug_frame   0x000012a8      0x100 src/main.o
 .debug_frame   0x000013a8       0xac c:/program files (x86)/atmel/studio/7.0/toolchain/arm/arm-gnu-toolchain/bin/../lib/gcc/arm-none-eabi/6.3.1/thumb/v7e-m\libgcc.a(_arm_addsubdf3.o)
 .debug_frame   0x00001454       0x2c c:/program files (x86)/atmel/studio/7.0/toolchain/arm/arm-gnu-toolchain/bin/../lib/gcc/arm-none-eabi/6.3.1/../../../../arm-none-eabi/lib/thumb/v7e-m\libc.a(lib_a-init.o)
 .debug_frame   0x00001480       0x74 c:/program files (x86)/atmel/studio/7.0/toolchain/arm/arm-gnu-toolchain/bin/../lib/gcc/arm-none-eabi/6.3.1/../../../../arm-none-eabi/lib/thumb/v7e-m\libc.a(lib_a-iprintf.o)
 .debug_frame   0x000014f4       0x34 c:/program files (x86)/atmel/studio/7.0/toolchain/arm/arm-gnu-toolchain/bin/../lib/gcc/arm-none-eabi/6.3.1/../../../../arm-none-eabi/lib/thumb/v7e-m\libc.a(lib_a-memset.o)
 .debug_frame   0x00001528       0x4c c:/program files (x86)/atmel/studio/7.0/toolchain/arm/arm-gnu-toolchain/bin/../lib/gcc/arm-none-eabi/6.3.1/../../../../arm-none-eabi/lib/thumb/v7e-m\libc.a(lib_a-puts.o)
 .debug_frame   0x00001574       0x20 c:/program files (x86)/atmel/studio/7.0/toolchain/arm/arm-gnu-toolchain/bin/../lib/gcc/arm-none-eabi/6.3.1/../../../../arm-none-eabi/lib/thumb/v7e-m\libc.a(lib_a-setbuf.o)
 .debug_frame   0x00001594       0x48 c:/program files (x86)/atmel/studio/7.0/toolchain/arm/arm-gnu-toolchain/bin/../lib/gcc/arm-none-eabi/6.3.1/../../../../arm-none-eabi/lib/thumb/v7e-m\libc.a(lib_a-setvbuf.o)
 .debug_frame   0x000015dc       0x84 c:/program files (x86)/atmel/studio/7.0/toolchain/arm/arm-gnu-toolchain/bin/../lib/gcc/arm-none-eabi/6.3.1/../../../../arm-none-eabi/lib/thumb/v7e-m\libc.a(lib_a-sprintf.o)
 .debug_frame   0x00001660       0x40 c:/program files (x86)/atmel/studio/7.0/toolchain/arm/arm-gnu-toolchain/bin/../lib/gcc/arm-none-eabi/6.3.1/../../../../arm-none-eabi/lib/thumb/v7e-m\libc.a(lib_a-svfprintf.o)
 .debug_frame   0x000016a0       0xd8 c:/program files (x86)/atmel/studio/7.0/toolchain/arm/arm-gnu-toolchain/bin/../lib/gcc/arm-none-eabi/6.3.1/../../../../arm-none-eabi/lib/thumb/v7e-m\libc.a(lib_a-vfiprintf.o)
 .debug_frame   0x00001778       0x2c c:/program files (x86)/atmel/studio/7.0/toolchain/arm/arm-gnu-toolchain/bin/../lib/gcc/arm-none-eabi/6.3.1/../../../../arm-none-eabi/lib/thumb/v7e-m\libc.a(lib_a-wsetup.o)
 .debug_frame   0x000017a4       0x5c c:/program files (x86)/atmel/studio/7.0/toolchain/arm/arm-gnu-toolchain/bin/../lib/gcc/arm-none-eabi/6.3.1/../../../../arm-none-eabi/lib/thumb/v7e-m\libc.a(lib_a-__call_atexit.o)
 .debug_frame   0x00001800       0x20 c:/program files (x86)/atmel/studio/7.0/toolchain/arm/arm-gnu-toolchain/bin/../lib/gcc/arm-none-eabi/6.3.1/../../../../arm-none-eabi/lib/thumb/v7e-m\libc.a(lib_a-atexit.o)
 .debug_frame   0x00001820       0x88 c:/program files (x86)/atmel/studio/7.0/toolchain/arm/arm-gnu-toolchain/bin/../lib/gcc/arm-none-eabi/6.3.1/../../../../arm-none-eabi/lib/thumb/v7e-m\libc.a(lib_a-dtoa.o)
 .debug_frame   0x000018a8       0x5c c:/program files (x86)/atmel/studio/7.0/toolchain/arm/arm-gnu-toolchain/bin/../lib/gcc/arm-none-eabi/6.3.1/../../../../arm-none-eabi/lib/thumb/v7e-m\libc.a(lib_a-fflush.o)
 .debug_frame   0x00001904      0x148 c:/program files (x86)/atmel/studio/7.0/toolchain/arm/arm-gnu-toolchain/bin/../lib/gcc/arm-none-eabi/6.3.1/../../../../arm-none-eabi/lib/thumb/v7e-m\libc.a(lib_a-findfp.o)
 .debug_frame   0x00001a4c       0x34 c:/program files (x86)/atmel/studio/7.0/toolchain/arm/arm-gnu-toolchain/bin/../lib/gcc/arm-none-eabi/6.3.1/../../../../arm-none-eabi/lib/thumb/v7e-m\libc.a(lib_a-fini.o)
 .debug_frame   0x00001a80       0x94 c:/program files (x86)/atmel/studio/7.0/toolchain/arm/arm-gnu-toolchain/bin/../lib/gcc/arm-none-eabi/6.3.1/../../../../arm-none-eabi/lib/thumb/v7e-m\libc.a(lib_a-fputwc.o)
 .debug_frame   0x00001b14       0x74 c:/program files (x86)/atmel/studio/7.0/toolchain/arm/arm-gnu-toolchain/bin/../lib/gcc/arm-none-eabi/6.3.1/../../../../arm-none-eabi/lib/thumb/v7e-m\libc.a(lib_a-freer.o)
 .debug_frame   0x00001b88       0x68 c:/program files (x86)/atmel/studio/7.0/toolchain/arm/arm-gnu-toolchain/bin/../lib/gcc/arm-none-eabi/6.3.1/../../../../arm-none-eabi/lib/thumb/v7e-m\libc.a(lib_a-fvwrite.o)
 .debug_frame   0x00001bf0       0x54 c:/program files (x86)/atmel/studio/7.0/toolchain/arm/arm-gnu-toolchain/bin/../lib/gcc/arm-none-eabi/6.3.1/../../../../arm-none-eabi/lib/thumb/v7e-m\libc.a(lib_a-fwalk.o)
 .debug_frame   0x00001c44       0x6c c:/program files (x86)/atmel/studio/7.0/toolchain/arm/arm-gnu-toolchain/bin/../lib/gcc/arm-none-eabi/6.3.1/../../../../arm-none-eabi/lib/thumb/v7e-m\libc.a(lib_a-locale.o)
 .debug_frame   0x00001cb0       0x40 c:/program files (x86)/atmel/studio/7.0/toolchain/arm/arm-gnu-toolchain/bin/../lib/gcc/arm-none-eabi/6.3.1/../../../../arm-none-eabi/lib/thumb/v7e-m\libc.a(lib_a-localeconv.o)
 .debug_frame   0x00001cf0       0xb0 c:/program files (x86)/atmel/studio/7.0/toolchain/arm/arm-gnu-toolchain/bin/../lib/gcc/arm-none-eabi/6.3.1/../../../../arm-none-eabi/lib/thumb/v7e-m\libc.a(lib_a-lock.o)